nohup: ignoring input
/home/jupyter-st126316/Myanmar-OCR-Project/.venv/lib/python3.12/site-packages/paddle/utils/cpp_extension/extension_utils.py:711: UserWarning: No ccache found. Please be aware that recompiling all source files may be required. You can download and install ccache from: https://github.com/ccache/ccache/blob/master/doc/INSTALL.md
  warnings.warn(warning_message)
Skipping import of the encryption module.
[2026/07/06 05:52:00] ppocr INFO: Architecture : 
[2026/07/06 05:52:00] ppocr INFO:     Backbone : 
[2026/07/06 05:52:00] ppocr INFO:         model_name : large
[2026/07/06 05:52:00] ppocr INFO:         name : MobileNetV3
[2026/07/06 05:52:00] ppocr INFO:         scale : 0.5
[2026/07/06 05:52:00] ppocr INFO:     Head : 
[2026/07/06 05:52:00] ppocr INFO:         fc_decay : 0
[2026/07/06 05:52:00] ppocr INFO:         name : CTCHead
[2026/07/06 05:52:00] ppocr INFO:     Neck : 
[2026/07/06 05:52:00] ppocr INFO:         encoder_type : rnn
[2026/07/06 05:52:00] ppocr INFO:         hidden_size : 96
[2026/07/06 05:52:00] ppocr INFO:         name : SequenceEncoder
[2026/07/06 05:52:00] ppocr INFO:     Transform : None
[2026/07/06 05:52:00] ppocr INFO:     algorithm : CRNN
[2026/07/06 05:52:00] ppocr INFO:     model_type : rec
[2026/07/06 05:52:00] ppocr INFO: Eval : 
[2026/07/06 05:52:00] ppocr INFO:     dataset : 
[2026/07/06 05:52:00] ppocr INFO:         data_dir : /home/jupyter-st126316/Myanmar-OCR-Project/data/myocr
[2026/07/06 05:52:00] ppocr INFO:         label_file_list : ['/home/jupyter-st126316/Myanmar-OCR-Project/data/myocr/myocr_test.txt']
[2026/07/06 05:52:00] ppocr INFO:         name : SimpleDataSet
[2026/07/06 05:52:00] ppocr INFO:         transforms : 
[2026/07/06 05:52:00] ppocr INFO:             DecodeImage : 
[2026/07/06 05:52:00] ppocr INFO:                 channel_first : False
[2026/07/06 05:52:00] ppocr INFO:                 img_mode : BGR
[2026/07/06 05:52:00] ppocr INFO:             CTCLabelEncode : None
[2026/07/06 05:52:00] ppocr INFO:             RecResizeImg : 
[2026/07/06 05:52:00] ppocr INFO:                 image_shape : [3, 32, 100]
[2026/07/06 05:52:00] ppocr INFO:             KeepKeys : 
[2026/07/06 05:52:00] ppocr INFO:                 keep_keys : ['image', 'label', 'length']
[2026/07/06 05:52:00] ppocr INFO:     loader : 
[2026/07/06 05:52:00] ppocr INFO:         batch_size_per_card : 32
[2026/07/06 05:52:00] ppocr INFO:         drop_last : False
[2026/07/06 05:52:00] ppocr INFO:         num_workers : 4
[2026/07/06 05:52:00] ppocr INFO:         shuffle : False
[2026/07/06 05:52:00] ppocr INFO: Global : 
[2026/07/06 05:52:00] ppocr INFO:     cal_metric_during_train : True
[2026/07/06 05:52:00] ppocr INFO:     character_dict_path : /home/jupyter-st126316/Myanmar-OCR-Project/data/chn_subset_20k_backup/myanmar_dict.txt
[2026/07/06 05:52:00] ppocr INFO:     checkpoints : None
[2026/07/06 05:52:00] ppocr INFO:     distributed : False
[2026/07/06 05:52:00] ppocr INFO:     epoch_num : 10
[2026/07/06 05:52:00] ppocr INFO:     eval_batch_step : [0, 1000]
[2026/07/06 05:52:00] ppocr INFO:     infer_img : doc/imgs_words_en/word_10.png
[2026/07/06 05:52:00] ppocr INFO:     infer_mode : False
[2026/07/06 05:52:00] ppocr INFO:     log_smooth_window : 20
[2026/07/06 05:52:00] ppocr INFO:     max_text_length : 120
[2026/07/06 05:52:00] ppocr INFO:     pretrained_model : /home/jupyter-st126316/Myanmar-OCR-Project/outputs/puffer_2080ti_scaled_20k/best_accuracy
[2026/07/06 05:52:00] ppocr INFO:     print_batch_step : 10
[2026/07/06 05:52:00] ppocr INFO:     save_epoch_step : 3
[2026/07/06 05:52:00] ppocr INFO:     save_inference_dir : None
[2026/07/06 05:52:00] ppocr INFO:     save_model_dir : /home/jupyter-st126316/Myanmar-OCR-Project/outputs/puffer_2080ti_20k_finetune_myocr
[2026/07/06 05:52:00] ppocr INFO:     save_res_path : ./output/rec/predicts_mv3_none_bilstm_ctc.txt
[2026/07/06 05:52:00] ppocr INFO:     use_gpu : True
[2026/07/06 05:52:00] ppocr INFO:     use_space_char : True
[2026/07/06 05:52:00] ppocr INFO:     use_visualdl : False
[2026/07/06 05:52:00] ppocr INFO: Loss : 
[2026/07/06 05:52:00] ppocr INFO:     name : CTCLoss
[2026/07/06 05:52:00] ppocr INFO: Metric : 
[2026/07/06 05:52:00] ppocr INFO:     main_indicator : acc
[2026/07/06 05:52:00] ppocr INFO:     name : RecMetric
[2026/07/06 05:52:00] ppocr INFO: Optimizer : 
[2026/07/06 05:52:00] ppocr INFO:     beta1 : 0.9
[2026/07/06 05:52:00] ppocr INFO:     beta2 : 0.999
[2026/07/06 05:52:00] ppocr INFO:     lr : 
[2026/07/06 05:52:00] ppocr INFO:         learning_rate : 0.0005
[2026/07/06 05:52:00] ppocr INFO:     name : Adam
[2026/07/06 05:52:00] ppocr INFO:     regularizer : 
[2026/07/06 05:52:00] ppocr INFO:         factor : 0
[2026/07/06 05:52:00] ppocr INFO:         name : L2
[2026/07/06 05:52:00] ppocr INFO: PostProcess : 
[2026/07/06 05:52:00] ppocr INFO:     name : CTCLabelDecode
[2026/07/06 05:52:00] ppocr INFO: Train : 
[2026/07/06 05:52:00] ppocr INFO:     dataset : 
[2026/07/06 05:52:00] ppocr INFO:         data_dir : /home/jupyter-st126316/Myanmar-OCR-Project/data/myocr
[2026/07/06 05:52:00] ppocr INFO:         label_file_list : ['/home/jupyter-st126316/Myanmar-OCR-Project/data/myocr/myocr_finetune.txt']
[2026/07/06 05:52:00] ppocr INFO:         name : SimpleDataSet
[2026/07/06 05:52:00] ppocr INFO:         transforms : 
[2026/07/06 05:52:00] ppocr INFO:             DecodeImage : 
[2026/07/06 05:52:00] ppocr INFO:                 channel_first : False
[2026/07/06 05:52:00] ppocr INFO:                 img_mode : BGR
[2026/07/06 05:52:00] ppocr INFO:             CTCLabelEncode : None
[2026/07/06 05:52:00] ppocr INFO:             RecResizeImg : 
[2026/07/06 05:52:00] ppocr INFO:                 image_shape : [3, 32, 100]
[2026/07/06 05:52:00] ppocr INFO:             KeepKeys : 
[2026/07/06 05:52:00] ppocr INFO:                 keep_keys : ['image', 'label', 'length']
[2026/07/06 05:52:00] ppocr INFO:     loader : 
[2026/07/06 05:52:00] ppocr INFO:         batch_size_per_card : 32
[2026/07/06 05:52:00] ppocr INFO:         drop_last : True
[2026/07/06 05:52:00] ppocr INFO:         num_workers : 8
[2026/07/06 05:52:00] ppocr INFO:         shuffle : False
[2026/07/06 05:52:00] ppocr INFO: profiler_options : None
[2026/07/06 05:52:00] ppocr INFO: train with paddle 3.0.0 and device Place(gpu:0)
[2026/07/06 05:52:00] ppocr INFO: Initialize indexs of datasets:['/home/jupyter-st126316/Myanmar-OCR-Project/data/myocr/myocr_finetune.txt']
[2026/07/06 05:52:00] ppocr INFO: Initialize indexs of datasets:['/home/jupyter-st126316/Myanmar-OCR-Project/data/myocr/myocr_test.txt']
W0706 05:52:00.305015 4023581 gpu_resources.cc:119] Please NOTE: device: 0, GPU Compute Capability: 7.5, Driver API Version: 12.4, Runtime API Version: 11.8
W0706 05:52:00.306057 4023581 gpu_resources.cc:164] device: 0, cuDNN Version: 8.9.
W0706 05:52:00.516145 4023581 dynamic_loader.cc:346] The third-party dynamic library (libcuda.so) that Paddle depends on is not configured correctly. (error code is libcuda.so: cannot open shared object file: No such file or directory)
  Suggestions:
  1. Check if the third-party dynamic library (e.g. CUDA, CUDNN) is installed correctly and its version is matched with paddlepaddle you installed.
  2. Configure third-party dynamic library environment variables as follows:
  - Linux: set LD_LIBRARY_PATH by `export LD_LIBRARY_PATH=...`
  - Windows: set PATH by `set PATH=XXX;%PATH%`
  - Mac: set  DYLD_LIBRARY_PATH by `export DYLD_LIBRARY_PATH=...` [Note: After Mac OS 10.11, using the DYLD_LIBRARY_PATH is impossible unless System Integrity Protection (SIP) is disabled.]
[2026/07/06 05:52:00] ppocr INFO: train dataloader has 239 iters
[2026/07/06 05:52:00] ppocr INFO: valid dataloader has 85 iters
[2026/07/06 05:52:00] ppocr INFO: load pretrain successful from /home/jupyter-st126316/Myanmar-OCR-Project/outputs/puffer_2080ti_scaled_20k/best_accuracy
[2026/07/06 05:52:00] ppocr INFO: During the training process, after the 0th iteration, an evaluation is run every 1000 iterations
W0706 05:52:01.050657 4023581 gpu_resources.cc:306] WARNING: device: 0. The installed Paddle is compiled with CUDNN 8.9, but CUDNN version in your machine is 8.9, which may cause serious incompatible bug. Please recompile or reinstall Paddle with compatible CUDNN version.
[2026/07/06 05:52:02] ppocr INFO: epoch: [1/10], global_step: 10, lr: 0.000500, acc: 0.000000, norm_edit_dis: 0.286885, loss: 13.735181, avg_reader_cost: 0.03965 s, avg_batch_cost: 0.13483 s, avg_samples: 32.0, ips: 237.32756 samples/s, eta: 0:05:20, max_mem_reserved: 481 MB, max_mem_allocated: 456 MB
[2026/07/06 05:52:02] ppocr INFO: epoch: [1/10], global_step: 20, lr: 0.000500, acc: 0.000000, norm_edit_dis: 0.279914, loss: 12.927778, avg_reader_cost: 0.00091 s, avg_batch_cost: 0.05038 s, avg_samples: 32.0, ips: 635.11088 samples/s, eta: 0:03:39, max_mem_reserved: 481 MB, max_mem_allocated: 456 MB
[2026/07/06 05:52:02] ppocr INFO: epoch: [1/10], global_step: 30, lr: 0.000500, acc: 0.000000, norm_edit_dis: 0.288647, loss: 11.420939, avg_reader_cost: 0.00079 s, avg_batch_cost: 0.04671 s, avg_samples: 32.0, ips: 685.05870 samples/s, eta: 0:03:02, max_mem_reserved: 481 MB, max_mem_allocated: 456 MB
[2026/07/06 05:52:03] ppocr INFO: epoch: [1/10], global_step: 40, lr: 0.000500, acc: 0.000000, norm_edit_dis: 0.296196, loss: 8.999716, avg_reader_cost: 0.00080 s, avg_batch_cost: 0.04613 s, avg_samples: 32.0, ips: 693.67146 samples/s, eta: 0:02:43, max_mem_reserved: 481 MB, max_mem_allocated: 456 MB
[2026/07/06 05:52:03] ppocr INFO: epoch: [1/10], global_step: 50, lr: 0.000500, acc: 0.000000, norm_edit_dis: 0.312974, loss: 8.798128, avg_reader_cost: 0.00081 s, avg_batch_cost: 0.04887 s, avg_samples: 32.0, ips: 654.85575 samples/s, eta: 0:02:33, max_mem_reserved: 481 MB, max_mem_allocated: 456 MB
[2026/07/06 05:52:04] ppocr INFO: epoch: [1/10], global_step: 60, lr: 0.000500, acc: 0.000000, norm_edit_dis: 0.319471, loss: 8.259068, avg_reader_cost: 0.00082 s, avg_batch_cost: 0.04980 s, avg_samples: 32.0, ips: 642.56886 samples/s, eta: 0:02:26, max_mem_reserved: 481 MB, max_mem_allocated: 456 MB
[2026/07/06 05:52:04] ppocr INFO: epoch: [1/10], global_step: 70, lr: 0.000500, acc: 0.000000, norm_edit_dis: 0.336133, loss: 7.191901, avg_reader_cost: 0.00080 s, avg_batch_cost: 0.04698 s, avg_samples: 32.0, ips: 681.10359 samples/s, eta: 0:02:20, max_mem_reserved: 481 MB, max_mem_allocated: 456 MB
[2026/07/06 05:52:05] ppocr INFO: epoch: [1/10], global_step: 80, lr: 0.000500, acc: 0.000000, norm_edit_dis: 0.339233, loss: 7.367560, avg_reader_cost: 0.00083 s, avg_batch_cost: 0.04760 s, avg_samples: 32.0, ips: 672.24221 samples/s, eta: 0:02:16, max_mem_reserved: 481 MB, max_mem_allocated: 456 MB
[2026/07/06 05:52:05] ppocr INFO: epoch: [1/10], global_step: 90, lr: 0.000500, acc: 0.000000, norm_edit_dis: 0.341310, loss: 6.925951, avg_reader_cost: 0.00082 s, avg_batch_cost: 0.04733 s, avg_samples: 32.0, ips: 676.12510 samples/s, eta: 0:02:12, max_mem_reserved: 481 MB, max_mem_allocated: 456 MB
[2026/07/06 05:52:06] ppocr INFO: epoch: [1/10], global_step: 100, lr: 0.000500, acc: 0.000000, norm_edit_dis: 0.330097, loss: 6.273912, avg_reader_cost: 0.00089 s, avg_batch_cost: 0.05229 s, avg_samples: 32.0, ips: 612.01036 samples/s, eta: 0:02:10, max_mem_reserved: 481 MB, max_mem_allocated: 456 MB
[2026/07/06 05:52:06] ppocr INFO: epoch: [1/10], global_step: 110, lr: 0.000500, acc: 0.000000, norm_edit_dis: 0.332436, loss: 6.463173, avg_reader_cost: 0.00082 s, avg_batch_cost: 0.04722 s, avg_samples: 32.0, ips: 677.71808 samples/s, eta: 0:02:08, max_mem_reserved: 481 MB, max_mem_allocated: 456 MB
[2026/07/06 05:52:07] ppocr INFO: epoch: [1/10], global_step: 120, lr: 0.000500, acc: 0.000000, norm_edit_dis: 0.341889, loss: 6.342356, avg_reader_cost: 0.00083 s, avg_batch_cost: 0.04757 s, avg_samples: 32.0, ips: 672.65930 samples/s, eta: 0:02:05, max_mem_reserved: 481 MB, max_mem_allocated: 456 MB
[2026/07/06 05:52:07] ppocr INFO: epoch: [1/10], global_step: 130, lr: 0.000500, acc: 0.000000, norm_edit_dis: 0.356066, loss: 5.666763, avg_reader_cost: 0.00084 s, avg_batch_cost: 0.04825 s, avg_samples: 32.0, ips: 663.20971 samples/s, eta: 0:02:04, max_mem_reserved: 481 MB, max_mem_allocated: 456 MB
[2026/07/06 05:52:08] ppocr INFO: epoch: [1/10], global_step: 140, lr: 0.000500, acc: 0.000000, norm_edit_dis: 0.365944, loss: 5.707063, avg_reader_cost: 0.00082 s, avg_batch_cost: 0.04720 s, avg_samples: 32.0, ips: 677.98784 samples/s, eta: 0:02:02, max_mem_reserved: 481 MB, max_mem_allocated: 456 MB
[2026/07/06 05:52:08] ppocr INFO: epoch: [1/10], global_step: 150, lr: 0.000500, acc: 0.000000, norm_edit_dis: 0.362164, loss: 5.874863, avg_reader_cost: 0.00085 s, avg_batch_cost: 0.05033 s, avg_samples: 32.0, ips: 635.77304 samples/s, eta: 0:02:01, max_mem_reserved: 481 MB, max_mem_allocated: 456 MB
[2026/07/06 05:52:09] ppocr INFO: epoch: [1/10], global_step: 160, lr: 0.000500, acc: 0.000000, norm_edit_dis: 0.376182, loss: 5.612905, avg_reader_cost: 0.00091 s, avg_batch_cost: 0.04867 s, avg_samples: 32.0, ips: 657.48656 samples/s, eta: 0:01:59, max_mem_reserved: 481 MB, max_mem_allocated: 456 MB
[2026/07/06 05:52:09] ppocr INFO: epoch: [1/10], global_step: 170, lr: 0.000500, acc: 0.000000, norm_edit_dis: 0.372685, loss: 5.838913, avg_reader_cost: 0.00081 s, avg_batch_cost: 0.04836 s, avg_samples: 32.0, ips: 661.72947 samples/s, eta: 0:01:58, max_mem_reserved: 481 MB, max_mem_allocated: 456 MB
[2026/07/06 05:52:10] ppocr INFO: epoch: [1/10], global_step: 180, lr: 0.000500, acc: 0.000000, norm_edit_dis: 0.343340, loss: 5.332970, avg_reader_cost: 0.00079 s, avg_batch_cost: 0.04655 s, avg_samples: 32.0, ips: 687.45488 samples/s, eta: 0:01:57, max_mem_reserved: 481 MB, max_mem_allocated: 456 MB
[2026/07/06 05:52:10] ppocr INFO: epoch: [1/10], global_step: 190, lr: 0.000500, acc: 0.000000, norm_edit_dis: 0.343425, loss: 5.566854, avg_reader_cost: 0.00083 s, avg_batch_cost: 0.04725 s, avg_samples: 32.0, ips: 677.23318 samples/s, eta: 0:01:56, max_mem_reserved: 481 MB, max_mem_allocated: 456 MB
[2026/07/06 05:52:11] ppocr INFO: epoch: [1/10], global_step: 200, lr: 0.000500, acc: 0.000000, norm_edit_dis: 0.362308, loss: 5.453474, avg_reader_cost: 0.00080 s, avg_batch_cost: 0.04695 s, avg_samples: 32.0, ips: 681.56428 samples/s, eta: 0:01:54, max_mem_reserved: 481 MB, max_mem_allocated: 456 MB
[2026/07/06 05:52:11] ppocr INFO: epoch: [1/10], global_step: 210, lr: 0.000500, acc: 0.015625, norm_edit_dis: 0.379452, loss: 5.436083, avg_reader_cost: 0.00082 s, avg_batch_cost: 0.04644 s, avg_samples: 32.0, ips: 689.02889 samples/s, eta: 0:01:53, max_mem_reserved: 481 MB, max_mem_allocated: 456 MB
[2026/07/06 05:52:12] ppocr INFO: epoch: [1/10], global_step: 220, lr: 0.000500, acc: 0.000000, norm_edit_dis: 0.369456, loss: 6.460959, avg_reader_cost: 0.00080 s, avg_batch_cost: 0.04624 s, avg_samples: 32.0, ips: 692.11153 samples/s, eta: 0:01:52, max_mem_reserved: 481 MB, max_mem_allocated: 456 MB
[2026/07/06 05:52:12] ppocr INFO: epoch: [1/10], global_step: 230, lr: 0.000500, acc: 0.000000, norm_edit_dis: 0.360858, loss: 5.705546, avg_reader_cost: 0.00070 s, avg_batch_cost: 0.04415 s, avg_samples: 32.0, ips: 724.78311 samples/s, eta: 0:01:51, max_mem_reserved: 481 MB, max_mem_allocated: 456 MB
[2026/07/06 05:52:12] ppocr INFO: epoch: [1/10], global_step: 239, lr: 0.000500, acc: 0.031250, norm_edit_dis: 0.361195, loss: 5.617771, avg_reader_cost: 0.00057 s, avg_batch_cost: 0.03875 s, avg_samples: 28.8, ips: 743.22800 samples/s, eta: 0:01:50, max_mem_reserved: 481 MB, max_mem_allocated: 456 MB
[2026/07/06 05:52:13] ppocr INFO: save model in /home/jupyter-st126316/Myanmar-OCR-Project/outputs/puffer_2080ti_20k_finetune_myocr/latest
[2026/07/06 05:52:13] ppocr INFO: epoch: [2/10], global_step: 240, lr: 0.000500, acc: 0.031250, norm_edit_dis: 0.365602, loss: 5.617771, avg_reader_cost: 0.05405 s, avg_batch_cost: 0.06343 s, avg_samples: 3.2, ips: 50.45136 samples/s, eta: 0:01:55, max_mem_reserved: 481 MB, max_mem_allocated: 456 MB
[2026/07/06 05:52:14] ppocr INFO: epoch: [2/10], global_step: 250, lr: 0.000500, acc: 0.031250, norm_edit_dis: 0.381925, loss: 5.797947, avg_reader_cost: 0.00094 s, avg_batch_cost: 0.06501 s, avg_samples: 32.0, ips: 492.23937 samples/s, eta: 0:01:55, max_mem_reserved: 481 MB, max_mem_allocated: 456 MB
[2026/07/06 05:52:14] ppocr INFO: epoch: [2/10], global_step: 260, lr: 0.000500, acc: 0.031250, norm_edit_dis: 0.383245, loss: 5.198713, avg_reader_cost: 0.00082 s, avg_batch_cost: 0.05920 s, avg_samples: 32.0, ips: 540.57667 samples/s, eta: 0:01:55, max_mem_reserved: 481 MB, max_mem_allocated: 456 MB
[2026/07/06 05:52:15] ppocr INFO: epoch: [2/10], global_step: 270, lr: 0.000500, acc: 0.015625, norm_edit_dis: 0.385860, loss: 5.198713, avg_reader_cost: 0.00083 s, avg_batch_cost: 0.05905 s, avg_samples: 32.0, ips: 541.91309 samples/s, eta: 0:01:55, max_mem_reserved: 481 MB, max_mem_allocated: 456 MB
[2026/07/06 05:52:16] ppocr INFO: epoch: [2/10], global_step: 280, lr: 0.000500, acc: 0.000000, norm_edit_dis: 0.387758, loss: 4.407392, avg_reader_cost: 0.00083 s, avg_batch_cost: 0.05930 s, avg_samples: 32.0, ips: 539.64490 samples/s, eta: 0:01:55, max_mem_reserved: 481 MB, max_mem_allocated: 456 MB
[2026/07/06 05:52:16] ppocr INFO: epoch: [2/10], global_step: 290, lr: 0.000500, acc: 0.015625, norm_edit_dis: 0.384023, loss: 5.044773, avg_reader_cost: 0.00082 s, avg_batch_cost: 0.05913 s, avg_samples: 32.0, ips: 541.15687 samples/s, eta: 0:01:55, max_mem_reserved: 481 MB, max_mem_allocated: 456 MB
[2026/07/06 05:52:17] ppocr INFO: epoch: [2/10], global_step: 300, lr: 0.000500, acc: 0.031250, norm_edit_dis: 0.389927, loss: 4.447068, avg_reader_cost: 0.00083 s, avg_batch_cost: 0.05914 s, avg_samples: 32.0, ips: 541.11499 samples/s, eta: 0:01:54, max_mem_reserved: 481 MB, max_mem_allocated: 456 MB
[2026/07/06 05:52:17] ppocr INFO: epoch: [2/10], global_step: 310, lr: 0.000500, acc: 0.031250, norm_edit_dis: 0.394818, loss: 4.037570, avg_reader_cost: 0.00087 s, avg_batch_cost: 0.05983 s, avg_samples: 32.0, ips: 534.80698 samples/s, eta: 0:01:54, max_mem_reserved: 481 MB, max_mem_allocated: 456 MB
[2026/07/06 05:52:18] ppocr INFO: epoch: [2/10], global_step: 320, lr: 0.000500, acc: 0.031250, norm_edit_dis: 0.398491, loss: 4.290015, avg_reader_cost: 0.00085 s, avg_batch_cost: 0.05942 s, avg_samples: 32.0, ips: 538.57410 samples/s, eta: 0:01:54, max_mem_reserved: 481 MB, max_mem_allocated: 456 MB
[2026/07/06 05:52:19] ppocr INFO: epoch: [2/10], global_step: 330, lr: 0.000500, acc: 0.031250, norm_edit_dis: 0.401527, loss: 4.602159, avg_reader_cost: 0.00083 s, avg_batch_cost: 0.05956 s, avg_samples: 32.0, ips: 537.29602 samples/s, eta: 0:01:54, max_mem_reserved: 481 MB, max_mem_allocated: 456 MB
[2026/07/06 05:52:19] ppocr INFO: epoch: [2/10], global_step: 340, lr: 0.000500, acc: 0.031250, norm_edit_dis: 0.391165, loss: 4.328011, avg_reader_cost: 0.00084 s, avg_batch_cost: 0.05942 s, avg_samples: 32.0, ips: 538.54903 samples/s, eta: 0:01:53, max_mem_reserved: 481 MB, max_mem_allocated: 456 MB
[2026/07/06 05:52:20] ppocr INFO: epoch: [2/10], global_step: 350, lr: 0.000500, acc: 0.015625, norm_edit_dis: 0.385793, loss: 3.888162, avg_reader_cost: 0.00083 s, avg_batch_cost: 0.05927 s, avg_samples: 32.0, ips: 539.93754 samples/s, eta: 0:01:53, max_mem_reserved: 481 MB, max_mem_allocated: 456 MB
[2026/07/06 05:52:20] ppocr INFO: epoch: [2/10], global_step: 360, lr: 0.000500, acc: 0.031250, norm_edit_dis: 0.374818, loss: 4.004506, avg_reader_cost: 0.00082 s, avg_batch_cost: 0.05948 s, avg_samples: 32.0, ips: 538.02832 samples/s, eta: 0:01:53, max_mem_reserved: 481 MB, max_mem_allocated: 456 MB
[2026/07/06 05:52:21] ppocr INFO: epoch: [2/10], global_step: 370, lr: 0.000500, acc: 0.031250, norm_edit_dis: 0.389373, loss: 3.993360, avg_reader_cost: 0.00083 s, avg_batch_cost: 0.05918 s, avg_samples: 32.0, ips: 540.73980 samples/s, eta: 0:01:52, max_mem_reserved: 481 MB, max_mem_allocated: 456 MB
[2026/07/06 05:52:22] ppocr INFO: epoch: [2/10], global_step: 380, lr: 0.000500, acc: 0.031250, norm_edit_dis: 0.412221, loss: 3.169163, avg_reader_cost: 0.00083 s, avg_batch_cost: 0.05954 s, avg_samples: 32.0, ips: 537.49613 samples/s, eta: 0:01:52, max_mem_reserved: 481 MB, max_mem_allocated: 456 MB
[2026/07/06 05:52:22] ppocr INFO: epoch: [2/10], global_step: 390, lr: 0.000500, acc: 0.031250, norm_edit_dis: 0.406044, loss: 3.627688, avg_reader_cost: 0.00082 s, avg_batch_cost: 0.05922 s, avg_samples: 32.0, ips: 540.31553 samples/s, eta: 0:01:52, max_mem_reserved: 481 MB, max_mem_allocated: 456 MB
[2026/07/06 05:52:23] ppocr INFO: epoch: [2/10], global_step: 400, lr: 0.000500, acc: 0.031250, norm_edit_dis: 0.404048, loss: 3.627688, avg_reader_cost: 0.00082 s, avg_batch_cost: 0.05959 s, avg_samples: 32.0, ips: 537.04384 samples/s, eta: 0:01:51, max_mem_reserved: 481 MB, max_mem_allocated: 456 MB
[2026/07/06 05:52:23] ppocr INFO: epoch: [2/10], global_step: 410, lr: 0.000500, acc: 0.031250, norm_edit_dis: 0.403711, loss: 3.585524, avg_reader_cost: 0.00082 s, avg_batch_cost: 0.05996 s, avg_samples: 32.0, ips: 533.66105 samples/s, eta: 0:01:51, max_mem_reserved: 481 MB, max_mem_allocated: 456 MB
[2026/07/06 05:52:24] ppocr INFO: epoch: [2/10], global_step: 420, lr: 0.000500, acc: 0.031250, norm_edit_dis: 0.383881, loss: 3.409063, avg_reader_cost: 0.00085 s, avg_batch_cost: 0.06045 s, avg_samples: 32.0, ips: 529.37956 samples/s, eta: 0:01:50, max_mem_reserved: 481 MB, max_mem_allocated: 456 MB
[2026/07/06 05:52:24] ppocr INFO: epoch: [2/10], global_step: 430, lr: 0.000500, acc: 0.031250, norm_edit_dis: 0.373025, loss: 3.585305, avg_reader_cost: 0.00084 s, avg_batch_cost: 0.04980 s, avg_samples: 32.0, ips: 642.60947 samples/s, eta: 0:01:50, max_mem_reserved: 481 MB, max_mem_allocated: 456 MB
[2026/07/06 05:52:25] ppocr INFO: epoch: [2/10], global_step: 440, lr: 0.000500, acc: 0.031250, norm_edit_dis: 0.392414, loss: 3.553523, avg_reader_cost: 0.00085 s, avg_batch_cost: 0.04803 s, avg_samples: 32.0, ips: 666.23677 samples/s, eta: 0:01:49, max_mem_reserved: 481 MB, max_mem_allocated: 456 MB
[2026/07/06 05:52:25] ppocr INFO: epoch: [2/10], global_step: 450, lr: 0.000500, acc: 0.031250, norm_edit_dis: 0.427601, loss: 3.700803, avg_reader_cost: 0.00089 s, avg_batch_cost: 0.05011 s, avg_samples: 32.0, ips: 638.64545 samples/s, eta: 0:01:48, max_mem_reserved: 481 MB, max_mem_allocated: 456 MB
[2026/07/06 05:52:26] ppocr INFO: epoch: [2/10], global_step: 460, lr: 0.000500, acc: 0.031250, norm_edit_dis: 0.409353, loss: 4.296874, avg_reader_cost: 0.00084 s, avg_batch_cost: 0.04797 s, avg_samples: 32.0, ips: 667.07187 samples/s, eta: 0:01:47, max_mem_reserved: 481 MB, max_mem_allocated: 456 MB
[2026/07/06 05:52:26] ppocr INFO: epoch: [2/10], global_step: 470, lr: 0.000500, acc: 0.031250, norm_edit_dis: 0.395007, loss: 3.967137, avg_reader_cost: 0.00075 s, avg_batch_cost: 0.04445 s, avg_samples: 32.0, ips: 719.88535 samples/s, eta: 0:01:46, max_mem_reserved: 481 MB, max_mem_allocated: 456 MB
[2026/07/06 05:52:27] ppocr INFO: epoch: [2/10], global_step: 478, lr: 0.000500, acc: 0.031250, norm_edit_dis: 0.393631, loss: 3.760163, avg_reader_cost: 0.00053 s, avg_batch_cost: 0.03454 s, avg_samples: 25.6, ips: 741.06510 samples/s, eta: 0:01:45, max_mem_reserved: 481 MB, max_mem_allocated: 456 MB
[2026/07/06 05:52:27] ppocr INFO: save model in /home/jupyter-st126316/Myanmar-OCR-Project/outputs/puffer_2080ti_20k_finetune_myocr/latest
[2026/07/06 05:52:28] ppocr INFO: epoch: [3/10], global_step: 480, lr: 0.000500, acc: 0.031250, norm_edit_dis: 0.402758, loss: 3.760163, avg_reader_cost: 0.05434 s, avg_batch_cost: 0.06895 s, avg_samples: 6.4, ips: 92.82517 samples/s, eta: 0:01:47, max_mem_reserved: 481 MB, max_mem_allocated: 456 MB
[2026/07/06 05:52:28] ppocr INFO: epoch: [3/10], global_step: 490, lr: 0.000500, acc: 0.046875, norm_edit_dis: 0.411592, loss: 3.463421, avg_reader_cost: 0.00096 s, avg_batch_cost: 0.05642 s, avg_samples: 32.0, ips: 567.19473 samples/s, eta: 0:01:47, max_mem_reserved: 481 MB, max_mem_allocated: 456 MB
[2026/07/06 05:52:29] ppocr INFO: epoch: [3/10], global_step: 500, lr: 0.000500, acc: 0.062500, norm_edit_dis: 0.411592, loss: 3.514991, avg_reader_cost: 0.00079 s, avg_batch_cost: 0.04620 s, avg_samples: 32.0, ips: 692.57652 samples/s, eta: 0:01:46, max_mem_reserved: 481 MB, max_mem_allocated: 456 MB
[2026/07/06 05:52:29] ppocr INFO: epoch: [3/10], global_step: 510, lr: 0.000500, acc: 0.031250, norm_edit_dis: 0.411954, loss: 3.347746, avg_reader_cost: 0.00081 s, avg_batch_cost: 0.04635 s, avg_samples: 32.0, ips: 690.33625 samples/s, eta: 0:01:45, max_mem_reserved: 481 MB, max_mem_allocated: 456 MB
[2026/07/06 05:52:30] ppocr INFO: epoch: [3/10], global_step: 520, lr: 0.000500, acc: 0.031250, norm_edit_dis: 0.416476, loss: 3.108320, avg_reader_cost: 0.00080 s, avg_batch_cost: 0.04649 s, avg_samples: 32.0, ips: 688.32216 samples/s, eta: 0:01:44, max_mem_reserved: 481 MB, max_mem_allocated: 456 MB
[2026/07/06 05:52:30] ppocr INFO: epoch: [3/10], global_step: 530, lr: 0.000500, acc: 0.046875, norm_edit_dis: 0.403947, loss: 3.129151, avg_reader_cost: 0.00082 s, avg_batch_cost: 0.04685 s, avg_samples: 32.0, ips: 683.06968 samples/s, eta: 0:01:43, max_mem_reserved: 481 MB, max_mem_allocated: 456 MB
[2026/07/06 05:52:31] ppocr INFO: epoch: [3/10], global_step: 540, lr: 0.000500, acc: 0.046875, norm_edit_dis: 0.414954, loss: 2.877572, avg_reader_cost: 0.00079 s, avg_batch_cost: 0.04646 s, avg_samples: 32.0, ips: 688.76652 samples/s, eta: 0:01:42, max_mem_reserved: 481 MB, max_mem_allocated: 456 MB
[2026/07/06 05:52:31] ppocr INFO: epoch: [3/10], global_step: 550, lr: 0.000500, acc: 0.062500, norm_edit_dis: 0.427699, loss: 2.672192, avg_reader_cost: 0.00082 s, avg_batch_cost: 0.04683 s, avg_samples: 32.0, ips: 683.35730 samples/s, eta: 0:01:41, max_mem_reserved: 481 MB, max_mem_allocated: 456 MB
[2026/07/06 05:52:32] ppocr INFO: epoch: [3/10], global_step: 560, lr: 0.000500, acc: 0.062500, norm_edit_dis: 0.426106, loss: 3.163771, avg_reader_cost: 0.00081 s, avg_batch_cost: 0.04675 s, avg_samples: 32.0, ips: 684.50948 samples/s, eta: 0:01:40, max_mem_reserved: 481 MB, max_mem_allocated: 456 MB
[2026/07/06 05:52:32] ppocr INFO: epoch: [3/10], global_step: 570, lr: 0.000500, acc: 0.062500, norm_edit_dis: 0.421756, loss: 3.276248, avg_reader_cost: 0.00080 s, avg_batch_cost: 0.04689 s, avg_samples: 32.0, ips: 682.39837 samples/s, eta: 0:01:40, max_mem_reserved: 481 MB, max_mem_allocated: 456 MB
[2026/07/06 05:52:32] ppocr INFO: epoch: [3/10], global_step: 580, lr: 0.000500, acc: 0.062500, norm_edit_dis: 0.411946, loss: 2.931273, avg_reader_cost: 0.00082 s, avg_batch_cost: 0.04696 s, avg_samples: 32.0, ips: 681.50164 samples/s, eta: 0:01:39, max_mem_reserved: 481 MB, max_mem_allocated: 456 MB
[2026/07/06 05:52:33] ppocr INFO: epoch: [3/10], global_step: 590, lr: 0.000500, acc: 0.046875, norm_edit_dis: 0.410599, loss: 2.801610, avg_reader_cost: 0.00081 s, avg_batch_cost: 0.04674 s, avg_samples: 32.0, ips: 684.57581 samples/s, eta: 0:01:38, max_mem_reserved: 481 MB, max_mem_allocated: 456 MB
[2026/07/06 05:52:33] ppocr INFO: epoch: [3/10], global_step: 600, lr: 0.000500, acc: 0.046875, norm_edit_dis: 0.410599, loss: 2.605159, avg_reader_cost: 0.00087 s, avg_batch_cost: 0.04734 s, avg_samples: 32.0, ips: 675.91910 samples/s, eta: 0:01:37, max_mem_reserved: 481 MB, max_mem_allocated: 456 MB
[2026/07/06 05:52:34] ppocr INFO: epoch: [3/10], global_step: 610, lr: 0.000500, acc: 0.062500, norm_edit_dis: 0.417755, loss: 2.510714, avg_reader_cost: 0.00080 s, avg_batch_cost: 0.04691 s, avg_samples: 32.0, ips: 682.21904 samples/s, eta: 0:01:37, max_mem_reserved: 481 MB, max_mem_allocated: 456 MB
[2026/07/06 05:52:34] ppocr INFO: epoch: [3/10], global_step: 620, lr: 0.000500, acc: 0.062500, norm_edit_dis: 0.416343, loss: 1.802130, avg_reader_cost: 0.00081 s, avg_batch_cost: 0.04680 s, avg_samples: 32.0, ips: 683.78377 samples/s, eta: 0:01:36, max_mem_reserved: 481 MB, max_mem_allocated: 456 MB
[2026/07/06 05:52:35] ppocr INFO: epoch: [3/10], global_step: 630, lr: 0.000500, acc: 0.062500, norm_edit_dis: 0.418627, loss: 2.469802, avg_reader_cost: 0.00079 s, avg_batch_cost: 0.04673 s, avg_samples: 32.0, ips: 684.75044 samples/s, eta: 0:01:35, max_mem_reserved: 481 MB, max_mem_allocated: 456 MB
[2026/07/06 05:52:35] ppocr INFO: epoch: [3/10], global_step: 640, lr: 0.000500, acc: 0.062500, norm_edit_dis: 0.428427, loss: 2.402126, avg_reader_cost: 0.00081 s, avg_batch_cost: 0.04678 s, avg_samples: 32.0, ips: 684.04444 samples/s, eta: 0:01:34, max_mem_reserved: 481 MB, max_mem_allocated: 456 MB
[2026/07/06 05:52:36] ppocr INFO: epoch: [3/10], global_step: 650, lr: 0.000500, acc: 0.078125, norm_edit_dis: 0.430235, loss: 2.373938, avg_reader_cost: 0.00081 s, avg_batch_cost: 0.04683 s, avg_samples: 32.0, ips: 683.29433 samples/s, eta: 0:01:34, max_mem_reserved: 481 MB, max_mem_allocated: 456 MB
[2026/07/06 05:52:36] ppocr INFO: epoch: [3/10], global_step: 660, lr: 0.000500, acc: 0.062500, norm_edit_dis: 0.414009, loss: 2.192794, avg_reader_cost: 0.00083 s, avg_batch_cost: 0.04698 s, avg_samples: 32.0, ips: 681.19243 samples/s, eta: 0:01:33, max_mem_reserved: 481 MB, max_mem_allocated: 456 MB
[2026/07/06 05:52:37] ppocr INFO: epoch: [3/10], global_step: 670, lr: 0.000500, acc: 0.031250, norm_edit_dis: 0.389732, loss: 2.256136, avg_reader_cost: 0.00081 s, avg_batch_cost: 0.04692 s, avg_samples: 32.0, ips: 682.02976 samples/s, eta: 0:01:32, max_mem_reserved: 481 MB, max_mem_allocated: 456 MB
[2026/07/06 05:52:37] ppocr INFO: epoch: [3/10], global_step: 680, lr: 0.000500, acc: 0.031250, norm_edit_dis: 0.398571, loss: 2.725874, avg_reader_cost: 0.00082 s, avg_batch_cost: 0.04711 s, avg_samples: 32.0, ips: 679.19861 samples/s, eta: 0:01:31, max_mem_reserved: 481 MB, max_mem_allocated: 456 MB
[2026/07/06 05:52:38] ppocr INFO: epoch: [3/10], global_step: 690, lr: 0.000500, acc: 0.046875, norm_edit_dis: 0.440249, loss: 2.741392, avg_reader_cost: 0.00083 s, avg_batch_cost: 0.04683 s, avg_samples: 32.0, ips: 683.33642 samples/s, eta: 0:01:31, max_mem_reserved: 481 MB, max_mem_allocated: 456 MB
[2026/07/06 05:52:38] ppocr INFO: epoch: [3/10], global_step: 700, lr: 0.000500, acc: 0.062500, norm_edit_dis: 0.419109, loss: 2.971337, avg_reader_cost: 0.00093 s, avg_batch_cost: 0.05629 s, avg_samples: 32.0, ips: 568.47060 samples/s, eta: 0:01:30, max_mem_reserved: 481 MB, max_mem_allocated: 456 MB
[2026/07/06 05:52:39] ppocr INFO: epoch: [3/10], global_step: 710, lr: 0.000500, acc: 0.062500, norm_edit_dis: 0.410486, loss: 3.235877, avg_reader_cost: 0.00079 s, avg_batch_cost: 0.04697 s, avg_samples: 32.0, ips: 681.34389 samples/s, eta: 0:01:29, max_mem_reserved: 481 MB, max_mem_allocated: 456 MB
[2026/07/06 05:52:39] ppocr INFO: epoch: [3/10], global_step: 717, lr: 0.000500, acc: 0.062500, norm_edit_dis: 0.397420, loss: 2.918916, avg_reader_cost: 0.00048 s, avg_batch_cost: 0.03050 s, avg_samples: 22.4, ips: 734.48119 samples/s, eta: 0:01:29, max_mem_reserved: 481 MB, max_mem_allocated: 456 MB
[2026/07/06 05:52:39] ppocr INFO: save model in /home/jupyter-st126316/Myanmar-OCR-Project/outputs/puffer_2080ti_20k_finetune_myocr/latest
[2026/07/06 05:52:39] ppocr INFO: save model in /home/jupyter-st126316/Myanmar-OCR-Project/outputs/puffer_2080ti_20k_finetune_myocr/iter_epoch_3
[2026/07/06 05:52:40] ppocr INFO: epoch: [4/10], global_step: 720, lr: 0.000500, acc: 0.062500, norm_edit_dis: 0.426860, loss: 2.918916, avg_reader_cost: 0.05437 s, avg_batch_cost: 0.07538 s, avg_samples: 9.6, ips: 127.35262 samples/s, eta: 0:01:30, max_mem_reserved: 481 MB, max_mem_allocated: 456 MB
[2026/07/06 05:52:41] ppocr INFO: epoch: [4/10], global_step: 730, lr: 0.000500, acc: 0.078125, norm_edit_dis: 0.429303, loss: 2.182689, avg_reader_cost: 0.00091 s, avg_batch_cost: 0.05135 s, avg_samples: 32.0, ips: 623.15147 samples/s, eta: 0:01:30, max_mem_reserved: 481 MB, max_mem_allocated: 456 MB
[2026/07/06 05:52:41] ppocr INFO: epoch: [4/10], global_step: 740, lr: 0.000500, acc: 0.062500, norm_edit_dis: 0.429303, loss: 2.537012, avg_reader_cost: 0.00097 s, avg_batch_cost: 0.05096 s, avg_samples: 32.0, ips: 627.89834 samples/s, eta: 0:01:29, max_mem_reserved: 481 MB, max_mem_allocated: 456 MB
[2026/07/06 05:52:42] ppocr INFO: epoch: [4/10], global_step: 750, lr: 0.000500, acc: 0.093750, norm_edit_dis: 0.442664, loss: 2.270259, avg_reader_cost: 0.00085 s, avg_batch_cost: 0.04673 s, avg_samples: 32.0, ips: 684.78992 samples/s, eta: 0:01:28, max_mem_reserved: 481 MB, max_mem_allocated: 456 MB
[2026/07/06 05:52:42] ppocr INFO: epoch: [4/10], global_step: 760, lr: 0.000500, acc: 0.093750, norm_edit_dis: 0.433892, loss: 2.096155, avg_reader_cost: 0.00087 s, avg_batch_cost: 0.04712 s, avg_samples: 32.0, ips: 679.11613 samples/s, eta: 0:01:28, max_mem_reserved: 481 MB, max_mem_allocated: 456 MB
[2026/07/06 05:52:43] ppocr INFO: epoch: [4/10], global_step: 770, lr: 0.000500, acc: 0.093750, norm_edit_dis: 0.430525, loss: 2.368709, avg_reader_cost: 0.00086 s, avg_batch_cost: 0.04689 s, avg_samples: 32.0, ips: 682.41641 samples/s, eta: 0:01:27, max_mem_reserved: 481 MB, max_mem_allocated: 456 MB
[2026/07/06 05:52:43] ppocr INFO: epoch: [4/10], global_step: 780, lr: 0.000500, acc: 0.093750, norm_edit_dis: 0.436274, loss: 1.932289, avg_reader_cost: 0.00085 s, avg_batch_cost: 0.04707 s, avg_samples: 32.0, ips: 679.84263 samples/s, eta: 0:01:26, max_mem_reserved: 481 MB, max_mem_allocated: 456 MB
[2026/07/06 05:52:43] ppocr INFO: epoch: [4/10], global_step: 790, lr: 0.000500, acc: 0.062500, norm_edit_dis: 0.433488, loss: 1.837933, avg_reader_cost: 0.00086 s, avg_batch_cost: 0.04729 s, avg_samples: 32.0, ips: 676.66026 samples/s, eta: 0:01:26, max_mem_reserved: 481 MB, max_mem_allocated: 456 MB
[2026/07/06 05:52:44] ppocr INFO: epoch: [4/10], global_step: 800, lr: 0.000500, acc: 0.062500, norm_edit_dis: 0.433556, loss: 2.634220, avg_reader_cost: 0.00085 s, avg_batch_cost: 0.04697 s, avg_samples: 32.0, ips: 681.30999 samples/s, eta: 0:01:25, max_mem_reserved: 481 MB, max_mem_allocated: 456 MB
[2026/07/06 05:52:44] ppocr INFO: epoch: [4/10], global_step: 810, lr: 0.000500, acc: 0.062500, norm_edit_dis: 0.433644, loss: 2.605010, avg_reader_cost: 0.00084 s, avg_batch_cost: 0.04693 s, avg_samples: 32.0, ips: 681.83227 samples/s, eta: 0:01:24, max_mem_reserved: 481 MB, max_mem_allocated: 456 MB
[2026/07/06 05:52:45] ppocr INFO: epoch: [4/10], global_step: 820, lr: 0.000500, acc: 0.062500, norm_edit_dis: 0.428988, loss: 1.996152, avg_reader_cost: 0.00085 s, avg_batch_cost: 0.04689 s, avg_samples: 32.0, ips: 682.47991 samples/s, eta: 0:01:24, max_mem_reserved: 481 MB, max_mem_allocated: 456 MB
[2026/07/06 05:52:45] ppocr INFO: epoch: [4/10], global_step: 830, lr: 0.000500, acc: 0.062500, norm_edit_dis: 0.427384, loss: 1.962387, avg_reader_cost: 0.00086 s, avg_batch_cost: 0.04725 s, avg_samples: 32.0, ips: 677.27829 samples/s, eta: 0:01:23, max_mem_reserved: 481 MB, max_mem_allocated: 456 MB
[2026/07/06 05:52:46] ppocr INFO: epoch: [4/10], global_step: 840, lr: 0.000500, acc: 0.093750, norm_edit_dis: 0.430830, loss: 1.899606, avg_reader_cost: 0.00086 s, avg_batch_cost: 0.04704 s, avg_samples: 32.0, ips: 680.33335 samples/s, eta: 0:01:22, max_mem_reserved: 481 MB, max_mem_allocated: 456 MB
[2026/07/06 05:52:46] ppocr INFO: epoch: [4/10], global_step: 850, lr: 0.000500, acc: 0.093750, norm_edit_dis: 0.429353, loss: 1.565052, avg_reader_cost: 0.00084 s, avg_batch_cost: 0.04698 s, avg_samples: 32.0, ips: 681.21179 samples/s, eta: 0:01:22, max_mem_reserved: 481 MB, max_mem_allocated: 456 MB
[2026/07/06 05:52:47] ppocr INFO: epoch: [4/10], global_step: 860, lr: 0.000500, acc: 0.093750, norm_edit_dis: 0.420918, loss: 1.191437, avg_reader_cost: 0.00087 s, avg_batch_cost: 0.04749 s, avg_samples: 32.0, ips: 673.81084 samples/s, eta: 0:01:21, max_mem_reserved: 481 MB, max_mem_allocated: 456 MB
[2026/07/06 05:52:47] ppocr INFO: epoch: [4/10], global_step: 870, lr: 0.000500, acc: 0.078125, norm_edit_dis: 0.444164, loss: 1.679819, avg_reader_cost: 0.00086 s, avg_batch_cost: 0.04745 s, avg_samples: 32.0, ips: 674.42909 samples/s, eta: 0:01:20, max_mem_reserved: 481 MB, max_mem_allocated: 456 MB
[2026/07/06 05:52:48] ppocr INFO: epoch: [4/10], global_step: 880, lr: 0.000500, acc: 0.078125, norm_edit_dis: 0.443750, loss: 1.486077, avg_reader_cost: 0.00088 s, avg_batch_cost: 0.04694 s, avg_samples: 32.0, ips: 681.78517 samples/s, eta: 0:01:20, max_mem_reserved: 481 MB, max_mem_allocated: 456 MB
[2026/07/06 05:52:48] ppocr INFO: epoch: [4/10], global_step: 890, lr: 0.000500, acc: 0.093750, norm_edit_dis: 0.435877, loss: 1.462447, avg_reader_cost: 0.00086 s, avg_batch_cost: 0.04714 s, avg_samples: 32.0, ips: 678.82624 samples/s, eta: 0:01:19, max_mem_reserved: 481 MB, max_mem_allocated: 456 MB
[2026/07/06 05:52:49] ppocr INFO: epoch: [4/10], global_step: 900, lr: 0.000500, acc: 0.078125, norm_edit_dis: 0.415619, loss: 1.448598, avg_reader_cost: 0.00086 s, avg_batch_cost: 0.04749 s, avg_samples: 32.0, ips: 673.88865 samples/s, eta: 0:01:18, max_mem_reserved: 481 MB, max_mem_allocated: 456 MB
[2026/07/06 05:52:49] ppocr INFO: epoch: [4/10], global_step: 910, lr: 0.000500, acc: 0.062500, norm_edit_dis: 0.403529, loss: 1.448598, avg_reader_cost: 0.00085 s, avg_batch_cost: 0.04735 s, avg_samples: 32.0, ips: 675.88063 samples/s, eta: 0:01:18, max_mem_reserved: 481 MB, max_mem_allocated: 456 MB
[2026/07/06 05:52:50] ppocr INFO: epoch: [4/10], global_step: 920, lr: 0.000500, acc: 0.062500, norm_edit_dis: 0.429694, loss: 1.849412, avg_reader_cost: 0.00087 s, avg_batch_cost: 0.04741 s, avg_samples: 32.0, ips: 675.02030 samples/s, eta: 0:01:17, max_mem_reserved: 481 MB, max_mem_allocated: 456 MB
[2026/07/06 05:52:50] ppocr INFO: epoch: [4/10], global_step: 930, lr: 0.000500, acc: 0.093750, norm_edit_dis: 0.459115, loss: 2.086265, avg_reader_cost: 0.00085 s, avg_batch_cost: 0.04724 s, avg_samples: 32.0, ips: 677.40545 samples/s, eta: 0:01:17, max_mem_reserved: 481 MB, max_mem_allocated: 456 MB
[2026/07/06 05:52:51] ppocr INFO: epoch: [4/10], global_step: 940, lr: 0.000500, acc: 0.093750, norm_edit_dis: 0.445611, loss: 2.138297, avg_reader_cost: 0.00090 s, avg_batch_cost: 0.04739 s, avg_samples: 32.0, ips: 675.28622 samples/s, eta: 0:01:16, max_mem_reserved: 481 MB, max_mem_allocated: 456 MB
[2026/07/06 05:52:51] ppocr INFO: epoch: [4/10], global_step: 950, lr: 0.000500, acc: 0.093750, norm_edit_dis: 0.418673, loss: 1.946218, avg_reader_cost: 0.00070 s, avg_batch_cost: 0.04350 s, avg_samples: 32.0, ips: 735.63833 samples/s, eta: 0:01:15, max_mem_reserved: 481 MB, max_mem_allocated: 456 MB
[2026/07/06 05:52:51] ppocr INFO: epoch: [4/10], global_step: 956, lr: 0.000500, acc: 0.078125, norm_edit_dis: 0.406275, loss: 1.873358, avg_reader_cost: 0.00040 s, avg_batch_cost: 0.02593 s, avg_samples: 19.2, ips: 740.55859 samples/s, eta: 0:01:15, max_mem_reserved: 481 MB, max_mem_allocated: 456 MB
[2026/07/06 05:52:51] ppocr INFO: save model in /home/jupyter-st126316/Myanmar-OCR-Project/outputs/puffer_2080ti_20k_finetune_myocr/latest
[2026/07/06 05:52:52] ppocr INFO: epoch: [5/10], global_step: 960, lr: 0.000500, acc: 0.062500, norm_edit_dis: 0.421572, loss: 1.946218, avg_reader_cost: 0.05630 s, avg_batch_cost: 0.08206 s, avg_samples: 12.8, ips: 155.99076 samples/s, eta: 0:01:16, max_mem_reserved: 481 MB, max_mem_allocated: 456 MB
[2026/07/06 05:52:53] ppocr INFO: epoch: [5/10], global_step: 970, lr: 0.000500, acc: 0.062500, norm_edit_dis: 0.432381, loss: 1.823310, avg_reader_cost: 0.00093 s, avg_batch_cost: 0.05376 s, avg_samples: 32.0, ips: 595.21667 samples/s, eta: 0:01:15, max_mem_reserved: 481 MB, max_mem_allocated: 456 MB
[2026/07/06 05:52:53] ppocr INFO: epoch: [5/10], global_step: 980, lr: 0.000500, acc: 0.093750, norm_edit_dis: 0.436283, loss: 1.788734, avg_reader_cost: 0.00084 s, avg_batch_cost: 0.04724 s, avg_samples: 32.0, ips: 677.38904 samples/s, eta: 0:01:14, max_mem_reserved: 481 MB, max_mem_allocated: 456 MB
[2026/07/06 05:52:54] ppocr INFO: epoch: [5/10], global_step: 990, lr: 0.000500, acc: 0.109375, norm_edit_dis: 0.446164, loss: 1.679447, avg_reader_cost: 0.00086 s, avg_batch_cost: 0.04740 s, avg_samples: 32.0, ips: 675.06341 samples/s, eta: 0:01:14, max_mem_reserved: 481 MB, max_mem_allocated: 456 MB
[2026/07/06 05:52:54] ppocr INFO: epoch: [5/10], global_step: 1000, lr: 0.000500, acc: 0.093750, norm_edit_dis: 0.444413, loss: 1.561768, avg_reader_cost: 0.00086 s, avg_batch_cost: 0.04732 s, avg_samples: 32.0, ips: 676.31452 samples/s, eta: 0:01:13, max_mem_reserved: 481 MB, max_mem_allocated: 456 MB
eval model::   0%|          | 0/85 [00:00<?, ?it/s]eval model::   1%|          | 1/85 [00:00<00:10,  8.26it/s]eval model::   8%|▊         | 7/85 [00:00<00:02, 35.01it/s]eval model::  15%|█▌        | 13/85 [00:00<00:01, 45.09it/s]eval model::  22%|██▏       | 19/85 [00:00<00:01, 50.59it/s]eval model::  29%|██▉       | 25/85 [00:00<00:01, 53.62it/s]eval model::  36%|███▋      | 31/85 [00:00<00:00, 55.65it/s]eval model::  44%|████▎     | 37/85 [00:00<00:00, 56.89it/s]eval model::  52%|█████▏    | 44/85 [00:00<00:00, 57.95it/s]eval model::  59%|█████▉    | 50/85 [00:00<00:00, 58.19it/s]eval model::  66%|██████▌   | 56/85 [00:01<00:00, 58.58it/s]eval model::  73%|███████▎  | 62/85 [00:01<00:00, 58.80it/s]eval model::  80%|████████  | 68/85 [00:01<00:00, 58.98it/s]eval model::  87%|████████▋ | 74/85 [00:01<00:00, 58.86it/s]eval model::  95%|█████████▌| 81/85 [00:01<00:00, 60.19it/s]eval model:: 100%|██████████| 85/85 [00:01<00:00, 53.71it/s]
[2026/07/06 05:52:56] ppocr INFO: cur metric, acc: 0.03546361272455259, norm_edit_dis: 0.4015630910916538, fps: 2236.2554314568047
[2026/07/06 05:52:56] ppocr INFO: save best model is to /home/jupyter-st126316/Myanmar-OCR-Project/outputs/puffer_2080ti_20k_finetune_myocr/best_accuracy
[2026/07/06 05:52:56] ppocr INFO: best metric, acc: 0.03546361272455259, is_float16: False, norm_edit_dis: 0.4015630910916538, fps: 2236.2554314568047, best_epoch: 5
[2026/07/06 05:52:57] ppocr INFO: epoch: [5/10], global_step: 1010, lr: 0.000500, acc: 0.093750, norm_edit_dis: 0.436221, loss: 1.733059, avg_reader_cost: 0.00089 s, avg_batch_cost: 0.04867 s, avg_samples: 32.0, ips: 657.49976 samples/s, eta: 0:01:13, max_mem_reserved: 481 MB, max_mem_allocated: 456 MB
[2026/07/06 05:52:57] ppocr INFO: epoch: [5/10], global_step: 1020, lr: 0.000500, acc: 0.109375, norm_edit_dis: 0.442101, loss: 1.683257, avg_reader_cost: 0.00086 s, avg_batch_cost: 0.04784 s, avg_samples: 32.0, ips: 668.93067 samples/s, eta: 0:01:12, max_mem_reserved: 481 MB, max_mem_allocated: 456 MB
[2026/07/06 05:52:58] ppocr INFO: epoch: [5/10], global_step: 1030, lr: 0.000500, acc: 0.078125, norm_edit_dis: 0.444794, loss: 1.683257, avg_reader_cost: 0.00087 s, avg_batch_cost: 0.04774 s, avg_samples: 32.0, ips: 670.31208 samples/s, eta: 0:01:11, max_mem_reserved: 481 MB, max_mem_allocated: 456 MB
[2026/07/06 05:52:58] ppocr INFO: epoch: [5/10], global_step: 1040, lr: 0.000500, acc: 0.078125, norm_edit_dis: 0.444794, loss: 2.083162, avg_reader_cost: 0.00086 s, avg_batch_cost: 0.04766 s, avg_samples: 32.0, ips: 671.46231 samples/s, eta: 0:01:11, max_mem_reserved: 481 MB, max_mem_allocated: 456 MB
[2026/07/06 05:52:59] ppocr INFO: epoch: [5/10], global_step: 1050, lr: 0.000500, acc: 0.062500, norm_edit_dis: 0.437798, loss: 2.030520, avg_reader_cost: 0.00086 s, avg_batch_cost: 0.04859 s, avg_samples: 32.0, ips: 658.60673 samples/s, eta: 0:01:10, max_mem_reserved: 481 MB, max_mem_allocated: 456 MB
[2026/07/06 05:52:59] ppocr INFO: epoch: [5/10], global_step: 1060, lr: 0.000500, acc: 0.062500, norm_edit_dis: 0.421099, loss: 1.766800, avg_reader_cost: 0.00086 s, avg_batch_cost: 0.04805 s, avg_samples: 32.0, ips: 666.00205 samples/s, eta: 0:01:10, max_mem_reserved: 481 MB, max_mem_allocated: 456 MB
[2026/07/06 05:53:00] ppocr INFO: epoch: [5/10], global_step: 1070, lr: 0.000500, acc: 0.093750, norm_edit_dis: 0.425434, loss: 1.747338, avg_reader_cost: 0.00087 s, avg_batch_cost: 0.04826 s, avg_samples: 32.0, ips: 663.08881 samples/s, eta: 0:01:09, max_mem_reserved: 481 MB, max_mem_allocated: 456 MB
[2026/07/06 05:53:00] ppocr INFO: epoch: [5/10], global_step: 1080, lr: 0.000500, acc: 0.093750, norm_edit_dis: 0.432887, loss: 1.670563, avg_reader_cost: 0.00087 s, avg_batch_cost: 0.04791 s, avg_samples: 32.0, ips: 667.88446 samples/s, eta: 0:01:08, max_mem_reserved: 481 MB, max_mem_allocated: 456 MB
[2026/07/06 05:53:00] ppocr INFO: epoch: [5/10], global_step: 1090, lr: 0.000500, acc: 0.093750, norm_edit_dis: 0.430463, loss: 1.327458, avg_reader_cost: 0.00088 s, avg_batch_cost: 0.04866 s, avg_samples: 32.0, ips: 657.62412 samples/s, eta: 0:01:08, max_mem_reserved: 481 MB, max_mem_allocated: 456 MB
[2026/07/06 05:53:01] ppocr INFO: epoch: [5/10], global_step: 1100, lr: 0.000500, acc: 0.093750, norm_edit_dis: 0.430647, loss: 1.197092, avg_reader_cost: 0.00087 s, avg_batch_cost: 0.04881 s, avg_samples: 32.0, ips: 655.65774 samples/s, eta: 0:01:07, max_mem_reserved: 481 MB, max_mem_allocated: 456 MB
[2026/07/06 05:53:01] ppocr INFO: epoch: [5/10], global_step: 1110, lr: 0.000500, acc: 0.093750, norm_edit_dis: 0.448022, loss: 1.612897, avg_reader_cost: 0.00086 s, avg_batch_cost: 0.04820 s, avg_samples: 32.0, ips: 663.85232 samples/s, eta: 0:01:07, max_mem_reserved: 481 MB, max_mem_allocated: 456 MB
[2026/07/06 05:53:02] ppocr INFO: epoch: [5/10], global_step: 1120, lr: 0.000500, acc: 0.109375, norm_edit_dis: 0.448048, loss: 1.307219, avg_reader_cost: 0.00086 s, avg_batch_cost: 0.04832 s, avg_samples: 32.0, ips: 662.25580 samples/s, eta: 0:01:06, max_mem_reserved: 481 MB, max_mem_allocated: 456 MB
[2026/07/06 05:53:02] ppocr INFO: epoch: [5/10], global_step: 1130, lr: 0.000500, acc: 0.109375, norm_edit_dis: 0.447529, loss: 1.188518, avg_reader_cost: 0.00087 s, avg_batch_cost: 0.04907 s, avg_samples: 32.0, ips: 652.14671 samples/s, eta: 0:01:06, max_mem_reserved: 481 MB, max_mem_allocated: 456 MB
[2026/07/06 05:53:03] ppocr INFO: epoch: [5/10], global_step: 1140, lr: 0.000500, acc: 0.093750, norm_edit_dis: 0.421171, loss: 1.455786, avg_reader_cost: 0.00086 s, avg_batch_cost: 0.04842 s, avg_samples: 32.0, ips: 660.91062 samples/s, eta: 0:01:05, max_mem_reserved: 481 MB, max_mem_allocated: 456 MB
[2026/07/06 05:53:03] ppocr INFO: epoch: [5/10], global_step: 1150, lr: 0.000500, acc: 0.062500, norm_edit_dis: 0.405106, loss: 1.274891, avg_reader_cost: 0.00087 s, avg_batch_cost: 0.04839 s, avg_samples: 32.0, ips: 661.32875 samples/s, eta: 0:01:04, max_mem_reserved: 481 MB, max_mem_allocated: 456 MB
[2026/07/06 05:53:04] ppocr INFO: epoch: [5/10], global_step: 1160, lr: 0.000500, acc: 0.062500, norm_edit_dis: 0.430539, loss: 1.587858, avg_reader_cost: 0.00088 s, avg_batch_cost: 0.04837 s, avg_samples: 32.0, ips: 661.51747 samples/s, eta: 0:01:04, max_mem_reserved: 481 MB, max_mem_allocated: 456 MB
[2026/07/06 05:53:04] ppocr INFO: epoch: [5/10], global_step: 1170, lr: 0.000500, acc: 0.125000, norm_edit_dis: 0.454641, loss: 1.894034, avg_reader_cost: 0.00086 s, avg_batch_cost: 0.04942 s, avg_samples: 32.0, ips: 647.48459 samples/s, eta: 0:01:03, max_mem_reserved: 481 MB, max_mem_allocated: 456 MB
[2026/07/06 05:53:05] ppocr INFO: epoch: [5/10], global_step: 1180, lr: 0.000500, acc: 0.093750, norm_edit_dis: 0.450909, loss: 2.076593, avg_reader_cost: 0.00089 s, avg_batch_cost: 0.04913 s, avg_samples: 32.0, ips: 651.30967 samples/s, eta: 0:01:03, max_mem_reserved: 481 MB, max_mem_allocated: 456 MB
[2026/07/06 05:53:05] ppocr INFO: epoch: [5/10], global_step: 1190, lr: 0.000500, acc: 0.062500, norm_edit_dis: 0.411974, loss: 1.808044, avg_reader_cost: 0.00072 s, avg_batch_cost: 0.04399 s, avg_samples: 32.0, ips: 727.39797 samples/s, eta: 0:01:02, max_mem_reserved: 481 MB, max_mem_allocated: 456 MB
[2026/07/06 05:53:06] ppocr INFO: epoch: [5/10], global_step: 1195, lr: 0.000500, acc: 0.062500, norm_edit_dis: 0.404198, loss: 1.866503, avg_reader_cost: 0.00034 s, avg_batch_cost: 0.02180 s, avg_samples: 16.0, ips: 733.78708 samples/s, eta: 0:01:02, max_mem_reserved: 481 MB, max_mem_allocated: 456 MB
[2026/07/06 05:53:06] ppocr INFO: save model in /home/jupyter-st126316/Myanmar-OCR-Project/outputs/puffer_2080ti_20k_finetune_myocr/latest
[2026/07/06 05:53:07] ppocr INFO: epoch: [6/10], global_step: 1200, lr: 0.000500, acc: 0.062500, norm_edit_dis: 0.419836, loss: 1.784002, avg_reader_cost: 0.05465 s, avg_batch_cost: 0.08726 s, avg_samples: 16.0, ips: 183.36096 samples/s, eta: 0:01:02, max_mem_reserved: 481 MB, max_mem_allocated: 456 MB
[2026/07/06 05:53:07] ppocr INFO: epoch: [6/10], global_step: 1210, lr: 0.000500, acc: 0.093750, norm_edit_dis: 0.430918, loss: 1.784002, avg_reader_cost: 0.00090 s, avg_batch_cost: 0.05101 s, avg_samples: 32.0, ips: 627.38148 samples/s, eta: 0:01:02, max_mem_reserved: 481 MB, max_mem_allocated: 456 MB
[2026/07/06 05:53:08] ppocr INFO: epoch: [6/10], global_step: 1220, lr: 0.000500, acc: 0.093750, norm_edit_dis: 0.433015, loss: 1.775643, avg_reader_cost: 0.00084 s, avg_batch_cost: 0.04685 s, avg_samples: 32.0, ips: 682.97827 samples/s, eta: 0:01:01, max_mem_reserved: 481 MB, max_mem_allocated: 456 MB
[2026/07/06 05:53:08] ppocr INFO: epoch: [6/10], global_step: 1230, lr: 0.000500, acc: 0.093750, norm_edit_dis: 0.435681, loss: 1.553490, avg_reader_cost: 0.00085 s, avg_batch_cost: 0.04761 s, avg_samples: 32.0, ips: 672.19204 samples/s, eta: 0:01:01, max_mem_reserved: 481 MB, max_mem_allocated: 456 MB
[2026/07/06 05:53:09] ppocr INFO: epoch: [6/10], global_step: 1240, lr: 0.000500, acc: 0.093750, norm_edit_dis: 0.450931, loss: 1.623549, avg_reader_cost: 0.00086 s, avg_batch_cost: 0.04724 s, avg_samples: 32.0, ips: 677.43143 samples/s, eta: 0:01:00, max_mem_reserved: 481 MB, max_mem_allocated: 456 MB
[2026/07/06 05:53:09] ppocr INFO: epoch: [6/10], global_step: 1250, lr: 0.000500, acc: 0.093750, norm_edit_dis: 0.444522, loss: 1.521811, avg_reader_cost: 0.00088 s, avg_batch_cost: 0.04726 s, avg_samples: 32.0, ips: 677.14195 samples/s, eta: 0:00:59, max_mem_reserved: 481 MB, max_mem_allocated: 456 MB
[2026/07/06 05:53:10] ppocr INFO: epoch: [6/10], global_step: 1260, lr: 0.000500, acc: 0.093750, norm_edit_dis: 0.447759, loss: 1.406125, avg_reader_cost: 0.00087 s, avg_batch_cost: 0.04903 s, avg_samples: 32.0, ips: 652.69187 samples/s, eta: 0:00:59, max_mem_reserved: 481 MB, max_mem_allocated: 456 MB
[2026/07/06 05:53:10] ppocr INFO: epoch: [6/10], global_step: 1270, lr: 0.000500, acc: 0.093750, norm_edit_dis: 0.457292, loss: 1.406125, avg_reader_cost: 0.00088 s, avg_batch_cost: 0.04936 s, avg_samples: 32.0, ips: 648.36131 samples/s, eta: 0:00:58, max_mem_reserved: 481 MB, max_mem_allocated: 456 MB
[2026/07/06 05:53:11] ppocr INFO: epoch: [6/10], global_step: 1280, lr: 0.000500, acc: 0.093750, norm_edit_dis: 0.447720, loss: 1.439014, avg_reader_cost: 0.00086 s, avg_batch_cost: 0.04755 s, avg_samples: 32.0, ips: 672.99287 samples/s, eta: 0:00:58, max_mem_reserved: 481 MB, max_mem_allocated: 456 MB
[2026/07/06 05:53:11] ppocr INFO: epoch: [6/10], global_step: 1290, lr: 0.000500, acc: 0.093750, norm_edit_dis: 0.431604, loss: 1.788142, avg_reader_cost: 0.00087 s, avg_batch_cost: 0.04743 s, avg_samples: 32.0, ips: 674.61926 samples/s, eta: 0:00:57, max_mem_reserved: 481 MB, max_mem_allocated: 456 MB
[2026/07/06 05:53:11] ppocr INFO: epoch: [6/10], global_step: 1300, lr: 0.000500, acc: 0.062500, norm_edit_dis: 0.434276, loss: 2.078337, avg_reader_cost: 0.00086 s, avg_batch_cost: 0.04722 s, avg_samples: 32.0, ips: 677.71500 samples/s, eta: 0:00:57, max_mem_reserved: 481 MB, max_mem_allocated: 456 MB
[2026/07/06 05:53:12] ppocr INFO: epoch: [6/10], global_step: 1310, lr: 0.000500, acc: 0.093750, norm_edit_dis: 0.436282, loss: 1.892958, avg_reader_cost: 0.00088 s, avg_batch_cost: 0.04768 s, avg_samples: 32.0, ips: 671.15844 samples/s, eta: 0:00:56, max_mem_reserved: 481 MB, max_mem_allocated: 456 MB
[2026/07/06 05:53:12] ppocr INFO: epoch: [6/10], global_step: 1320, lr: 0.000500, acc: 0.093750, norm_edit_dis: 0.444421, loss: 1.595808, avg_reader_cost: 0.00088 s, avg_batch_cost: 0.04794 s, avg_samples: 32.0, ips: 667.51510 samples/s, eta: 0:00:55, max_mem_reserved: 481 MB, max_mem_allocated: 456 MB
[2026/07/06 05:53:13] ppocr INFO: epoch: [6/10], global_step: 1330, lr: 0.000500, acc: 0.093750, norm_edit_dis: 0.432185, loss: 1.270294, avg_reader_cost: 0.00087 s, avg_batch_cost: 0.04758 s, avg_samples: 32.0, ips: 672.53931 samples/s, eta: 0:00:55, max_mem_reserved: 481 MB, max_mem_allocated: 456 MB
[2026/07/06 05:53:13] ppocr INFO: epoch: [6/10], global_step: 1340, lr: 0.000500, acc: 0.093750, norm_edit_dis: 0.420676, loss: 1.322109, avg_reader_cost: 0.00109 s, avg_batch_cost: 0.05634 s, avg_samples: 32.0, ips: 568.01422 samples/s, eta: 0:00:54, max_mem_reserved: 481 MB, max_mem_allocated: 456 MB
[2026/07/06 05:53:14] ppocr INFO: epoch: [6/10], global_step: 1350, lr: 0.000500, acc: 0.093750, norm_edit_dis: 0.452615, loss: 1.533708, avg_reader_cost: 0.00087 s, avg_batch_cost: 0.04758 s, avg_samples: 32.0, ips: 672.55515 samples/s, eta: 0:00:54, max_mem_reserved: 481 MB, max_mem_allocated: 456 MB
[2026/07/06 05:53:14] ppocr INFO: epoch: [6/10], global_step: 1360, lr: 0.000500, acc: 0.109375, norm_edit_dis: 0.443328, loss: 1.491804, avg_reader_cost: 0.00087 s, avg_batch_cost: 0.04751 s, avg_samples: 32.0, ips: 673.53424 samples/s, eta: 0:00:53, max_mem_reserved: 481 MB, max_mem_allocated: 456 MB
[2026/07/06 05:53:15] ppocr INFO: epoch: [6/10], global_step: 1370, lr: 0.000500, acc: 0.109375, norm_edit_dis: 0.442377, loss: 1.354608, avg_reader_cost: 0.00086 s, avg_batch_cost: 0.04841 s, avg_samples: 32.0, ips: 661.07077 samples/s, eta: 0:00:53, max_mem_reserved: 481 MB, max_mem_allocated: 456 MB
[2026/07/06 05:53:15] ppocr INFO: epoch: [6/10], global_step: 1380, lr: 0.000500, acc: 0.062500, norm_edit_dis: 0.416724, loss: 1.165042, avg_reader_cost: 0.00087 s, avg_batch_cost: 0.04940 s, avg_samples: 32.0, ips: 647.76052 samples/s, eta: 0:00:52, max_mem_reserved: 481 MB, max_mem_allocated: 456 MB
[2026/07/06 05:53:16] ppocr INFO: epoch: [6/10], global_step: 1390, lr: 0.000500, acc: 0.062500, norm_edit_dis: 0.415776, loss: 0.978773, avg_reader_cost: 0.00086 s, avg_batch_cost: 0.04737 s, avg_samples: 32.0, ips: 675.46532 samples/s, eta: 0:00:52, max_mem_reserved: 481 MB, max_mem_allocated: 456 MB
[2026/07/06 05:53:16] ppocr INFO: epoch: [6/10], global_step: 1400, lr: 0.000500, acc: 0.093750, norm_edit_dis: 0.444235, loss: 1.166694, avg_reader_cost: 0.00085 s, avg_batch_cost: 0.04727 s, avg_samples: 32.0, ips: 676.89607 samples/s, eta: 0:00:51, max_mem_reserved: 481 MB, max_mem_allocated: 456 MB
[2026/07/06 05:53:17] ppocr INFO: epoch: [6/10], global_step: 1410, lr: 0.000500, acc: 0.093750, norm_edit_dis: 0.460901, loss: 1.459936, avg_reader_cost: 0.00086 s, avg_batch_cost: 0.04733 s, avg_samples: 32.0, ips: 676.14996 samples/s, eta: 0:00:51, max_mem_reserved: 481 MB, max_mem_allocated: 456 MB
[2026/07/06 05:53:17] ppocr INFO: epoch: [6/10], global_step: 1420, lr: 0.000500, acc: 0.093750, norm_edit_dis: 0.448952, loss: 1.566559, avg_reader_cost: 0.00087 s, avg_batch_cost: 0.04682 s, avg_samples: 32.0, ips: 683.41262 samples/s, eta: 0:00:50, max_mem_reserved: 481 MB, max_mem_allocated: 456 MB
[2026/07/06 05:53:18] ppocr INFO: epoch: [6/10], global_step: 1430, lr: 0.000500, acc: 0.093750, norm_edit_dis: 0.407395, loss: 1.209337, avg_reader_cost: 0.00070 s, avg_batch_cost: 0.04355 s, avg_samples: 32.0, ips: 734.77569 samples/s, eta: 0:00:49, max_mem_reserved: 481 MB, max_mem_allocated: 456 MB
[2026/07/06 05:53:18] ppocr INFO: epoch: [6/10], global_step: 1434, lr: 0.000500, acc: 0.093750, norm_edit_dis: 0.407395, loss: 1.236082, avg_reader_cost: 0.00027 s, avg_batch_cost: 0.01728 s, avg_samples: 12.8, ips: 740.83144 samples/s, eta: 0:00:49, max_mem_reserved: 481 MB, max_mem_allocated: 456 MB
[2026/07/06 05:53:18] ppocr INFO: save model in /home/jupyter-st126316/Myanmar-OCR-Project/outputs/puffer_2080ti_20k_finetune_myocr/latest
[2026/07/06 05:53:18] ppocr INFO: save model in /home/jupyter-st126316/Myanmar-OCR-Project/outputs/puffer_2080ti_20k_finetune_myocr/iter_epoch_6
[2026/07/06 05:53:19] ppocr INFO: epoch: [7/10], global_step: 1440, lr: 0.000500, acc: 0.093750, norm_edit_dis: 0.437624, loss: 1.665523, avg_reader_cost: 0.05626 s, avg_batch_cost: 0.08609 s, avg_samples: 19.2, ips: 223.01540 samples/s, eta: 0:00:49, max_mem_reserved: 481 MB, max_mem_allocated: 456 MB
[2026/07/06 05:53:20] ppocr INFO: epoch: [7/10], global_step: 1450, lr: 0.000500, acc: 0.109375, norm_edit_dis: 0.438433, loss: 1.778465, avg_reader_cost: 0.00085 s, avg_batch_cost: 0.04722 s, avg_samples: 32.0, ips: 677.69720 samples/s, eta: 0:00:49, max_mem_reserved: 481 MB, max_mem_allocated: 456 MB
[2026/07/06 05:53:20] ppocr INFO: epoch: [7/10], global_step: 1460, lr: 0.000500, acc: 0.093750, norm_edit_dis: 0.429160, loss: 1.913059, avg_reader_cost: 0.00085 s, avg_batch_cost: 0.04748 s, avg_samples: 32.0, ips: 673.98408 samples/s, eta: 0:00:48, max_mem_reserved: 481 MB, max_mem_allocated: 456 MB
[2026/07/06 05:53:21] ppocr INFO: epoch: [7/10], global_step: 1470, lr: 0.000500, acc: 0.093750, norm_edit_dis: 0.433138, loss: 1.848378, avg_reader_cost: 0.00085 s, avg_batch_cost: 0.04761 s, avg_samples: 32.0, ips: 672.12102 samples/s, eta: 0:00:48, max_mem_reserved: 481 MB, max_mem_allocated: 456 MB
[2026/07/06 05:53:21] ppocr INFO: epoch: [7/10], global_step: 1480, lr: 0.000500, acc: 0.093750, norm_edit_dis: 0.438550, loss: 1.593177, avg_reader_cost: 0.00088 s, avg_batch_cost: 0.05119 s, avg_samples: 32.0, ips: 625.09916 samples/s, eta: 0:00:47, max_mem_reserved: 481 MB, max_mem_allocated: 456 MB
[2026/07/06 05:53:22] ppocr INFO: epoch: [7/10], global_step: 1490, lr: 0.000500, acc: 0.093750, norm_edit_dis: 0.440134, loss: 1.690686, avg_reader_cost: 0.00086 s, avg_batch_cost: 0.04861 s, avg_samples: 32.0, ips: 658.24593 samples/s, eta: 0:00:46, max_mem_reserved: 481 MB, max_mem_allocated: 456 MB
[2026/07/06 05:53:22] ppocr INFO: epoch: [7/10], global_step: 1500, lr: 0.000500, acc: 0.093750, norm_edit_dis: 0.442345, loss: 1.607446, avg_reader_cost: 0.00085 s, avg_batch_cost: 0.04754 s, avg_samples: 32.0, ips: 673.14003 samples/s, eta: 0:00:46, max_mem_reserved: 481 MB, max_mem_allocated: 456 MB
[2026/07/06 05:53:23] ppocr INFO: epoch: [7/10], global_step: 1510, lr: 0.000500, acc: 0.093750, norm_edit_dis: 0.449662, loss: 1.444192, avg_reader_cost: 0.00086 s, avg_batch_cost: 0.04799 s, avg_samples: 32.0, ips: 666.85246 samples/s, eta: 0:00:45, max_mem_reserved: 481 MB, max_mem_allocated: 456 MB
[2026/07/06 05:53:23] ppocr INFO: epoch: [7/10], global_step: 1520, lr: 0.000500, acc: 0.093750, norm_edit_dis: 0.450324, loss: 1.501043, avg_reader_cost: 0.00087 s, avg_batch_cost: 0.04857 s, avg_samples: 32.0, ips: 658.80069 samples/s, eta: 0:00:45, max_mem_reserved: 481 MB, max_mem_allocated: 456 MB
[2026/07/06 05:53:24] ppocr INFO: epoch: [7/10], global_step: 1530, lr: 0.000500, acc: 0.078125, norm_edit_dis: 0.434674, loss: 1.413410, avg_reader_cost: 0.00086 s, avg_batch_cost: 0.04794 s, avg_samples: 32.0, ips: 667.52572 samples/s, eta: 0:00:44, max_mem_reserved: 481 MB, max_mem_allocated: 456 MB
[2026/07/06 05:53:24] ppocr INFO: epoch: [7/10], global_step: 1540, lr: 0.000500, acc: 0.078125, norm_edit_dis: 0.437400, loss: 1.487644, avg_reader_cost: 0.00087 s, avg_batch_cost: 0.04781 s, avg_samples: 32.0, ips: 669.33231 samples/s, eta: 0:00:44, max_mem_reserved: 481 MB, max_mem_allocated: 456 MB
[2026/07/06 05:53:24] ppocr INFO: epoch: [7/10], global_step: 1550, lr: 0.000500, acc: 0.093750, norm_edit_dis: 0.439434, loss: 1.431226, avg_reader_cost: 0.00086 s, avg_batch_cost: 0.04778 s, avg_samples: 32.0, ips: 669.80496 samples/s, eta: 0:00:43, max_mem_reserved: 481 MB, max_mem_allocated: 456 MB
[2026/07/06 05:53:25] ppocr INFO: epoch: [7/10], global_step: 1560, lr: 0.000500, acc: 0.093750, norm_edit_dis: 0.430441, loss: 1.126123, avg_reader_cost: 0.00085 s, avg_batch_cost: 0.04833 s, avg_samples: 32.0, ips: 662.08168 samples/s, eta: 0:00:43, max_mem_reserved: 481 MB, max_mem_allocated: 456 MB
[2026/07/06 05:53:25] ppocr INFO: epoch: [7/10], global_step: 1570, lr: 0.000500, acc: 0.125000, norm_edit_dis: 0.459030, loss: 1.021950, avg_reader_cost: 0.00088 s, avg_batch_cost: 0.04809 s, avg_samples: 32.0, ips: 665.39815 samples/s, eta: 0:00:42, max_mem_reserved: 481 MB, max_mem_allocated: 456 MB
[2026/07/06 05:53:26] ppocr INFO: epoch: [7/10], global_step: 1580, lr: 0.000500, acc: 0.125000, norm_edit_dis: 0.438763, loss: 0.984581, avg_reader_cost: 0.00085 s, avg_batch_cost: 0.04761 s, avg_samples: 32.0, ips: 672.11193 samples/s, eta: 0:00:42, max_mem_reserved: 481 MB, max_mem_allocated: 456 MB
[2026/07/06 05:53:26] ppocr INFO: epoch: [7/10], global_step: 1590, lr: 0.000500, acc: 0.125000, norm_edit_dis: 0.457111, loss: 1.088433, avg_reader_cost: 0.00089 s, avg_batch_cost: 0.04803 s, avg_samples: 32.0, ips: 666.24140 samples/s, eta: 0:00:41, max_mem_reserved: 481 MB, max_mem_allocated: 456 MB
[2026/07/06 05:53:27] ppocr INFO: epoch: [7/10], global_step: 1600, lr: 0.000500, acc: 0.125000, norm_edit_dis: 0.455413, loss: 0.883713, avg_reader_cost: 0.00088 s, avg_batch_cost: 0.04851 s, avg_samples: 32.0, ips: 659.60816 samples/s, eta: 0:00:41, max_mem_reserved: 481 MB, max_mem_allocated: 456 MB
[2026/07/06 05:53:27] ppocr INFO: epoch: [7/10], global_step: 1610, lr: 0.000500, acc: 0.125000, norm_edit_dis: 0.449066, loss: 0.877324, avg_reader_cost: 0.00085 s, avg_batch_cost: 0.04782 s, avg_samples: 32.0, ips: 669.20917 samples/s, eta: 0:00:40, max_mem_reserved: 481 MB, max_mem_allocated: 456 MB
[2026/07/06 05:53:28] ppocr INFO: epoch: [7/10], global_step: 1620, lr: 0.000500, acc: 0.093750, norm_edit_dis: 0.423835, loss: 1.106824, avg_reader_cost: 0.00086 s, avg_batch_cost: 0.04803 s, avg_samples: 32.0, ips: 666.27977 samples/s, eta: 0:00:39, max_mem_reserved: 481 MB, max_mem_allocated: 456 MB
[2026/07/06 05:53:28] ppocr INFO: epoch: [7/10], global_step: 1630, lr: 0.000500, acc: 0.093750, norm_edit_dis: 0.424124, loss: 0.744870, avg_reader_cost: 0.00086 s, avg_batch_cost: 0.04774 s, avg_samples: 32.0, ips: 670.31610 samples/s, eta: 0:00:39, max_mem_reserved: 481 MB, max_mem_allocated: 456 MB
[2026/07/06 05:53:29] ppocr INFO: epoch: [7/10], global_step: 1640, lr: 0.000500, acc: 0.125000, norm_edit_dis: 0.470341, loss: 0.922451, avg_reader_cost: 0.00085 s, avg_batch_cost: 0.04850 s, avg_samples: 32.0, ips: 659.75407 samples/s, eta: 0:00:38, max_mem_reserved: 481 MB, max_mem_allocated: 456 MB
[2026/07/06 05:53:29] ppocr INFO: epoch: [7/10], global_step: 1650, lr: 0.000500, acc: 0.140625, norm_edit_dis: 0.472852, loss: 1.150972, avg_reader_cost: 0.00089 s, avg_batch_cost: 0.04832 s, avg_samples: 32.0, ips: 662.24437 samples/s, eta: 0:00:38, max_mem_reserved: 481 MB, max_mem_allocated: 456 MB
[2026/07/06 05:53:30] ppocr INFO: epoch: [7/10], global_step: 1660, lr: 0.000500, acc: 0.125000, norm_edit_dis: 0.459253, loss: 1.155937, avg_reader_cost: 0.00082 s, avg_batch_cost: 0.04707 s, avg_samples: 32.0, ips: 679.88189 samples/s, eta: 0:00:37, max_mem_reserved: 481 MB, max_mem_allocated: 456 MB
[2026/07/06 05:53:30] ppocr INFO: epoch: [7/10], global_step: 1670, lr: 0.000500, acc: 0.093750, norm_edit_dis: 0.417521, loss: 0.753557, avg_reader_cost: 0.00069 s, avg_batch_cost: 0.04350 s, avg_samples: 32.0, ips: 735.57221 samples/s, eta: 0:00:37, max_mem_reserved: 481 MB, max_mem_allocated: 456 MB
[2026/07/06 05:53:30] ppocr INFO: epoch: [7/10], global_step: 1673, lr: 0.000500, acc: 0.093750, norm_edit_dis: 0.417521, loss: 0.832813, avg_reader_cost: 0.00020 s, avg_batch_cost: 0.01298 s, avg_samples: 9.6, ips: 739.73751 samples/s, eta: 0:00:37, max_mem_reserved: 481 MB, max_mem_allocated: 456 MB
[2026/07/06 05:53:31] ppocr INFO: save model in /home/jupyter-st126316/Myanmar-OCR-Project/outputs/puffer_2080ti_20k_finetune_myocr/latest
[2026/07/06 05:53:32] ppocr INFO: epoch: [8/10], global_step: 1680, lr: 0.000500, acc: 0.125000, norm_edit_dis: 0.441391, loss: 0.902518, avg_reader_cost: 0.05645 s, avg_batch_cost: 0.10057 s, avg_samples: 22.4, ips: 222.71990 samples/s, eta: 0:00:36, max_mem_reserved: 481 MB, max_mem_allocated: 456 MB
[2026/07/06 05:53:32] ppocr INFO: epoch: [8/10], global_step: 1690, lr: 0.000500, acc: 0.125000, norm_edit_dis: 0.444891, loss: 1.177252, avg_reader_cost: 0.00086 s, avg_batch_cost: 0.04954 s, avg_samples: 32.0, ips: 645.97196 samples/s, eta: 0:00:36, max_mem_reserved: 481 MB, max_mem_allocated: 456 MB
[2026/07/06 05:53:33] ppocr INFO: epoch: [8/10], global_step: 1700, lr: 0.000500, acc: 0.125000, norm_edit_dis: 0.437107, loss: 1.330177, avg_reader_cost: 0.00122 s, avg_batch_cost: 0.04670 s, avg_samples: 32.0, ips: 685.23462 samples/s, eta: 0:00:35, max_mem_reserved: 481 MB, max_mem_allocated: 456 MB
[2026/07/06 05:53:33] ppocr INFO: epoch: [8/10], global_step: 1710, lr: 0.000500, acc: 0.093750, norm_edit_dis: 0.462643, loss: 1.322573, avg_reader_cost: 0.00109 s, avg_batch_cost: 0.04695 s, avg_samples: 32.0, ips: 681.61205 samples/s, eta: 0:00:35, max_mem_reserved: 481 MB, max_mem_allocated: 456 MB
[2026/07/06 05:53:33] ppocr INFO: epoch: [8/10], global_step: 1720, lr: 0.000500, acc: 0.078125, norm_edit_dis: 0.449390, loss: 1.322573, avg_reader_cost: 0.00085 s, avg_batch_cost: 0.04694 s, avg_samples: 32.0, ips: 681.72387 samples/s, eta: 0:00:34, max_mem_reserved: 481 MB, max_mem_allocated: 456 MB
[2026/07/06 05:53:34] ppocr INFO: epoch: [8/10], global_step: 1730, lr: 0.000500, acc: 0.093750, norm_edit_dis: 0.434134, loss: 1.202229, avg_reader_cost: 0.00085 s, avg_batch_cost: 0.04694 s, avg_samples: 32.0, ips: 681.69444 samples/s, eta: 0:00:34, max_mem_reserved: 481 MB, max_mem_allocated: 456 MB
[2026/07/06 05:53:34] ppocr INFO: epoch: [8/10], global_step: 1740, lr: 0.000500, acc: 0.125000, norm_edit_dis: 0.451934, loss: 1.335048, avg_reader_cost: 0.00086 s, avg_batch_cost: 0.04662 s, avg_samples: 32.0, ips: 686.43457 samples/s, eta: 0:00:33, max_mem_reserved: 481 MB, max_mem_allocated: 456 MB
[2026/07/06 05:53:35] ppocr INFO: epoch: [8/10], global_step: 1750, lr: 0.000500, acc: 0.125000, norm_edit_dis: 0.462094, loss: 1.252682, avg_reader_cost: 0.00085 s, avg_batch_cost: 0.04703 s, avg_samples: 32.0, ips: 680.41785 samples/s, eta: 0:00:33, max_mem_reserved: 481 MB, max_mem_allocated: 456 MB
[2026/07/06 05:53:35] ppocr INFO: epoch: [8/10], global_step: 1760, lr: 0.000500, acc: 0.125000, norm_edit_dis: 0.462334, loss: 1.291412, avg_reader_cost: 0.00087 s, avg_batch_cost: 0.04697 s, avg_samples: 32.0, ips: 681.22769 samples/s, eta: 0:00:32, max_mem_reserved: 481 MB, max_mem_allocated: 456 MB
[2026/07/06 05:53:36] ppocr INFO: epoch: [8/10], global_step: 1770, lr: 0.000500, acc: 0.093750, norm_edit_dis: 0.454167, loss: 1.222608, avg_reader_cost: 0.00085 s, avg_batch_cost: 0.04717 s, avg_samples: 32.0, ips: 678.43096 samples/s, eta: 0:00:32, max_mem_reserved: 481 MB, max_mem_allocated: 456 MB
[2026/07/06 05:53:36] ppocr INFO: epoch: [8/10], global_step: 1780, lr: 0.000500, acc: 0.093750, norm_edit_dis: 0.456568, loss: 1.153767, avg_reader_cost: 0.00088 s, avg_batch_cost: 0.04719 s, avg_samples: 32.0, ips: 678.11219 samples/s, eta: 0:00:31, max_mem_reserved: 481 MB, max_mem_allocated: 456 MB
[2026/07/06 05:53:37] ppocr INFO: epoch: [8/10], global_step: 1790, lr: 0.000500, acc: 0.125000, norm_edit_dis: 0.437291, loss: 1.098492, avg_reader_cost: 0.00085 s, avg_batch_cost: 0.04731 s, avg_samples: 32.0, ips: 676.45462 samples/s, eta: 0:00:31, max_mem_reserved: 481 MB, max_mem_allocated: 456 MB
[2026/07/06 05:53:37] ppocr INFO: epoch: [8/10], global_step: 1800, lr: 0.000500, acc: 0.125000, norm_edit_dis: 0.428119, loss: 0.756483, avg_reader_cost: 0.00086 s, avg_batch_cost: 0.04721 s, avg_samples: 32.0, ips: 677.82247 samples/s, eta: 0:00:30, max_mem_reserved: 481 MB, max_mem_allocated: 456 MB
[2026/07/06 05:53:38] ppocr INFO: epoch: [8/10], global_step: 1810, lr: 0.000500, acc: 0.140625, norm_edit_dis: 0.470065, loss: 0.727755, avg_reader_cost: 0.00086 s, avg_batch_cost: 0.04753 s, avg_samples: 32.0, ips: 673.24808 samples/s, eta: 0:00:30, max_mem_reserved: 481 MB, max_mem_allocated: 456 MB
[2026/07/06 05:53:38] ppocr INFO: epoch: [8/10], global_step: 1820, lr: 0.000500, acc: 0.140625, norm_edit_dis: 0.458960, loss: 0.727755, avg_reader_cost: 0.00086 s, avg_batch_cost: 0.04692 s, avg_samples: 32.0, ips: 682.07794 samples/s, eta: 0:00:29, max_mem_reserved: 481 MB, max_mem_allocated: 456 MB
[2026/07/06 05:53:39] ppocr INFO: epoch: [8/10], global_step: 1830, lr: 0.000500, acc: 0.156250, norm_edit_dis: 0.465688, loss: 0.755313, avg_reader_cost: 0.00087 s, avg_batch_cost: 0.04752 s, avg_samples: 32.0, ips: 673.33185 samples/s, eta: 0:00:28, max_mem_reserved: 481 MB, max_mem_allocated: 456 MB
[2026/07/06 05:53:39] ppocr INFO: epoch: [8/10], global_step: 1840, lr: 0.000500, acc: 0.156250, norm_edit_dis: 0.459900, loss: 0.668592, avg_reader_cost: 0.00084 s, avg_batch_cost: 0.04671 s, avg_samples: 32.0, ips: 685.09122 samples/s, eta: 0:00:28, max_mem_reserved: 481 MB, max_mem_allocated: 456 MB
[2026/07/06 05:53:40] ppocr INFO: epoch: [8/10], global_step: 1850, lr: 0.000500, acc: 0.156250, norm_edit_dis: 0.452627, loss: 0.723249, avg_reader_cost: 0.00085 s, avg_batch_cost: 0.04677 s, avg_samples: 32.0, ips: 684.23519 samples/s, eta: 0:00:27, max_mem_reserved: 481 MB, max_mem_allocated: 456 MB
[2026/07/06 05:53:40] ppocr INFO: epoch: [8/10], global_step: 1860, lr: 0.000500, acc: 0.140625, norm_edit_dis: 0.435535, loss: 0.723249, avg_reader_cost: 0.00087 s, avg_batch_cost: 0.04685 s, avg_samples: 32.0, ips: 683.05404 samples/s, eta: 0:00:27, max_mem_reserved: 481 MB, max_mem_allocated: 456 MB
[2026/07/06 05:53:41] ppocr INFO: epoch: [8/10], global_step: 1870, lr: 0.000500, acc: 0.109375, norm_edit_dis: 0.435089, loss: 0.596588, avg_reader_cost: 0.00085 s, avg_batch_cost: 0.04680 s, avg_samples: 32.0, ips: 683.82697 samples/s, eta: 0:00:26, max_mem_reserved: 481 MB, max_mem_allocated: 456 MB
[2026/07/06 05:53:41] ppocr INFO: epoch: [8/10], global_step: 1880, lr: 0.000500, acc: 0.187500, norm_edit_dis: 0.474594, loss: 0.692145, avg_reader_cost: 0.00086 s, avg_batch_cost: 0.04679 s, avg_samples: 32.0, ips: 683.94022 samples/s, eta: 0:00:26, max_mem_reserved: 481 MB, max_mem_allocated: 456 MB
[2026/07/06 05:53:41] ppocr INFO: epoch: [8/10], global_step: 1890, lr: 0.000500, acc: 0.171875, norm_edit_dis: 0.477469, loss: 0.782009, avg_reader_cost: 0.00086 s, avg_batch_cost: 0.04687 s, avg_samples: 32.0, ips: 682.68021 samples/s, eta: 0:00:25, max_mem_reserved: 481 MB, max_mem_allocated: 456 MB
[2026/07/06 05:53:42] ppocr INFO: epoch: [8/10], global_step: 1900, lr: 0.000500, acc: 0.156250, norm_edit_dis: 0.457540, loss: 0.830473, avg_reader_cost: 0.00081 s, avg_batch_cost: 0.04581 s, avg_samples: 32.0, ips: 698.59185 samples/s, eta: 0:00:25, max_mem_reserved: 481 MB, max_mem_allocated: 456 MB
[2026/07/06 05:53:42] ppocr INFO: epoch: [8/10], global_step: 1910, lr: 0.000500, acc: 0.125000, norm_edit_dis: 0.416908, loss: 0.655321, avg_reader_cost: 0.00069 s, avg_batch_cost: 0.04332 s, avg_samples: 32.0, ips: 738.76425 samples/s, eta: 0:00:24, max_mem_reserved: 481 MB, max_mem_allocated: 456 MB
[2026/07/06 05:53:42] ppocr INFO: epoch: [8/10], global_step: 1912, lr: 0.000500, acc: 0.140625, norm_edit_dis: 0.416908, loss: 0.713196, avg_reader_cost: 0.00013 s, avg_batch_cost: 0.00861 s, avg_samples: 6.4, ips: 743.71831 samples/s, eta: 0:00:24, max_mem_reserved: 481 MB, max_mem_allocated: 456 MB
[2026/07/06 05:53:43] ppocr INFO: save model in /home/jupyter-st126316/Myanmar-OCR-Project/outputs/puffer_2080ti_20k_finetune_myocr/latest
[2026/07/06 05:53:44] ppocr INFO: epoch: [9/10], global_step: 1920, lr: 0.000500, acc: 0.156250, norm_edit_dis: 0.448927, loss: 0.620378, avg_reader_cost: 0.05504 s, avg_batch_cost: 0.10519 s, avg_samples: 25.6, ips: 243.37771 samples/s, eta: 0:00:24, max_mem_reserved: 481 MB, max_mem_allocated: 456 MB
[2026/07/06 05:53:44] ppocr INFO: epoch: [9/10], global_step: 1930, lr: 0.000500, acc: 0.156250, norm_edit_dis: 0.457431, loss: 0.765661, avg_reader_cost: 0.00088 s, avg_batch_cost: 0.04898 s, avg_samples: 32.0, ips: 653.31552 samples/s, eta: 0:00:23, max_mem_reserved: 481 MB, max_mem_allocated: 456 MB
[2026/07/06 05:53:45] ppocr INFO: epoch: [9/10], global_step: 1940, lr: 0.000500, acc: 0.156250, norm_edit_dis: 0.465440, loss: 0.770746, avg_reader_cost: 0.00085 s, avg_batch_cost: 0.04708 s, avg_samples: 32.0, ips: 679.63023 samples/s, eta: 0:00:23, max_mem_reserved: 481 MB, max_mem_allocated: 456 MB
[2026/07/06 05:53:45] ppocr INFO: epoch: [9/10], global_step: 1950, lr: 0.000500, acc: 0.156250, norm_edit_dis: 0.472808, loss: 0.781212, avg_reader_cost: 0.00085 s, avg_batch_cost: 0.04709 s, avg_samples: 32.0, ips: 679.56176 samples/s, eta: 0:00:22, max_mem_reserved: 481 MB, max_mem_allocated: 456 MB
[2026/07/06 05:53:46] ppocr INFO: epoch: [9/10], global_step: 1960, lr: 0.000500, acc: 0.125000, norm_edit_dis: 0.458010, loss: 0.968662, avg_reader_cost: 0.00091 s, avg_batch_cost: 0.05092 s, avg_samples: 32.0, ips: 628.40251 samples/s, eta: 0:00:22, max_mem_reserved: 481 MB, max_mem_allocated: 456 MB
[2026/07/06 05:53:46] ppocr INFO: epoch: [9/10], global_step: 1970, lr: 0.000500, acc: 0.125000, norm_edit_dis: 0.451072, loss: 0.915777, avg_reader_cost: 0.00085 s, avg_batch_cost: 0.04708 s, avg_samples: 32.0, ips: 679.68461 samples/s, eta: 0:00:21, max_mem_reserved: 481 MB, max_mem_allocated: 456 MB
[2026/07/06 05:53:47] ppocr INFO: epoch: [9/10], global_step: 1980, lr: 0.000500, acc: 0.171875, norm_edit_dis: 0.457682, loss: 0.869936, avg_reader_cost: 0.00087 s, avg_batch_cost: 0.04741 s, avg_samples: 32.0, ips: 674.91575 samples/s, eta: 0:00:21, max_mem_reserved: 481 MB, max_mem_allocated: 456 MB
[2026/07/06 05:53:47] ppocr INFO: epoch: [9/10], global_step: 1990, lr: 0.000500, acc: 0.171875, norm_edit_dis: 0.479543, loss: 0.900537, avg_reader_cost: 0.00086 s, avg_batch_cost: 0.04727 s, avg_samples: 32.0, ips: 677.02787 samples/s, eta: 0:00:20, max_mem_reserved: 481 MB, max_mem_allocated: 456 MB
[2026/07/06 05:53:48] ppocr INFO: epoch: [9/10], global_step: 2000, lr: 0.000500, acc: 0.125000, norm_edit_dis: 0.468517, loss: 0.900537, avg_reader_cost: 0.00086 s, avg_batch_cost: 0.04706 s, avg_samples: 32.0, ips: 680.04724 samples/s, eta: 0:00:20, max_mem_reserved: 481 MB, max_mem_allocated: 456 MB
eval model::   0%|          | 0/85 [00:00<?, ?it/s]eval model::   1%|          | 1/85 [00:00<00:10,  7.74it/s]eval model::   8%|▊         | 7/85 [00:00<00:02, 32.37it/s]eval model::  15%|█▌        | 13/85 [00:00<00:01, 42.55it/s]eval model::  22%|██▏       | 19/85 [00:00<00:01, 46.40it/s]eval model::  29%|██▉       | 25/85 [00:00<00:01, 49.98it/s]eval model::  36%|███▋      | 31/85 [00:00<00:01, 50.78it/s]eval model::  44%|████▎     | 37/85 [00:00<00:00, 50.89it/s]eval model::  51%|█████     | 43/85 [00:00<00:00, 51.28it/s]eval model::  58%|█████▊    | 49/85 [00:01<00:00, 52.87it/s]eval model::  65%|██████▍   | 55/85 [00:01<00:00, 52.61it/s]eval model::  72%|███████▏  | 61/85 [00:01<00:00, 54.10it/s]eval model::  79%|███████▉  | 67/85 [00:01<00:00, 55.77it/s]eval model::  86%|████████▌ | 73/85 [00:01<00:00, 56.88it/s]eval model::  94%|█████████▍| 80/85 [00:01<00:00, 58.83it/s]eval model:: 100%|██████████| 85/85 [00:01<00:00, 50.13it/s]
[2026/07/06 05:53:49] ppocr INFO: cur metric, acc: 0.043960103273143314, norm_edit_dis: 0.40831292246612916, fps: 2114.8713720553756
[2026/07/06 05:53:50] ppocr INFO: save best model is to /home/jupyter-st126316/Myanmar-OCR-Project/outputs/puffer_2080ti_20k_finetune_myocr/best_accuracy
[2026/07/06 05:53:50] ppocr INFO: best metric, acc: 0.043960103273143314, is_float16: False, norm_edit_dis: 0.40831292246612916, fps: 2114.8713720553756, best_epoch: 9
[2026/07/06 05:53:50] ppocr INFO: epoch: [9/10], global_step: 2010, lr: 0.000500, acc: 0.140625, norm_edit_dis: 0.465106, loss: 0.739456, avg_reader_cost: 0.00089 s, avg_batch_cost: 0.04750 s, avg_samples: 32.0, ips: 673.72594 samples/s, eta: 0:00:19, max_mem_reserved: 481 MB, max_mem_allocated: 456 MB
[2026/07/06 05:53:51] ppocr INFO: epoch: [9/10], global_step: 2020, lr: 0.000500, acc: 0.156250, norm_edit_dis: 0.466014, loss: 0.750825, avg_reader_cost: 0.00087 s, avg_batch_cost: 0.04710 s, avg_samples: 32.0, ips: 679.46268 samples/s, eta: 0:00:19, max_mem_reserved: 481 MB, max_mem_allocated: 456 MB
[2026/07/06 05:53:51] ppocr INFO: epoch: [9/10], global_step: 2030, lr: 0.000500, acc: 0.125000, norm_edit_dis: 0.446478, loss: 0.692255, avg_reader_cost: 0.00087 s, avg_batch_cost: 0.04696 s, avg_samples: 32.0, ips: 681.44144 samples/s, eta: 0:00:18, max_mem_reserved: 481 MB, max_mem_allocated: 456 MB
[2026/07/06 05:53:52] ppocr INFO: epoch: [9/10], global_step: 2040, lr: 0.000500, acc: 0.156250, norm_edit_dis: 0.423362, loss: 0.524564, avg_reader_cost: 0.00085 s, avg_batch_cost: 0.04686 s, avg_samples: 32.0, ips: 682.83685 samples/s, eta: 0:00:18, max_mem_reserved: 481 MB, max_mem_allocated: 456 MB
[2026/07/06 05:53:52] ppocr INFO: epoch: [9/10], global_step: 2050, lr: 0.000500, acc: 0.156250, norm_edit_dis: 0.473415, loss: 0.437966, avg_reader_cost: 0.00085 s, avg_batch_cost: 0.04694 s, avg_samples: 32.0, ips: 681.68163 samples/s, eta: 0:00:17, max_mem_reserved: 481 MB, max_mem_allocated: 456 MB
[2026/07/06 05:53:53] ppocr INFO: epoch: [9/10], global_step: 2060, lr: 0.000500, acc: 0.156250, norm_edit_dis: 0.469826, loss: 0.462055, avg_reader_cost: 0.00084 s, avg_batch_cost: 0.04701 s, avg_samples: 32.0, ips: 680.70496 samples/s, eta: 0:00:16, max_mem_reserved: 481 MB, max_mem_allocated: 456 MB
[2026/07/06 05:53:53] ppocr INFO: epoch: [9/10], global_step: 2070, lr: 0.000500, acc: 0.187500, norm_edit_dis: 0.474326, loss: 0.471898, avg_reader_cost: 0.00087 s, avg_batch_cost: 0.04698 s, avg_samples: 32.0, ips: 681.18932 samples/s, eta: 0:00:16, max_mem_reserved: 481 MB, max_mem_allocated: 456 MB
[2026/07/06 05:53:53] ppocr INFO: epoch: [9/10], global_step: 2080, lr: 0.000500, acc: 0.187500, norm_edit_dis: 0.464682, loss: 0.427875, avg_reader_cost: 0.00085 s, avg_batch_cost: 0.04690 s, avg_samples: 32.0, ips: 682.33627 samples/s, eta: 0:00:15, max_mem_reserved: 481 MB, max_mem_allocated: 456 MB
[2026/07/06 05:53:54] ppocr INFO: epoch: [9/10], global_step: 2090, lr: 0.000500, acc: 0.187500, norm_edit_dis: 0.452022, loss: 0.449274, avg_reader_cost: 0.00084 s, avg_batch_cost: 0.04662 s, avg_samples: 32.0, ips: 686.40368 samples/s, eta: 0:00:15, max_mem_reserved: 481 MB, max_mem_allocated: 456 MB
[2026/07/06 05:53:54] ppocr INFO: epoch: [9/10], global_step: 2100, lr: 0.000500, acc: 0.171875, norm_edit_dis: 0.434155, loss: 0.449274, avg_reader_cost: 0.00086 s, avg_batch_cost: 0.04727 s, avg_samples: 32.0, ips: 676.92167 samples/s, eta: 0:00:14, max_mem_reserved: 481 MB, max_mem_allocated: 456 MB
[2026/07/06 05:53:55] ppocr INFO: epoch: [9/10], global_step: 2110, lr: 0.000500, acc: 0.156250, norm_edit_dis: 0.446751, loss: 0.379188, avg_reader_cost: 0.00085 s, avg_batch_cost: 0.04711 s, avg_samples: 32.0, ips: 679.22164 samples/s, eta: 0:00:14, max_mem_reserved: 481 MB, max_mem_allocated: 456 MB
[2026/07/06 05:53:55] ppocr INFO: epoch: [9/10], global_step: 2120, lr: 0.000500, acc: 0.187500, norm_edit_dis: 0.474974, loss: 0.485566, avg_reader_cost: 0.00087 s, avg_batch_cost: 0.04719 s, avg_samples: 32.0, ips: 678.04196 samples/s, eta: 0:00:13, max_mem_reserved: 481 MB, max_mem_allocated: 456 MB
[2026/07/06 05:53:56] ppocr INFO: epoch: [9/10], global_step: 2130, lr: 0.000500, acc: 0.187500, norm_edit_dis: 0.474974, loss: 0.562465, avg_reader_cost: 0.00087 s, avg_batch_cost: 0.04729 s, avg_samples: 32.0, ips: 676.60841 samples/s, eta: 0:00:13, max_mem_reserved: 481 MB, max_mem_allocated: 456 MB
[2026/07/06 05:53:56] ppocr INFO: epoch: [9/10], global_step: 2140, lr: 0.000500, acc: 0.187500, norm_edit_dis: 0.461582, loss: 0.564464, avg_reader_cost: 0.00080 s, avg_batch_cost: 0.04570 s, avg_samples: 32.0, ips: 700.15523 samples/s, eta: 0:00:12, max_mem_reserved: 481 MB, max_mem_allocated: 456 MB
[2026/07/06 05:53:57] ppocr INFO: epoch: [9/10], global_step: 2150, lr: 0.000500, acc: 0.171875, norm_edit_dis: 0.417958, loss: 0.430778, avg_reader_cost: 0.00074 s, avg_batch_cost: 0.04481 s, avg_samples: 32.0, ips: 714.05550 samples/s, eta: 0:00:12, max_mem_reserved: 481 MB, max_mem_allocated: 456 MB
[2026/07/06 05:53:57] ppocr INFO: epoch: [9/10], global_step: 2151, lr: 0.000500, acc: 0.156250, norm_edit_dis: 0.420243, loss: 0.434143, avg_reader_cost: 0.00007 s, avg_batch_cost: 0.00444 s, avg_samples: 3.2, ips: 721.53086 samples/s, eta: 0:00:12, max_mem_reserved: 481 MB, max_mem_allocated: 456 MB
[2026/07/06 05:53:57] ppocr INFO: save model in /home/jupyter-st126316/Myanmar-OCR-Project/outputs/puffer_2080ti_20k_finetune_myocr/latest
[2026/07/06 05:53:57] ppocr INFO: save model in /home/jupyter-st126316/Myanmar-OCR-Project/outputs/puffer_2080ti_20k_finetune_myocr/iter_epoch_9
[2026/07/06 05:53:58] ppocr INFO: epoch: [10/10], global_step: 2160, lr: 0.000500, acc: 0.171875, norm_edit_dis: 0.447710, loss: 0.492656, avg_reader_cost: 0.05669 s, avg_batch_cost: 0.10730 s, avg_samples: 28.8, ips: 268.40378 samples/s, eta: 0:00:11, max_mem_reserved: 481 MB, max_mem_allocated: 456 MB
[2026/07/06 05:53:59] ppocr INFO: epoch: [10/10], global_step: 2170, lr: 0.000500, acc: 0.171875, norm_edit_dis: 0.449760, loss: 0.596178, avg_reader_cost: 0.00083 s, avg_batch_cost: 0.04702 s, avg_samples: 32.0, ips: 680.54792 samples/s, eta: 0:00:11, max_mem_reserved: 481 MB, max_mem_allocated: 456 MB
[2026/07/06 05:53:59] ppocr INFO: epoch: [10/10], global_step: 2180, lr: 0.000500, acc: 0.187500, norm_edit_dis: 0.475344, loss: 0.555158, avg_reader_cost: 0.00087 s, avg_batch_cost: 0.04740 s, avg_samples: 32.0, ips: 675.06545 samples/s, eta: 0:00:10, max_mem_reserved: 481 MB, max_mem_allocated: 456 MB
[2026/07/06 05:54:00] ppocr INFO: epoch: [10/10], global_step: 2190, lr: 0.000500, acc: 0.187500, norm_edit_dis: 0.481484, loss: 0.377565, avg_reader_cost: 0.00087 s, avg_batch_cost: 0.04775 s, avg_samples: 32.0, ips: 670.19661 samples/s, eta: 0:00:10, max_mem_reserved: 481 MB, max_mem_allocated: 456 MB
[2026/07/06 05:54:00] ppocr INFO: epoch: [10/10], global_step: 2200, lr: 0.000500, acc: 0.187500, norm_edit_dis: 0.466355, loss: 0.462993, avg_reader_cost: 0.00088 s, avg_batch_cost: 0.04763 s, avg_samples: 32.0, ips: 671.90837 samples/s, eta: 0:00:09, max_mem_reserved: 481 MB, max_mem_allocated: 456 MB
[2026/07/06 05:54:01] ppocr INFO: epoch: [10/10], global_step: 2210, lr: 0.000500, acc: 0.171875, norm_edit_dis: 0.462254, loss: 0.541564, avg_reader_cost: 0.00085 s, avg_batch_cost: 0.04769 s, avg_samples: 32.0, ips: 670.93298 samples/s, eta: 0:00:09, max_mem_reserved: 481 MB, max_mem_allocated: 456 MB
[2026/07/06 05:54:01] ppocr INFO: epoch: [10/10], global_step: 2220, lr: 0.000500, acc: 0.187500, norm_edit_dis: 0.469429, loss: 0.408532, avg_reader_cost: 0.00085 s, avg_batch_cost: 0.04766 s, avg_samples: 32.0, ips: 671.43241 samples/s, eta: 0:00:08, max_mem_reserved: 481 MB, max_mem_allocated: 456 MB
[2026/07/06 05:54:02] ppocr INFO: epoch: [10/10], global_step: 2230, lr: 0.000500, acc: 0.187500, norm_edit_dis: 0.478249, loss: 0.580847, avg_reader_cost: 0.00085 s, avg_batch_cost: 0.04768 s, avg_samples: 32.0, ips: 671.12757 samples/s, eta: 0:00:08, max_mem_reserved: 481 MB, max_mem_allocated: 456 MB
[2026/07/06 05:54:02] ppocr INFO: epoch: [10/10], global_step: 2240, lr: 0.000500, acc: 0.156250, norm_edit_dis: 0.469173, loss: 0.561633, avg_reader_cost: 0.00086 s, avg_batch_cost: 0.04764 s, avg_samples: 32.0, ips: 671.72745 samples/s, eta: 0:00:07, max_mem_reserved: 481 MB, max_mem_allocated: 456 MB
[2026/07/06 05:54:02] ppocr INFO: epoch: [10/10], global_step: 2250, lr: 0.000500, acc: 0.156250, norm_edit_dis: 0.461276, loss: 0.481915, avg_reader_cost: 0.00083 s, avg_batch_cost: 0.04730 s, avg_samples: 32.0, ips: 676.49178 samples/s, eta: 0:00:07, max_mem_reserved: 481 MB, max_mem_allocated: 456 MB
[2026/07/06 05:54:03] ppocr INFO: epoch: [10/10], global_step: 2260, lr: 0.000500, acc: 0.156250, norm_edit_dis: 0.463771, loss: 0.499323, avg_reader_cost: 0.00085 s, avg_batch_cost: 0.04734 s, avg_samples: 32.0, ips: 675.98718 samples/s, eta: 0:00:06, max_mem_reserved: 481 MB, max_mem_allocated: 456 MB
[2026/07/06 05:54:03] ppocr INFO: epoch: [10/10], global_step: 2270, lr: 0.000500, acc: 0.171875, norm_edit_dis: 0.442768, loss: 0.492712, avg_reader_cost: 0.00086 s, avg_batch_cost: 0.04730 s, avg_samples: 32.0, ips: 676.52281 samples/s, eta: 0:00:06, max_mem_reserved: 481 MB, max_mem_allocated: 456 MB
[2026/07/06 05:54:04] ppocr INFO: epoch: [10/10], global_step: 2280, lr: 0.000500, acc: 0.171875, norm_edit_dis: 0.442768, loss: 0.390040, avg_reader_cost: 0.00084 s, avg_batch_cost: 0.04704 s, avg_samples: 32.0, ips: 680.21095 samples/s, eta: 0:00:05, max_mem_reserved: 481 MB, max_mem_allocated: 456 MB
[2026/07/06 05:54:04] ppocr INFO: epoch: [10/10], global_step: 2290, lr: 0.000500, acc: 0.187500, norm_edit_dis: 0.464938, loss: 0.361533, avg_reader_cost: 0.00086 s, avg_batch_cost: 0.04727 s, avg_samples: 32.0, ips: 676.97562 samples/s, eta: 0:00:05, max_mem_reserved: 481 MB, max_mem_allocated: 456 MB
[2026/07/06 05:54:05] ppocr INFO: epoch: [10/10], global_step: 2300, lr: 0.000500, acc: 0.187500, norm_edit_dis: 0.460123, loss: 0.371948, avg_reader_cost: 0.00084 s, avg_batch_cost: 0.04738 s, avg_samples: 32.0, ips: 675.41467 samples/s, eta: 0:00:04, max_mem_reserved: 481 MB, max_mem_allocated: 456 MB
[2026/07/06 05:54:05] ppocr INFO: epoch: [10/10], global_step: 2310, lr: 0.000500, acc: 0.203125, norm_edit_dis: 0.472815, loss: 0.345736, avg_reader_cost: 0.00085 s, avg_batch_cost: 0.04720 s, avg_samples: 32.0, ips: 677.99264 samples/s, eta: 0:00:04, max_mem_reserved: 481 MB, max_mem_allocated: 456 MB
[2026/07/06 05:54:06] ppocr INFO: epoch: [10/10], global_step: 2320, lr: 0.000500, acc: 0.218750, norm_edit_dis: 0.470937, loss: 0.337155, avg_reader_cost: 0.00084 s, avg_batch_cost: 0.04723 s, avg_samples: 32.0, ips: 677.53334 samples/s, eta: 0:00:03, max_mem_reserved: 481 MB, max_mem_allocated: 456 MB
[2026/07/06 05:54:06] ppocr INFO: epoch: [10/10], global_step: 2330, lr: 0.000500, acc: 0.187500, norm_edit_dis: 0.453586, loss: 0.339971, avg_reader_cost: 0.00084 s, avg_batch_cost: 0.04732 s, avg_samples: 32.0, ips: 676.25012 samples/s, eta: 0:00:03, max_mem_reserved: 481 MB, max_mem_allocated: 456 MB
[2026/07/06 05:54:07] ppocr INFO: epoch: [10/10], global_step: 2340, lr: 0.000500, acc: 0.156250, norm_edit_dis: 0.431105, loss: 0.347276, avg_reader_cost: 0.00085 s, avg_batch_cost: 0.04739 s, avg_samples: 32.0, ips: 675.17887 samples/s, eta: 0:00:02, max_mem_reserved: 481 MB, max_mem_allocated: 456 MB
[2026/07/06 05:54:07] ppocr INFO: epoch: [10/10], global_step: 2350, lr: 0.000500, acc: 0.171875, norm_edit_dis: 0.446663, loss: 0.338983, avg_reader_cost: 0.00088 s, avg_batch_cost: 0.04717 s, avg_samples: 32.0, ips: 678.35347 samples/s, eta: 0:00:02, max_mem_reserved: 481 MB, max_mem_allocated: 456 MB
[2026/07/06 05:54:08] ppocr INFO: epoch: [10/10], global_step: 2360, lr: 0.000500, acc: 0.218750, norm_edit_dis: 0.482936, loss: 0.352593, avg_reader_cost: 0.00084 s, avg_batch_cost: 0.04689 s, avg_samples: 32.0, ips: 682.48512 samples/s, eta: 0:00:01, max_mem_reserved: 481 MB, max_mem_allocated: 456 MB
[2026/07/06 05:54:08] ppocr INFO: epoch: [10/10], global_step: 2370, lr: 0.000500, acc: 0.218750, norm_edit_dis: 0.481448, loss: 0.441939, avg_reader_cost: 0.00087 s, avg_batch_cost: 0.04751 s, avg_samples: 32.0, ips: 673.50619 samples/s, eta: 0:00:01, max_mem_reserved: 481 MB, max_mem_allocated: 456 MB
[2026/07/06 05:54:09] ppocr INFO: epoch: [10/10], global_step: 2380, lr: 0.000500, acc: 0.187500, norm_edit_dis: 0.463570, loss: 0.383939, avg_reader_cost: 0.00077 s, avg_batch_cost: 0.04524 s, avg_samples: 32.0, ips: 707.40505 samples/s, eta: 0:00:00, max_mem_reserved: 481 MB, max_mem_allocated: 456 MB
[2026/07/06 05:54:09] ppocr INFO: epoch: [10/10], global_step: 2390, lr: 0.000500, acc: 0.171875, norm_edit_dis: 0.422772, loss: 0.429108, avg_reader_cost: 0.00065 s, avg_batch_cost: 0.04344 s, avg_samples: 32.0, ips: 736.62992 samples/s, eta: 0:00:00, max_mem_reserved: 481 MB, max_mem_allocated: 456 MB
[2026/07/06 05:54:09] ppocr INFO: save model in /home/jupyter-st126316/Myanmar-OCR-Project/outputs/puffer_2080ti_20k_finetune_myocr/latest
[2026/07/06 05:54:09] ppocr INFO: best metric, acc: 0.043960103273143314, is_float16: False, norm_edit_dis: 0.40831292246612916, fps: 2114.8713720553756, best_epoch: 9
