nohup: ignoring input
/home/jupyter-st126316/Myanmar-OCR-Project/.venv/lib/python3.12/site-packages/paddle/utils/cpp_extension/extension_utils.py:711: UserWarning: No ccache found. Please be aware that recompiling all source files may be required. You can download and install ccache from: https://github.com/ccache/ccache/blob/master/doc/INSTALL.md
  warnings.warn(warning_message)
Skipping import of the encryption module.
[2026/07/06 12:23:26] ppocr INFO: Architecture : 
[2026/07/06 12:23:26] ppocr INFO:     Backbone : 
[2026/07/06 12:23:26] ppocr INFO:         model_name : large
[2026/07/06 12:23:26] ppocr INFO:         name : MobileNetV3
[2026/07/06 12:23:26] ppocr INFO:         scale : 0.5
[2026/07/06 12:23:26] ppocr INFO:     Head : 
[2026/07/06 12:23:26] ppocr INFO:         fc_decay : 0
[2026/07/06 12:23:26] ppocr INFO:         name : CTCHead
[2026/07/06 12:23:26] ppocr INFO:     Neck : 
[2026/07/06 12:23:26] ppocr INFO:         encoder_type : rnn
[2026/07/06 12:23:26] ppocr INFO:         hidden_size : 96
[2026/07/06 12:23:26] ppocr INFO:         name : SequenceEncoder
[2026/07/06 12:23:26] ppocr INFO:     Transform : None
[2026/07/06 12:23:26] ppocr INFO:     algorithm : CRNN
[2026/07/06 12:23:26] ppocr INFO:     model_type : rec
[2026/07/06 12:23:26] ppocr INFO: Eval : 
[2026/07/06 12:23:26] ppocr INFO:     dataset : 
[2026/07/06 12:23:26] ppocr INFO:         data_dir : /home/jupyter-st126316/Myanmar-OCR-Project/data/myocr
[2026/07/06 12:23:26] ppocr INFO:         label_file_list : ['/home/jupyter-st126316/Myanmar-OCR-Project/data/myocr/myocr_test.txt']
[2026/07/06 12:23:26] ppocr INFO:         name : SimpleDataSet
[2026/07/06 12:23:26] ppocr INFO:         transforms : 
[2026/07/06 12:23:26] ppocr INFO:             DecodeImage : 
[2026/07/06 12:23:26] ppocr INFO:                 channel_first : False
[2026/07/06 12:23:26] ppocr INFO:                 img_mode : BGR
[2026/07/06 12:23:26] ppocr INFO:             CTCLabelEncode : None
[2026/07/06 12:23:26] ppocr INFO:             RecResizeImg : 
[2026/07/06 12:23:26] ppocr INFO:                 image_shape : [3, 32, 100]
[2026/07/06 12:23:26] ppocr INFO:             KeepKeys : 
[2026/07/06 12:23:26] ppocr INFO:                 keep_keys : ['image', 'label', 'length']
[2026/07/06 12:23:26] ppocr INFO:     loader : 
[2026/07/06 12:23:26] ppocr INFO:         batch_size_per_card : 32
[2026/07/06 12:23:26] ppocr INFO:         drop_last : False
[2026/07/06 12:23:26] ppocr INFO:         num_workers : 4
[2026/07/06 12:23:26] ppocr INFO:         shuffle : False
[2026/07/06 12:23:26] ppocr INFO: Global : 
[2026/07/06 12:23:26] ppocr INFO:     cal_metric_during_train : True
[2026/07/06 12:23:26] ppocr INFO:     character_dict_path : /home/jupyter-st126316/Myanmar-OCR-Project/data/chn_subset/myanmar_dict.txt
[2026/07/06 12:23:26] ppocr INFO:     checkpoints : None
[2026/07/06 12:23:26] ppocr INFO:     distributed : False
[2026/07/06 12:23:26] ppocr INFO:     epoch_num : 10
[2026/07/06 12:23:26] ppocr INFO:     eval_batch_step : [0, 2000]
[2026/07/06 12:23:26] ppocr INFO:     infer_img : doc/imgs_words_en/word_10.png
[2026/07/06 12:23:26] ppocr INFO:     infer_mode : False
[2026/07/06 12:23:26] ppocr INFO:     log_smooth_window : 20
[2026/07/06 12:23:26] ppocr INFO:     max_text_length : 200
[2026/07/06 12:23:26] ppocr INFO:     pretrained_model : /home/jupyter-st126316/Myanmar-OCR-Project/outputs/puffer_2080ti_150k_fixed/best_accuracy
[2026/07/06 12:23:26] ppocr INFO:     print_batch_step : 10
[2026/07/06 12:23:26] ppocr INFO:     save_epoch_step : 3
[2026/07/06 12:23:26] ppocr INFO:     save_inference_dir : None
[2026/07/06 12:23:26] ppocr INFO:     save_model_dir : /home/jupyter-st126316/Myanmar-OCR-Project/outputs/puffer_2080ti_150k_finetune_myocr
[2026/07/06 12:23:26] ppocr INFO:     save_res_path : ./output/rec/predicts_mv3_none_bilstm_ctc.txt
[2026/07/06 12:23:26] ppocr INFO:     use_gpu : True
[2026/07/06 12:23:26] ppocr INFO:     use_space_char : True
[2026/07/06 12:23:26] ppocr INFO:     use_visualdl : False
[2026/07/06 12:23:26] ppocr INFO: Loss : 
[2026/07/06 12:23:26] ppocr INFO:     name : CTCLoss
[2026/07/06 12:23:26] ppocr INFO: Metric : 
[2026/07/06 12:23:26] ppocr INFO:     main_indicator : acc
[2026/07/06 12:23:26] ppocr INFO:     name : RecMetric
[2026/07/06 12:23:26] ppocr INFO: Optimizer : 
[2026/07/06 12:23:26] ppocr INFO:     beta1 : 0.9
[2026/07/06 12:23:26] ppocr INFO:     beta2 : 0.999
[2026/07/06 12:23:26] ppocr INFO:     lr : 
[2026/07/06 12:23:26] ppocr INFO:         learning_rate : 0.0005
[2026/07/06 12:23:26] ppocr INFO:     name : Adam
[2026/07/06 12:23:26] ppocr INFO:     regularizer : 
[2026/07/06 12:23:26] ppocr INFO:         factor : 0
[2026/07/06 12:23:26] ppocr INFO:         name : L2
[2026/07/06 12:23:26] ppocr INFO: PostProcess : 
[2026/07/06 12:23:26] ppocr INFO:     name : CTCLabelDecode
[2026/07/06 12:23:26] ppocr INFO: Train : 
[2026/07/06 12:23:26] ppocr INFO:     dataset : 
[2026/07/06 12:23:26] ppocr INFO:         data_dir : /home/jupyter-st126316/Myanmar-OCR-Project/data/myocr
[2026/07/06 12:23:26] ppocr INFO:         label_file_list : ['/home/jupyter-st126316/Myanmar-OCR-Project/data/myocr/myocr_finetune.txt']
[2026/07/06 12:23:26] ppocr INFO:         name : SimpleDataSet
[2026/07/06 12:23:26] ppocr INFO:         transforms : 
[2026/07/06 12:23:26] ppocr INFO:             DecodeImage : 
[2026/07/06 12:23:26] ppocr INFO:                 channel_first : False
[2026/07/06 12:23:26] ppocr INFO:                 img_mode : BGR
[2026/07/06 12:23:26] ppocr INFO:             CTCLabelEncode : None
[2026/07/06 12:23:26] ppocr INFO:             RecResizeImg : 
[2026/07/06 12:23:26] ppocr INFO:                 image_shape : [3, 32, 100]
[2026/07/06 12:23:26] ppocr INFO:             KeepKeys : 
[2026/07/06 12:23:26] ppocr INFO:                 keep_keys : ['image', 'label', 'length']
[2026/07/06 12:23:26] ppocr INFO:     loader : 
[2026/07/06 12:23:26] ppocr INFO:         batch_size_per_card : 32
[2026/07/06 12:23:26] ppocr INFO:         drop_last : True
[2026/07/06 12:23:26] ppocr INFO:         num_workers : 8
[2026/07/06 12:23:26] ppocr INFO:         shuffle : False
[2026/07/06 12:23:26] ppocr INFO: profiler_options : None
[2026/07/06 12:23:26] ppocr INFO: train with paddle 3.0.0 and device Place(gpu:0)
[2026/07/06 12:23:26] ppocr INFO: Initialize indexs of datasets:['/home/jupyter-st126316/Myanmar-OCR-Project/data/myocr/myocr_finetune.txt']
[2026/07/06 12:23:26] ppocr INFO: Initialize indexs of datasets:['/home/jupyter-st126316/Myanmar-OCR-Project/data/myocr/myocr_test.txt']
W0706 12:23:26.182591 4029228 gpu_resources.cc:119] Please NOTE: device: 0, GPU Compute Capability: 7.5, Driver API Version: 12.4, Runtime API Version: 11.8
W0706 12:23:26.183638 4029228 gpu_resources.cc:164] device: 0, cuDNN Version: 8.9.
W0706 12:23:26.400010 4029228 dynamic_loader.cc:346] The third-party dynamic library (libcuda.so) that Paddle depends on is not configured correctly. (error code is libcuda.so: cannot open shared object file: No such file or directory)
  Suggestions:
  1. Check if the third-party dynamic library (e.g. CUDA, CUDNN) is installed correctly and its version is matched with paddlepaddle you installed.
  2. Configure third-party dynamic library environment variables as follows:
  - Linux: set LD_LIBRARY_PATH by `export LD_LIBRARY_PATH=...`
  - Windows: set PATH by `set PATH=XXX;%PATH%`
  - Mac: set  DYLD_LIBRARY_PATH by `export DYLD_LIBRARY_PATH=...` [Note: After Mac OS 10.11, using the DYLD_LIBRARY_PATH is impossible unless System Integrity Protection (SIP) is disabled.]
[2026/07/06 12:23:26] ppocr INFO: train dataloader has 239 iters
[2026/07/06 12:23:26] ppocr INFO: valid dataloader has 85 iters
[2026/07/06 12:23:26] ppocr INFO: load pretrain successful from /home/jupyter-st126316/Myanmar-OCR-Project/outputs/puffer_2080ti_150k_fixed/best_accuracy
[2026/07/06 12:23:26] ppocr INFO: During the training process, after the 0th iteration, an evaluation is run every 2000 iterations
W0706 12:23:26.999675 4029228 gpu_resources.cc:306] WARNING: device: 0. The installed Paddle is compiled with CUDNN 8.9, but CUDNN version in your machine is 8.9, which may cause serious incompatible bug. Please recompile or reinstall Paddle with compatible CUDNN version.
[2026/07/06 12:23:27] ppocr INFO: epoch: [1/10], global_step: 10, lr: 0.000500, acc: 0.000000, norm_edit_dis: 0.350461, loss: 16.518605, avg_reader_cost: 0.04653 s, avg_batch_cost: 0.14157 s, avg_samples: 32.0, ips: 226.03427 samples/s, eta: 0:05:36, max_mem_reserved: 481 MB, max_mem_allocated: 456 MB
[2026/07/06 12:23:28] ppocr INFO: epoch: [1/10], global_step: 20, lr: 0.000500, acc: 0.031250, norm_edit_dis: 0.342846, loss: 14.647964, avg_reader_cost: 0.00084 s, avg_batch_cost: 0.04916 s, avg_samples: 32.0, ips: 650.88643 samples/s, eta: 0:03:46, max_mem_reserved: 481 MB, max_mem_allocated: 456 MB
[2026/07/06 12:23:28] ppocr INFO: epoch: [1/10], global_step: 30, lr: 0.000500, acc: 0.031250, norm_edit_dis: 0.355287, loss: 10.415462, avg_reader_cost: 0.00084 s, avg_batch_cost: 0.04982 s, avg_samples: 32.0, ips: 642.25032 samples/s, eta: 0:03:09, max_mem_reserved: 481 MB, max_mem_allocated: 456 MB
[2026/07/06 12:23:29] ppocr INFO: epoch: [1/10], global_step: 40, lr: 0.000500, acc: 0.031250, norm_edit_dis: 0.355287, loss: 7.784454, avg_reader_cost: 0.00108 s, avg_batch_cost: 0.04984 s, avg_samples: 32.0, ips: 642.06874 samples/s, eta: 0:02:50, max_mem_reserved: 481 MB, max_mem_allocated: 456 MB
[2026/07/06 12:23:29] ppocr INFO: epoch: [1/10], global_step: 50, lr: 0.000500, acc: 0.031250, norm_edit_dis: 0.357140, loss: 8.812064, avg_reader_cost: 0.00087 s, avg_batch_cost: 0.05050 s, avg_samples: 32.0, ips: 633.67459 samples/s, eta: 0:02:39, max_mem_reserved: 481 MB, max_mem_allocated: 456 MB
[2026/07/06 12:23:30] ppocr INFO: epoch: [1/10], global_step: 60, lr: 0.000500, acc: 0.031250, norm_edit_dis: 0.386867, loss: 6.192046, avg_reader_cost: 0.00087 s, avg_batch_cost: 0.05002 s, avg_samples: 32.0, ips: 639.73339 samples/s, eta: 0:02:31, max_mem_reserved: 481 MB, max_mem_allocated: 456 MB
[2026/07/06 12:23:30] ppocr INFO: epoch: [1/10], global_step: 70, lr: 0.000500, acc: 0.031250, norm_edit_dis: 0.382341, loss: 5.507198, avg_reader_cost: 0.00086 s, avg_batch_cost: 0.05044 s, avg_samples: 32.0, ips: 634.43540 samples/s, eta: 0:02:26, max_mem_reserved: 481 MB, max_mem_allocated: 456 MB
[2026/07/06 12:23:31] ppocr INFO: epoch: [1/10], global_step: 80, lr: 0.000500, acc: 0.031250, norm_edit_dis: 0.379001, loss: 5.702794, avg_reader_cost: 0.00096 s, avg_batch_cost: 0.05391 s, avg_samples: 32.0, ips: 593.60717 samples/s, eta: 0:02:23, max_mem_reserved: 481 MB, max_mem_allocated: 456 MB
[2026/07/06 12:23:32] ppocr INFO: epoch: [1/10], global_step: 90, lr: 0.000500, acc: 0.031250, norm_edit_dis: 0.379001, loss: 5.989352, avg_reader_cost: 0.00086 s, avg_batch_cost: 0.05023 s, avg_samples: 32.0, ips: 637.07852 samples/s, eta: 0:02:19, max_mem_reserved: 481 MB, max_mem_allocated: 456 MB
[2026/07/06 12:23:32] ppocr INFO: epoch: [1/10], global_step: 100, lr: 0.000500, acc: 0.031250, norm_edit_dis: 0.396973, loss: 7.147703, avg_reader_cost: 0.00084 s, avg_batch_cost: 0.04979 s, avg_samples: 32.0, ips: 642.74765 samples/s, eta: 0:02:16, max_mem_reserved: 481 MB, max_mem_allocated: 456 MB
[2026/07/06 12:23:33] ppocr INFO: epoch: [1/10], global_step: 110, lr: 0.000500, acc: 0.031250, norm_edit_dis: 0.402725, loss: 6.762624, avg_reader_cost: 0.00084 s, avg_batch_cost: 0.04988 s, avg_samples: 32.0, ips: 641.58442 samples/s, eta: 0:02:13, max_mem_reserved: 481 MB, max_mem_allocated: 456 MB
[2026/07/06 12:23:33] ppocr INFO: epoch: [1/10], global_step: 120, lr: 0.000500, acc: 0.031250, norm_edit_dis: 0.394369, loss: 5.189822, avg_reader_cost: 0.00084 s, avg_batch_cost: 0.04948 s, avg_samples: 32.0, ips: 646.69031 samples/s, eta: 0:02:11, max_mem_reserved: 481 MB, max_mem_allocated: 456 MB
[2026/07/06 12:23:34] ppocr INFO: epoch: [1/10], global_step: 130, lr: 0.000500, acc: 0.031250, norm_edit_dis: 0.399820, loss: 4.920210, avg_reader_cost: 0.00086 s, avg_batch_cost: 0.05007 s, avg_samples: 32.0, ips: 639.13569 samples/s, eta: 0:02:09, max_mem_reserved: 481 MB, max_mem_allocated: 456 MB
[2026/07/06 12:23:34] ppocr INFO: epoch: [1/10], global_step: 140, lr: 0.000500, acc: 0.031250, norm_edit_dis: 0.399698, loss: 3.791803, avg_reader_cost: 0.00086 s, avg_batch_cost: 0.05007 s, avg_samples: 32.0, ips: 639.10830 samples/s, eta: 0:02:07, max_mem_reserved: 481 MB, max_mem_allocated: 456 MB
[2026/07/06 12:23:35] ppocr INFO: epoch: [1/10], global_step: 150, lr: 0.000500, acc: 0.031250, norm_edit_dis: 0.409671, loss: 4.100455, avg_reader_cost: 0.00086 s, avg_batch_cost: 0.05012 s, avg_samples: 32.0, ips: 638.44951 samples/s, eta: 0:02:06, max_mem_reserved: 481 MB, max_mem_allocated: 456 MB
[2026/07/06 12:23:35] ppocr INFO: epoch: [1/10], global_step: 160, lr: 0.000500, acc: 0.031250, norm_edit_dis: 0.416321, loss: 3.869391, avg_reader_cost: 0.00083 s, avg_batch_cost: 0.04917 s, avg_samples: 32.0, ips: 650.80500 samples/s, eta: 0:02:04, max_mem_reserved: 481 MB, max_mem_allocated: 456 MB
[2026/07/06 12:23:36] ppocr INFO: epoch: [1/10], global_step: 170, lr: 0.000500, acc: 0.031250, norm_edit_dis: 0.416321, loss: 3.746884, avg_reader_cost: 0.00085 s, avg_batch_cost: 0.04991 s, avg_samples: 32.0, ips: 641.15687 samples/s, eta: 0:02:03, max_mem_reserved: 481 MB, max_mem_allocated: 456 MB
[2026/07/06 12:23:36] ppocr INFO: epoch: [1/10], global_step: 180, lr: 0.000500, acc: 0.031250, norm_edit_dis: 0.389955, loss: 3.675705, avg_reader_cost: 0.00089 s, avg_batch_cost: 0.05142 s, avg_samples: 32.0, ips: 622.30318 samples/s, eta: 0:02:02, max_mem_reserved: 481 MB, max_mem_allocated: 456 MB
[2026/07/06 12:23:37] ppocr INFO: epoch: [1/10], global_step: 190, lr: 0.000500, acc: 0.031250, norm_edit_dis: 0.398424, loss: 5.041375, avg_reader_cost: 0.00084 s, avg_batch_cost: 0.04980 s, avg_samples: 32.0, ips: 642.62701 samples/s, eta: 0:02:01, max_mem_reserved: 481 MB, max_mem_allocated: 456 MB
[2026/07/06 12:23:37] ppocr INFO: epoch: [1/10], global_step: 200, lr: 0.000500, acc: 0.046875, norm_edit_dis: 0.411531, loss: 4.563575, avg_reader_cost: 0.00086 s, avg_batch_cost: 0.05001 s, avg_samples: 32.0, ips: 639.82945 samples/s, eta: 0:01:59, max_mem_reserved: 481 MB, max_mem_allocated: 456 MB
[2026/07/06 12:23:38] ppocr INFO: epoch: [1/10], global_step: 210, lr: 0.000500, acc: 0.062500, norm_edit_dis: 0.416015, loss: 3.594372, avg_reader_cost: 0.00087 s, avg_batch_cost: 0.05008 s, avg_samples: 32.0, ips: 638.95678 samples/s, eta: 0:01:58, max_mem_reserved: 481 MB, max_mem_allocated: 456 MB
[2026/07/06 12:23:38] ppocr INFO: epoch: [1/10], global_step: 220, lr: 0.000500, acc: 0.062500, norm_edit_dis: 0.435798, loss: 3.594372, avg_reader_cost: 0.00089 s, avg_batch_cost: 0.05073 s, avg_samples: 32.0, ips: 630.74345 samples/s, eta: 0:01:57, max_mem_reserved: 481 MB, max_mem_allocated: 456 MB
[2026/07/06 12:23:39] ppocr INFO: epoch: [1/10], global_step: 230, lr: 0.000500, acc: 0.078125, norm_edit_dis: 0.452950, loss: 3.291648, avg_reader_cost: 0.00077 s, avg_batch_cost: 0.04672 s, avg_samples: 32.0, ips: 684.89615 samples/s, eta: 0:01:56, max_mem_reserved: 481 MB, max_mem_allocated: 456 MB
[2026/07/06 12:23:39] ppocr INFO: epoch: [1/10], global_step: 239, lr: 0.000500, acc: 0.093750, norm_edit_dis: 0.454061, loss: 3.386111, avg_reader_cost: 0.00061 s, avg_batch_cost: 0.04064 s, avg_samples: 28.8, ips: 708.64402 samples/s, eta: 0:01:55, max_mem_reserved: 481 MB, max_mem_allocated: 456 MB
[2026/07/06 12:23:39] ppocr INFO: save model in /home/jupyter-st126316/Myanmar-OCR-Project/outputs/puffer_2080ti_150k_finetune_myocr/latest
[2026/07/06 12:23:40] ppocr INFO: epoch: [2/10], global_step: 240, lr: 0.000500, acc: 0.093750, norm_edit_dis: 0.452023, loss: 3.386111, avg_reader_cost: 0.05639 s, avg_batch_cost: 0.06360 s, avg_samples: 3.2, ips: 50.31151 samples/s, eta: 0:02:00, max_mem_reserved: 481 MB, max_mem_allocated: 456 MB
[2026/07/06 12:23:40] ppocr INFO: epoch: [2/10], global_step: 250, lr: 0.000500, acc: 0.093750, norm_edit_dis: 0.456546, loss: 4.615865, avg_reader_cost: 0.00086 s, avg_batch_cost: 0.05021 s, avg_samples: 32.0, ips: 637.30782 samples/s, eta: 0:01:59, max_mem_reserved: 481 MB, max_mem_allocated: 456 MB
[2026/07/06 12:23:41] ppocr INFO: epoch: [2/10], global_step: 260, lr: 0.000500, acc: 0.078125, norm_edit_dis: 0.448138, loss: 4.193356, avg_reader_cost: 0.00086 s, avg_batch_cost: 0.05078 s, avg_samples: 32.0, ips: 630.13787 samples/s, eta: 0:01:58, max_mem_reserved: 481 MB, max_mem_allocated: 456 MB
[2026/07/06 12:23:41] ppocr INFO: epoch: [2/10], global_step: 270, lr: 0.000500, acc: 0.062500, norm_edit_dis: 0.432060, loss: 3.118297, avg_reader_cost: 0.00087 s, avg_batch_cost: 0.05107 s, avg_samples: 32.0, ips: 626.58863 samples/s, eta: 0:01:57, max_mem_reserved: 481 MB, max_mem_allocated: 456 MB
[2026/07/06 12:23:42] ppocr INFO: epoch: [2/10], global_step: 280, lr: 0.000500, acc: 0.062500, norm_edit_dis: 0.438437, loss: 2.005946, avg_reader_cost: 0.00085 s, avg_batch_cost: 0.05011 s, avg_samples: 32.0, ips: 638.65730 samples/s, eta: 0:01:56, max_mem_reserved: 481 MB, max_mem_allocated: 456 MB
[2026/07/06 12:23:42] ppocr INFO: epoch: [2/10], global_step: 290, lr: 0.000500, acc: 0.093750, norm_edit_dis: 0.429498, loss: 3.060892, avg_reader_cost: 0.00084 s, avg_batch_cost: 0.05027 s, avg_samples: 32.0, ips: 636.53830 samples/s, eta: 0:01:55, max_mem_reserved: 481 MB, max_mem_allocated: 456 MB
[2026/07/06 12:23:43] ppocr INFO: epoch: [2/10], global_step: 300, lr: 0.000500, acc: 0.062500, norm_edit_dis: 0.433472, loss: 2.886358, avg_reader_cost: 0.00086 s, avg_batch_cost: 0.05110 s, avg_samples: 32.0, ips: 626.19193 samples/s, eta: 0:01:54, max_mem_reserved: 481 MB, max_mem_allocated: 456 MB
[2026/07/06 12:23:43] ppocr INFO: epoch: [2/10], global_step: 310, lr: 0.000500, acc: 0.062500, norm_edit_dis: 0.430166, loss: 2.329786, avg_reader_cost: 0.00086 s, avg_batch_cost: 0.05065 s, avg_samples: 32.0, ips: 631.73027 samples/s, eta: 0:01:54, max_mem_reserved: 481 MB, max_mem_allocated: 456 MB
[2026/07/06 12:23:44] ppocr INFO: epoch: [2/10], global_step: 320, lr: 0.000500, acc: 0.078125, norm_edit_dis: 0.416483, loss: 2.618909, avg_reader_cost: 0.00088 s, avg_batch_cost: 0.05081 s, avg_samples: 32.0, ips: 629.74317 samples/s, eta: 0:01:53, max_mem_reserved: 481 MB, max_mem_allocated: 456 MB
[2026/07/06 12:23:44] ppocr INFO: epoch: [2/10], global_step: 330, lr: 0.000500, acc: 0.062500, norm_edit_dis: 0.414929, loss: 3.162532, avg_reader_cost: 0.00088 s, avg_batch_cost: 0.05076 s, avg_samples: 32.0, ips: 630.36575 samples/s, eta: 0:01:52, max_mem_reserved: 481 MB, max_mem_allocated: 456 MB
[2026/07/06 12:23:45] ppocr INFO: epoch: [2/10], global_step: 340, lr: 0.000500, acc: 0.078125, norm_edit_dis: 0.436240, loss: 3.552286, avg_reader_cost: 0.00106 s, avg_batch_cost: 0.05210 s, avg_samples: 32.0, ips: 614.22830 samples/s, eta: 0:01:51, max_mem_reserved: 481 MB, max_mem_allocated: 456 MB
[2026/07/06 12:23:45] ppocr INFO: epoch: [2/10], global_step: 350, lr: 0.000500, acc: 0.078125, norm_edit_dis: 0.456161, loss: 3.173229, avg_reader_cost: 0.00087 s, avg_batch_cost: 0.05073 s, avg_samples: 32.0, ips: 630.76331 samples/s, eta: 0:01:51, max_mem_reserved: 481 MB, max_mem_allocated: 456 MB
[2026/07/06 12:23:46] ppocr INFO: epoch: [2/10], global_step: 360, lr: 0.000500, acc: 0.062500, norm_edit_dis: 0.438777, loss: 2.554072, avg_reader_cost: 0.00084 s, avg_batch_cost: 0.05040 s, avg_samples: 32.0, ips: 634.92460 samples/s, eta: 0:01:50, max_mem_reserved: 481 MB, max_mem_allocated: 456 MB
[2026/07/06 12:23:46] ppocr INFO: epoch: [2/10], global_step: 370, lr: 0.000500, acc: 0.093750, norm_edit_dis: 0.441658, loss: 2.120867, avg_reader_cost: 0.00086 s, avg_batch_cost: 0.05124 s, avg_samples: 32.0, ips: 624.52325 samples/s, eta: 0:01:49, max_mem_reserved: 481 MB, max_mem_allocated: 456 MB
[2026/07/06 12:23:47] ppocr INFO: epoch: [2/10], global_step: 380, lr: 0.000500, acc: 0.093750, norm_edit_dis: 0.441658, loss: 2.039838, avg_reader_cost: 0.00085 s, avg_batch_cost: 0.05087 s, avg_samples: 32.0, ips: 629.08495 samples/s, eta: 0:01:48, max_mem_reserved: 481 MB, max_mem_allocated: 456 MB
[2026/07/06 12:23:47] ppocr INFO: epoch: [2/10], global_step: 390, lr: 0.000500, acc: 0.093750, norm_edit_dis: 0.445380, loss: 1.863675, avg_reader_cost: 0.00085 s, avg_batch_cost: 0.05026 s, avg_samples: 32.0, ips: 636.64729 samples/s, eta: 0:01:48, max_mem_reserved: 481 MB, max_mem_allocated: 456 MB
[2026/07/06 12:23:48] ppocr INFO: epoch: [2/10], global_step: 400, lr: 0.000500, acc: 0.093750, norm_edit_dis: 0.453206, loss: 1.663689, avg_reader_cost: 0.00086 s, avg_batch_cost: 0.05045 s, avg_samples: 32.0, ips: 634.26271 samples/s, eta: 0:01:47, max_mem_reserved: 481 MB, max_mem_allocated: 456 MB
[2026/07/06 12:23:48] ppocr INFO: epoch: [2/10], global_step: 410, lr: 0.000500, acc: 0.093750, norm_edit_dis: 0.448087, loss: 1.830581, avg_reader_cost: 0.00086 s, avg_batch_cost: 0.05045 s, avg_samples: 32.0, ips: 634.32176 samples/s, eta: 0:01:46, max_mem_reserved: 481 MB, max_mem_allocated: 456 MB
[2026/07/06 12:23:49] ppocr INFO: epoch: [2/10], global_step: 420, lr: 0.000500, acc: 0.062500, norm_edit_dis: 0.421620, loss: 1.965223, avg_reader_cost: 0.00086 s, avg_batch_cost: 0.05138 s, avg_samples: 32.0, ips: 622.76835 samples/s, eta: 0:01:46, max_mem_reserved: 481 MB, max_mem_allocated: 456 MB
[2026/07/06 12:23:49] ppocr INFO: epoch: [2/10], global_step: 430, lr: 0.000500, acc: 0.062500, norm_edit_dis: 0.427538, loss: 2.322283, avg_reader_cost: 0.00085 s, avg_batch_cost: 0.05059 s, avg_samples: 32.0, ips: 632.48641 samples/s, eta: 0:01:45, max_mem_reserved: 481 MB, max_mem_allocated: 456 MB
[2026/07/06 12:23:50] ppocr INFO: epoch: [2/10], global_step: 440, lr: 0.000500, acc: 0.062500, norm_edit_dis: 0.452635, loss: 2.422444, avg_reader_cost: 0.00085 s, avg_batch_cost: 0.05010 s, avg_samples: 32.0, ips: 638.73298 samples/s, eta: 0:01:44, max_mem_reserved: 481 MB, max_mem_allocated: 456 MB
[2026/07/06 12:23:50] ppocr INFO: epoch: [2/10], global_step: 450, lr: 0.000500, acc: 0.062500, norm_edit_dis: 0.453346, loss: 2.100394, avg_reader_cost: 0.00085 s, avg_batch_cost: 0.05035 s, avg_samples: 32.0, ips: 635.58457 samples/s, eta: 0:01:43, max_mem_reserved: 481 MB, max_mem_allocated: 456 MB
[2026/07/06 12:23:51] ppocr INFO: epoch: [2/10], global_step: 460, lr: 0.000500, acc: 0.062500, norm_edit_dis: 0.461592, loss: 2.064247, avg_reader_cost: 0.00086 s, avg_batch_cost: 0.05100 s, avg_samples: 32.0, ips: 627.49206 samples/s, eta: 0:01:43, max_mem_reserved: 481 MB, max_mem_allocated: 456 MB
[2026/07/06 12:23:51] ppocr INFO: epoch: [2/10], global_step: 470, lr: 0.000500, acc: 0.078125, norm_edit_dis: 0.472405, loss: 1.564304, avg_reader_cost: 0.00076 s, avg_batch_cost: 0.04662 s, avg_samples: 32.0, ips: 686.36156 samples/s, eta: 0:01:42, max_mem_reserved: 481 MB, max_mem_allocated: 456 MB
[2026/07/06 12:23:52] ppocr INFO: epoch: [2/10], global_step: 478, lr: 0.000500, acc: 0.109375, norm_edit_dis: 0.475484, loss: 1.825958, avg_reader_cost: 0.00056 s, avg_batch_cost: 0.03682 s, avg_samples: 25.6, ips: 695.22107 samples/s, eta: 0:01:41, max_mem_reserved: 481 MB, max_mem_allocated: 456 MB
[2026/07/06 12:23:52] ppocr INFO: save model in /home/jupyter-st126316/Myanmar-OCR-Project/outputs/puffer_2080ti_150k_finetune_myocr/latest
[2026/07/06 12:23:53] ppocr INFO: epoch: [3/10], global_step: 480, lr: 0.000500, acc: 0.093750, norm_edit_dis: 0.473983, loss: 2.142916, avg_reader_cost: 0.05518 s, avg_batch_cost: 0.07168 s, avg_samples: 6.4, ips: 89.28812 samples/s, eta: 0:01:44, max_mem_reserved: 481 MB, max_mem_allocated: 456 MB
[2026/07/06 12:23:53] ppocr INFO: epoch: [3/10], global_step: 490, lr: 0.000500, acc: 0.125000, norm_edit_dis: 0.490620, loss: 2.563125, avg_reader_cost: 0.00098 s, avg_batch_cost: 0.05804 s, avg_samples: 32.0, ips: 551.35003 samples/s, eta: 0:01:43, max_mem_reserved: 481 MB, max_mem_allocated: 456 MB
[2026/07/06 12:23:54] ppocr INFO: epoch: [3/10], global_step: 500, lr: 0.000500, acc: 0.125000, norm_edit_dis: 0.473625, loss: 2.124789, avg_reader_cost: 0.00084 s, avg_batch_cost: 0.04877 s, avg_samples: 32.0, ips: 656.11415 samples/s, eta: 0:01:42, max_mem_reserved: 481 MB, max_mem_allocated: 456 MB
[2026/07/06 12:23:54] ppocr INFO: epoch: [3/10], global_step: 510, lr: 0.000500, acc: 0.109375, norm_edit_dis: 0.459703, loss: 1.550758, avg_reader_cost: 0.00087 s, avg_batch_cost: 0.04953 s, avg_samples: 32.0, ips: 646.03570 samples/s, eta: 0:01:42, max_mem_reserved: 481 MB, max_mem_allocated: 456 MB
[2026/07/06 12:23:55] ppocr INFO: epoch: [3/10], global_step: 520, lr: 0.000500, acc: 0.125000, norm_edit_dis: 0.464950, loss: 1.467536, avg_reader_cost: 0.00088 s, avg_batch_cost: 0.05023 s, avg_samples: 32.0, ips: 637.04859 samples/s, eta: 0:01:41, max_mem_reserved: 481 MB, max_mem_allocated: 456 MB
[2026/07/06 12:23:55] ppocr INFO: epoch: [3/10], global_step: 530, lr: 0.000500, acc: 0.093750, norm_edit_dis: 0.448219, loss: 1.755849, avg_reader_cost: 0.00087 s, avg_batch_cost: 0.04998 s, avg_samples: 32.0, ips: 640.21583 samples/s, eta: 0:01:40, max_mem_reserved: 481 MB, max_mem_allocated: 456 MB
[2026/07/06 12:23:56] ppocr INFO: epoch: [3/10], global_step: 540, lr: 0.000500, acc: 0.093750, norm_edit_dis: 0.462478, loss: 1.607739, avg_reader_cost: 0.00087 s, avg_batch_cost: 0.05008 s, avg_samples: 32.0, ips: 638.96013 samples/s, eta: 0:01:40, max_mem_reserved: 481 MB, max_mem_allocated: 456 MB
[2026/07/06 12:23:56] ppocr INFO: epoch: [3/10], global_step: 550, lr: 0.000500, acc: 0.109375, norm_edit_dis: 0.452040, loss: 1.269958, avg_reader_cost: 0.00085 s, avg_batch_cost: 0.04895 s, avg_samples: 32.0, ips: 653.67379 samples/s, eta: 0:01:39, max_mem_reserved: 481 MB, max_mem_allocated: 456 MB
[2026/07/06 12:23:57] ppocr INFO: epoch: [3/10], global_step: 560, lr: 0.000500, acc: 0.093750, norm_edit_dis: 0.447660, loss: 1.279438, avg_reader_cost: 0.00087 s, avg_batch_cost: 0.04997 s, avg_samples: 32.0, ips: 640.33312 samples/s, eta: 0:01:38, max_mem_reserved: 481 MB, max_mem_allocated: 456 MB
[2026/07/06 12:23:57] ppocr INFO: epoch: [3/10], global_step: 570, lr: 0.000500, acc: 0.093750, norm_edit_dis: 0.447038, loss: 1.566654, avg_reader_cost: 0.00084 s, avg_batch_cost: 0.04929 s, avg_samples: 32.0, ips: 649.21748 samples/s, eta: 0:01:38, max_mem_reserved: 481 MB, max_mem_allocated: 456 MB
[2026/07/06 12:23:58] ppocr INFO: epoch: [3/10], global_step: 580, lr: 0.000500, acc: 0.093750, norm_edit_dis: 0.450733, loss: 2.003226, avg_reader_cost: 0.00086 s, avg_batch_cost: 0.05010 s, avg_samples: 32.0, ips: 638.74818 samples/s, eta: 0:01:37, max_mem_reserved: 481 MB, max_mem_allocated: 456 MB
[2026/07/06 12:23:58] ppocr INFO: epoch: [3/10], global_step: 590, lr: 0.000500, acc: 0.093750, norm_edit_dis: 0.478871, loss: 1.933632, avg_reader_cost: 0.00088 s, avg_batch_cost: 0.05004 s, avg_samples: 32.0, ips: 639.49320 samples/s, eta: 0:01:36, max_mem_reserved: 481 MB, max_mem_allocated: 456 MB
[2026/07/06 12:23:59] ppocr INFO: epoch: [3/10], global_step: 600, lr: 0.000500, acc: 0.093750, norm_edit_dis: 0.466898, loss: 1.490609, avg_reader_cost: 0.00085 s, avg_batch_cost: 0.04979 s, avg_samples: 32.0, ips: 642.72241 samples/s, eta: 0:01:36, max_mem_reserved: 481 MB, max_mem_allocated: 456 MB
[2026/07/06 12:23:59] ppocr INFO: epoch: [3/10], global_step: 610, lr: 0.000500, acc: 0.109375, norm_edit_dis: 0.463436, loss: 1.335147, avg_reader_cost: 0.00088 s, avg_batch_cost: 0.05026 s, avg_samples: 32.0, ips: 636.66994 samples/s, eta: 0:01:35, max_mem_reserved: 481 MB, max_mem_allocated: 456 MB
[2026/07/06 12:24:00] ppocr INFO: epoch: [3/10], global_step: 620, lr: 0.000500, acc: 0.109375, norm_edit_dis: 0.458894, loss: 1.349460, avg_reader_cost: 0.00086 s, avg_batch_cost: 0.05040 s, avg_samples: 32.0, ips: 634.86304 samples/s, eta: 0:01:34, max_mem_reserved: 481 MB, max_mem_allocated: 456 MB
[2026/07/06 12:24:00] ppocr INFO: epoch: [3/10], global_step: 630, lr: 0.000500, acc: 0.093750, norm_edit_dis: 0.465397, loss: 1.052456, avg_reader_cost: 0.00087 s, avg_batch_cost: 0.05007 s, avg_samples: 32.0, ips: 639.13021 samples/s, eta: 0:01:34, max_mem_reserved: 481 MB, max_mem_allocated: 456 MB
[2026/07/06 12:24:01] ppocr INFO: epoch: [3/10], global_step: 640, lr: 0.000500, acc: 0.093750, norm_edit_dis: 0.465411, loss: 0.946885, avg_reader_cost: 0.00090 s, avg_batch_cost: 0.05033 s, avg_samples: 32.0, ips: 635.81309 samples/s, eta: 0:01:33, max_mem_reserved: 481 MB, max_mem_allocated: 456 MB
[2026/07/06 12:24:01] ppocr INFO: epoch: [3/10], global_step: 650, lr: 0.000500, acc: 0.125000, norm_edit_dis: 0.466671, loss: 1.074634, avg_reader_cost: 0.00088 s, avg_batch_cost: 0.05016 s, avg_samples: 32.0, ips: 638.02097 samples/s, eta: 0:01:32, max_mem_reserved: 481 MB, max_mem_allocated: 456 MB
[2026/07/06 12:24:02] ppocr INFO: epoch: [3/10], global_step: 660, lr: 0.000500, acc: 0.109375, norm_edit_dis: 0.466687, loss: 1.331343, avg_reader_cost: 0.00087 s, avg_batch_cost: 0.05200 s, avg_samples: 32.0, ips: 615.40185 samples/s, eta: 0:01:32, max_mem_reserved: 481 MB, max_mem_allocated: 456 MB
[2026/07/06 12:24:02] ppocr INFO: epoch: [3/10], global_step: 670, lr: 0.000500, acc: 0.109375, norm_edit_dis: 0.453787, loss: 1.331343, avg_reader_cost: 0.00089 s, avg_batch_cost: 0.05032 s, avg_samples: 32.0, ips: 635.87153 samples/s, eta: 0:01:31, max_mem_reserved: 481 MB, max_mem_allocated: 456 MB
[2026/07/06 12:24:03] ppocr INFO: epoch: [3/10], global_step: 680, lr: 0.000500, acc: 0.109375, norm_edit_dis: 0.457014, loss: 1.377284, avg_reader_cost: 0.00088 s, avg_batch_cost: 0.04990 s, avg_samples: 32.0, ips: 641.32629 samples/s, eta: 0:01:31, max_mem_reserved: 481 MB, max_mem_allocated: 456 MB
[2026/07/06 12:24:03] ppocr INFO: epoch: [3/10], global_step: 690, lr: 0.000500, acc: 0.109375, norm_edit_dis: 0.475256, loss: 0.999533, avg_reader_cost: 0.00087 s, avg_batch_cost: 0.04964 s, avg_samples: 32.0, ips: 644.60071 samples/s, eta: 0:01:30, max_mem_reserved: 481 MB, max_mem_allocated: 456 MB
[2026/07/06 12:24:04] ppocr INFO: epoch: [3/10], global_step: 700, lr: 0.000500, acc: 0.156250, norm_edit_dis: 0.485212, loss: 0.894302, avg_reader_cost: 0.00084 s, avg_batch_cost: 0.04850 s, avg_samples: 32.0, ips: 659.80953 samples/s, eta: 0:01:29, max_mem_reserved: 481 MB, max_mem_allocated: 456 MB
[2026/07/06 12:24:04] ppocr INFO: epoch: [3/10], global_step: 710, lr: 0.000500, acc: 0.156250, norm_edit_dis: 0.493205, loss: 1.152563, avg_reader_cost: 0.00073 s, avg_batch_cost: 0.04561 s, avg_samples: 32.0, ips: 701.54150 samples/s, eta: 0:01:29, max_mem_reserved: 481 MB, max_mem_allocated: 456 MB
[2026/07/06 12:24:05] ppocr INFO: epoch: [3/10], global_step: 717, lr: 0.000500, acc: 0.156250, norm_edit_dis: 0.492993, loss: 1.152563, avg_reader_cost: 0.00047 s, avg_batch_cost: 0.03153 s, avg_samples: 22.4, ips: 710.46408 samples/s, eta: 0:01:28, max_mem_reserved: 481 MB, max_mem_allocated: 456 MB
[2026/07/06 12:24:08] ppocr INFO: save model in /home/jupyter-st126316/Myanmar-OCR-Project/outputs/puffer_2080ti_150k_finetune_myocr/latest
[2026/07/06 12:24:09] ppocr INFO: save model in /home/jupyter-st126316/Myanmar-OCR-Project/outputs/puffer_2080ti_150k_finetune_myocr/iter_epoch_3
[2026/07/06 12:24:09] ppocr INFO: epoch: [4/10], global_step: 720, lr: 0.000500, acc: 0.125000, norm_edit_dis: 0.491787, loss: 1.358357, avg_reader_cost: 0.05670 s, avg_batch_cost: 0.07802 s, avg_samples: 9.6, ips: 123.03917 samples/s, eta: 0:01:29, max_mem_reserved: 481 MB, max_mem_allocated: 456 MB
[2026/07/06 12:24:10] ppocr INFO: epoch: [4/10], global_step: 730, lr: 0.000500, acc: 0.156250, norm_edit_dis: 0.495225, loss: 1.396673, avg_reader_cost: 0.00095 s, avg_batch_cost: 0.05706 s, avg_samples: 32.0, ips: 560.82697 samples/s, eta: 0:01:29, max_mem_reserved: 481 MB, max_mem_allocated: 456 MB
[2026/07/06 12:24:10] ppocr INFO: epoch: [4/10], global_step: 740, lr: 0.000500, acc: 0.125000, norm_edit_dis: 0.489878, loss: 1.171297, avg_reader_cost: 0.00084 s, avg_batch_cost: 0.05006 s, avg_samples: 32.0, ips: 639.29064 samples/s, eta: 0:01:28, max_mem_reserved: 481 MB, max_mem_allocated: 456 MB
[2026/07/06 12:24:11] ppocr INFO: epoch: [4/10], global_step: 750, lr: 0.000500, acc: 0.125000, norm_edit_dis: 0.465796, loss: 0.890667, avg_reader_cost: 0.00083 s, avg_batch_cost: 0.04975 s, avg_samples: 32.0, ips: 643.23773 samples/s, eta: 0:01:28, max_mem_reserved: 481 MB, max_mem_allocated: 456 MB
[2026/07/06 12:24:11] ppocr INFO: epoch: [4/10], global_step: 760, lr: 0.000500, acc: 0.156250, norm_edit_dis: 0.463196, loss: 0.721841, avg_reader_cost: 0.00084 s, avg_batch_cost: 0.04998 s, avg_samples: 32.0, ips: 640.31723 samples/s, eta: 0:01:27, max_mem_reserved: 481 MB, max_mem_allocated: 456 MB
[2026/07/06 12:24:12] ppocr INFO: epoch: [4/10], global_step: 770, lr: 0.000500, acc: 0.093750, norm_edit_dis: 0.474420, loss: 1.069143, avg_reader_cost: 0.00086 s, avg_batch_cost: 0.05024 s, avg_samples: 32.0, ips: 636.88293 samples/s, eta: 0:01:27, max_mem_reserved: 481 MB, max_mem_allocated: 456 MB
[2026/07/06 12:24:12] ppocr INFO: epoch: [4/10], global_step: 780, lr: 0.000500, acc: 0.125000, norm_edit_dis: 0.477094, loss: 0.950886, avg_reader_cost: 0.00086 s, avg_batch_cost: 0.05040 s, avg_samples: 32.0, ips: 634.89577 samples/s, eta: 0:01:26, max_mem_reserved: 481 MB, max_mem_allocated: 456 MB
[2026/07/06 12:24:13] ppocr INFO: epoch: [4/10], global_step: 790, lr: 0.000500, acc: 0.140625, norm_edit_dis: 0.463817, loss: 0.752920, avg_reader_cost: 0.00085 s, avg_batch_cost: 0.05194 s, avg_samples: 32.0, ips: 616.14032 samples/s, eta: 0:01:25, max_mem_reserved: 481 MB, max_mem_allocated: 456 MB
[2026/07/06 12:24:13] ppocr INFO: epoch: [4/10], global_step: 800, lr: 0.000500, acc: 0.125000, norm_edit_dis: 0.470309, loss: 0.966633, avg_reader_cost: 0.00084 s, avg_batch_cost: 0.05012 s, avg_samples: 32.0, ips: 638.46226 samples/s, eta: 0:01:25, max_mem_reserved: 481 MB, max_mem_allocated: 456 MB
[2026/07/06 12:24:14] ppocr INFO: epoch: [4/10], global_step: 810, lr: 0.000500, acc: 0.140625, norm_edit_dis: 0.470711, loss: 0.914092, avg_reader_cost: 0.00082 s, avg_batch_cost: 0.04995 s, avg_samples: 32.0, ips: 640.70145 samples/s, eta: 0:01:24, max_mem_reserved: 481 MB, max_mem_allocated: 456 MB
[2026/07/06 12:24:14] ppocr INFO: epoch: [4/10], global_step: 820, lr: 0.000500, acc: 0.140625, norm_edit_dis: 0.474329, loss: 1.209786, avg_reader_cost: 0.00086 s, avg_batch_cost: 0.05026 s, avg_samples: 32.0, ips: 636.74908 samples/s, eta: 0:01:24, max_mem_reserved: 481 MB, max_mem_allocated: 456 MB
[2026/07/06 12:24:15] ppocr INFO: epoch: [4/10], global_step: 830, lr: 0.000500, acc: 0.156250, norm_edit_dis: 0.488123, loss: 1.218127, avg_reader_cost: 0.00085 s, avg_batch_cost: 0.05022 s, avg_samples: 32.0, ips: 637.25668 samples/s, eta: 0:01:23, max_mem_reserved: 481 MB, max_mem_allocated: 456 MB
[2026/07/06 12:24:15] ppocr INFO: epoch: [4/10], global_step: 840, lr: 0.000500, acc: 0.156250, norm_edit_dis: 0.481530, loss: 0.874093, avg_reader_cost: 0.00085 s, avg_batch_cost: 0.04966 s, avg_samples: 32.0, ips: 644.36025 samples/s, eta: 0:01:22, max_mem_reserved: 481 MB, max_mem_allocated: 456 MB
[2026/07/06 12:24:16] ppocr INFO: epoch: [4/10], global_step: 850, lr: 0.000500, acc: 0.156250, norm_edit_dis: 0.484397, loss: 0.825648, avg_reader_cost: 0.00084 s, avg_batch_cost: 0.05027 s, avg_samples: 32.0, ips: 636.56909 samples/s, eta: 0:01:22, max_mem_reserved: 481 MB, max_mem_allocated: 456 MB
[2026/07/06 12:24:16] ppocr INFO: epoch: [4/10], global_step: 860, lr: 0.000500, acc: 0.156250, norm_edit_dis: 0.468787, loss: 0.780000, avg_reader_cost: 0.00086 s, avg_batch_cost: 0.05046 s, avg_samples: 32.0, ips: 634.17161 samples/s, eta: 0:01:21, max_mem_reserved: 481 MB, max_mem_allocated: 456 MB
[2026/07/06 12:24:17] ppocr INFO: epoch: [4/10], global_step: 870, lr: 0.000500, acc: 0.125000, norm_edit_dis: 0.465821, loss: 0.713053, avg_reader_cost: 0.00085 s, avg_batch_cost: 0.05004 s, avg_samples: 32.0, ips: 639.49564 samples/s, eta: 0:01:21, max_mem_reserved: 481 MB, max_mem_allocated: 456 MB
[2026/07/06 12:24:17] ppocr INFO: epoch: [4/10], global_step: 880, lr: 0.000500, acc: 0.125000, norm_edit_dis: 0.468813, loss: 0.696959, avg_reader_cost: 0.00084 s, avg_batch_cost: 0.05007 s, avg_samples: 32.0, ips: 639.07422 samples/s, eta: 0:01:20, max_mem_reserved: 481 MB, max_mem_allocated: 456 MB
[2026/07/06 12:24:18] ppocr INFO: epoch: [4/10], global_step: 890, lr: 0.000500, acc: 0.140625, norm_edit_dis: 0.462420, loss: 0.768809, avg_reader_cost: 0.00083 s, avg_batch_cost: 0.05004 s, avg_samples: 32.0, ips: 639.45268 samples/s, eta: 0:01:19, max_mem_reserved: 481 MB, max_mem_allocated: 456 MB
[2026/07/06 12:24:18] ppocr INFO: epoch: [4/10], global_step: 900, lr: 0.000500, acc: 0.125000, norm_edit_dis: 0.463136, loss: 0.827680, avg_reader_cost: 0.00082 s, avg_batch_cost: 0.04978 s, avg_samples: 32.0, ips: 642.88680 samples/s, eta: 0:01:19, max_mem_reserved: 481 MB, max_mem_allocated: 456 MB
[2026/07/06 12:24:19] ppocr INFO: epoch: [4/10], global_step: 910, lr: 0.000500, acc: 0.156250, norm_edit_dis: 0.462777, loss: 0.772782, avg_reader_cost: 0.00083 s, avg_batch_cost: 0.04997 s, avg_samples: 32.0, ips: 640.35634 samples/s, eta: 0:01:18, max_mem_reserved: 481 MB, max_mem_allocated: 456 MB
[2026/07/06 12:24:19] ppocr INFO: epoch: [4/10], global_step: 920, lr: 0.000500, acc: 0.156250, norm_edit_dis: 0.480875, loss: 0.910989, avg_reader_cost: 0.00084 s, avg_batch_cost: 0.04970 s, avg_samples: 32.0, ips: 643.82275 samples/s, eta: 0:01:18, max_mem_reserved: 481 MB, max_mem_allocated: 456 MB
[2026/07/06 12:24:20] ppocr INFO: epoch: [4/10], global_step: 930, lr: 0.000500, acc: 0.140625, norm_edit_dis: 0.485448, loss: 0.866781, avg_reader_cost: 0.00082 s, avg_batch_cost: 0.04969 s, avg_samples: 32.0, ips: 644.00964 samples/s, eta: 0:01:17, max_mem_reserved: 481 MB, max_mem_allocated: 456 MB
[2026/07/06 12:24:20] ppocr INFO: epoch: [4/10], global_step: 940, lr: 0.000500, acc: 0.156250, norm_edit_dis: 0.490631, loss: 0.603550, avg_reader_cost: 0.00084 s, avg_batch_cost: 0.04994 s, avg_samples: 32.0, ips: 640.80148 samples/s, eta: 0:01:16, max_mem_reserved: 481 MB, max_mem_allocated: 456 MB
[2026/07/06 12:24:21] ppocr INFO: epoch: [4/10], global_step: 950, lr: 0.000500, acc: 0.156250, norm_edit_dis: 0.489324, loss: 0.689668, avg_reader_cost: 0.00073 s, avg_batch_cost: 0.04588 s, avg_samples: 32.0, ips: 697.43422 samples/s, eta: 0:01:16, max_mem_reserved: 481 MB, max_mem_allocated: 456 MB
[2026/07/06 12:24:21] ppocr INFO: epoch: [4/10], global_step: 956, lr: 0.000500, acc: 0.171875, norm_edit_dis: 0.491404, loss: 0.689668, avg_reader_cost: 0.00040 s, avg_batch_cost: 0.02712 s, avg_samples: 19.2, ips: 708.02202 samples/s, eta: 0:01:15, max_mem_reserved: 481 MB, max_mem_allocated: 456 MB
[2026/07/06 12:24:25] ppocr INFO: save model in /home/jupyter-st126316/Myanmar-OCR-Project/outputs/puffer_2080ti_150k_finetune_myocr/latest
[2026/07/06 12:24:26] ppocr INFO: epoch: [5/10], global_step: 960, lr: 0.000500, acc: 0.156250, norm_edit_dis: 0.496574, loss: 0.888579, avg_reader_cost: 0.05531 s, avg_batch_cost: 0.08351 s, avg_samples: 12.8, ips: 153.27021 samples/s, eta: 0:01:16, max_mem_reserved: 481 MB, max_mem_allocated: 456 MB
[2026/07/06 12:24:27] ppocr INFO: epoch: [5/10], global_step: 970, lr: 0.000500, acc: 0.187500, norm_edit_dis: 0.512297, loss: 0.808131, avg_reader_cost: 0.00094 s, avg_batch_cost: 0.05627 s, avg_samples: 32.0, ips: 568.69533 samples/s, eta: 0:01:16, max_mem_reserved: 481 MB, max_mem_allocated: 456 MB
[2026/07/06 12:24:27] ppocr INFO: epoch: [5/10], global_step: 980, lr: 0.000500, acc: 0.187500, norm_edit_dis: 0.495039, loss: 0.762888, avg_reader_cost: 0.00086 s, avg_batch_cost: 0.04959 s, avg_samples: 32.0, ips: 645.23814 samples/s, eta: 0:01:15, max_mem_reserved: 481 MB, max_mem_allocated: 456 MB
[2026/07/06 12:24:28] ppocr INFO: epoch: [5/10], global_step: 990, lr: 0.000500, acc: 0.125000, norm_edit_dis: 0.477112, loss: 0.757493, avg_reader_cost: 0.00088 s, avg_batch_cost: 0.04977 s, avg_samples: 32.0, ips: 642.90189 samples/s, eta: 0:01:14, max_mem_reserved: 481 MB, max_mem_allocated: 456 MB
[2026/07/06 12:24:28] ppocr INFO: epoch: [5/10], global_step: 1000, lr: 0.000500, acc: 0.187500, norm_edit_dis: 0.472060, loss: 0.511969, avg_reader_cost: 0.00088 s, avg_batch_cost: 0.04970 s, avg_samples: 32.0, ips: 643.89687 samples/s, eta: 0:01:14, max_mem_reserved: 481 MB, max_mem_allocated: 456 MB
[2026/07/06 12:24:29] ppocr INFO: epoch: [5/10], global_step: 1010, lr: 0.000500, acc: 0.156250, norm_edit_dis: 0.473043, loss: 0.662063, avg_reader_cost: 0.00087 s, avg_batch_cost: 0.04996 s, avg_samples: 32.0, ips: 640.52105 samples/s, eta: 0:01:13, max_mem_reserved: 481 MB, max_mem_allocated: 456 MB
[2026/07/06 12:24:29] ppocr INFO: epoch: [5/10], global_step: 1020, lr: 0.000500, acc: 0.156250, norm_edit_dis: 0.475551, loss: 0.615283, avg_reader_cost: 0.00087 s, avg_batch_cost: 0.05070 s, avg_samples: 32.0, ips: 631.17562 samples/s, eta: 0:01:13, max_mem_reserved: 481 MB, max_mem_allocated: 456 MB
[2026/07/06 12:24:30] ppocr INFO: epoch: [5/10], global_step: 1030, lr: 0.000500, acc: 0.171875, norm_edit_dis: 0.479630, loss: 0.468334, avg_reader_cost: 0.00089 s, avg_batch_cost: 0.05022 s, avg_samples: 32.0, ips: 637.20253 samples/s, eta: 0:01:12, max_mem_reserved: 481 MB, max_mem_allocated: 456 MB
[2026/07/06 12:24:30] ppocr INFO: epoch: [5/10], global_step: 1040, lr: 0.000500, acc: 0.171875, norm_edit_dis: 0.480401, loss: 0.486182, avg_reader_cost: 0.00087 s, avg_batch_cost: 0.04987 s, avg_samples: 32.0, ips: 641.70988 samples/s, eta: 0:01:12, max_mem_reserved: 481 MB, max_mem_allocated: 456 MB
[2026/07/06 12:24:31] ppocr INFO: epoch: [5/10], global_step: 1050, lr: 0.000500, acc: 0.140625, norm_edit_dis: 0.478769, loss: 0.819132, avg_reader_cost: 0.00085 s, avg_batch_cost: 0.04979 s, avg_samples: 32.0, ips: 642.73533 samples/s, eta: 0:01:11, max_mem_reserved: 481 MB, max_mem_allocated: 456 MB
[2026/07/06 12:24:31] ppocr INFO: epoch: [5/10], global_step: 1060, lr: 0.000500, acc: 0.140625, norm_edit_dis: 0.482981, loss: 0.948647, avg_reader_cost: 0.00086 s, avg_batch_cost: 0.04987 s, avg_samples: 32.0, ips: 641.62368 samples/s, eta: 0:01:10, max_mem_reserved: 481 MB, max_mem_allocated: 456 MB
[2026/07/06 12:24:32] ppocr INFO: epoch: [5/10], global_step: 1070, lr: 0.000500, acc: 0.171875, norm_edit_dis: 0.496067, loss: 0.771938, avg_reader_cost: 0.00087 s, avg_batch_cost: 0.05003 s, avg_samples: 32.0, ips: 639.61479 samples/s, eta: 0:01:10, max_mem_reserved: 481 MB, max_mem_allocated: 456 MB
[2026/07/06 12:24:32] ppocr INFO: epoch: [5/10], global_step: 1080, lr: 0.000500, acc: 0.187500, norm_edit_dis: 0.492713, loss: 0.576642, avg_reader_cost: 0.00087 s, avg_batch_cost: 0.04978 s, avg_samples: 32.0, ips: 642.82799 samples/s, eta: 0:01:09, max_mem_reserved: 481 MB, max_mem_allocated: 456 MB
[2026/07/06 12:24:33] ppocr INFO: epoch: [5/10], global_step: 1090, lr: 0.000500, acc: 0.218750, norm_edit_dis: 0.494319, loss: 0.491392, avg_reader_cost: 0.00087 s, avg_batch_cost: 0.04992 s, avg_samples: 32.0, ips: 641.03316 samples/s, eta: 0:01:09, max_mem_reserved: 481 MB, max_mem_allocated: 456 MB
[2026/07/06 12:24:33] ppocr INFO: epoch: [5/10], global_step: 1100, lr: 0.000500, acc: 0.171875, norm_edit_dis: 0.465260, loss: 0.509958, avg_reader_cost: 0.00086 s, avg_batch_cost: 0.05000 s, avg_samples: 32.0, ips: 639.98505 samples/s, eta: 0:01:08, max_mem_reserved: 481 MB, max_mem_allocated: 456 MB
[2026/07/06 12:24:34] ppocr INFO: epoch: [5/10], global_step: 1110, lr: 0.000500, acc: 0.140625, norm_edit_dis: 0.470688, loss: 0.563931, avg_reader_cost: 0.00086 s, avg_batch_cost: 0.05038 s, avg_samples: 32.0, ips: 635.15656 samples/s, eta: 0:01:08, max_mem_reserved: 481 MB, max_mem_allocated: 456 MB
[2026/07/06 12:24:34] ppocr INFO: epoch: [5/10], global_step: 1120, lr: 0.000500, acc: 0.156250, norm_edit_dis: 0.478266, loss: 0.407314, avg_reader_cost: 0.00083 s, avg_batch_cost: 0.05223 s, avg_samples: 32.0, ips: 612.62492 samples/s, eta: 0:01:07, max_mem_reserved: 481 MB, max_mem_allocated: 456 MB
[2026/07/06 12:24:35] ppocr INFO: epoch: [5/10], global_step: 1130, lr: 0.000500, acc: 0.156250, norm_edit_dis: 0.474150, loss: 0.532296, avg_reader_cost: 0.00085 s, avg_batch_cost: 0.05141 s, avg_samples: 32.0, ips: 622.38658 samples/s, eta: 0:01:06, max_mem_reserved: 481 MB, max_mem_allocated: 456 MB
[2026/07/06 12:24:35] ppocr INFO: epoch: [5/10], global_step: 1140, lr: 0.000500, acc: 0.156250, norm_edit_dis: 0.474150, loss: 0.551007, avg_reader_cost: 0.00085 s, avg_batch_cost: 0.05005 s, avg_samples: 32.0, ips: 639.36830 samples/s, eta: 0:01:06, max_mem_reserved: 481 MB, max_mem_allocated: 456 MB
[2026/07/06 12:24:36] ppocr INFO: epoch: [5/10], global_step: 1150, lr: 0.000500, acc: 0.187500, norm_edit_dis: 0.480505, loss: 0.499036, avg_reader_cost: 0.00084 s, avg_batch_cost: 0.05000 s, avg_samples: 32.0, ips: 640.04578 samples/s, eta: 0:01:05, max_mem_reserved: 481 MB, max_mem_allocated: 456 MB
[2026/07/06 12:24:36] ppocr INFO: epoch: [5/10], global_step: 1160, lr: 0.000500, acc: 0.171875, norm_edit_dis: 0.492743, loss: 0.570536, avg_reader_cost: 0.00085 s, avg_batch_cost: 0.05012 s, avg_samples: 32.0, ips: 638.50721 samples/s, eta: 0:01:05, max_mem_reserved: 481 MB, max_mem_allocated: 456 MB
[2026/07/06 12:24:37] ppocr INFO: epoch: [5/10], global_step: 1170, lr: 0.000500, acc: 0.156250, norm_edit_dis: 0.485139, loss: 0.513827, avg_reader_cost: 0.00084 s, avg_batch_cost: 0.05014 s, avg_samples: 32.0, ips: 638.22181 samples/s, eta: 0:01:04, max_mem_reserved: 481 MB, max_mem_allocated: 456 MB
[2026/07/06 12:24:37] ppocr INFO: epoch: [5/10], global_step: 1180, lr: 0.000500, acc: 0.187500, norm_edit_dis: 0.500133, loss: 0.416178, avg_reader_cost: 0.00085 s, avg_batch_cost: 0.04971 s, avg_samples: 32.0, ips: 643.77210 samples/s, eta: 0:01:04, max_mem_reserved: 481 MB, max_mem_allocated: 456 MB
[2026/07/06 12:24:38] ppocr INFO: epoch: [5/10], global_step: 1190, lr: 0.000500, acc: 0.218750, norm_edit_dis: 0.499259, loss: 0.402631, avg_reader_cost: 0.00067 s, avg_batch_cost: 0.04568 s, avg_samples: 32.0, ips: 700.55686 samples/s, eta: 0:01:03, max_mem_reserved: 481 MB, max_mem_allocated: 456 MB
[2026/07/06 12:24:38] ppocr INFO: epoch: [5/10], global_step: 1195, lr: 0.000500, acc: 0.218750, norm_edit_dis: 0.499350, loss: 0.402631, avg_reader_cost: 0.00033 s, avg_batch_cost: 0.02256 s, avg_samples: 16.0, ips: 709.18612 samples/s, eta: 0:01:03, max_mem_reserved: 481 MB, max_mem_allocated: 456 MB
[2026/07/06 12:24:38] ppocr INFO: save model in /home/jupyter-st126316/Myanmar-OCR-Project/outputs/puffer_2080ti_150k_finetune_myocr/latest
[2026/07/06 12:24:39] ppocr INFO: epoch: [6/10], global_step: 1200, lr: 0.000500, acc: 0.187500, norm_edit_dis: 0.505256, loss: 0.597385, avg_reader_cost: 0.05692 s, avg_batch_cost: 0.08411 s, avg_samples: 16.0, ips: 190.22035 samples/s, eta: 0:01:03, max_mem_reserved: 481 MB, max_mem_allocated: 456 MB
[2026/07/06 12:24:40] ppocr INFO: epoch: [6/10], global_step: 1210, lr: 0.000500, acc: 0.218750, norm_edit_dis: 0.511415, loss: 0.588725, avg_reader_cost: 0.00083 s, avg_batch_cost: 0.05322 s, avg_samples: 32.0, ips: 601.32367 samples/s, eta: 0:01:03, max_mem_reserved: 481 MB, max_mem_allocated: 456 MB
[2026/07/06 12:24:40] ppocr INFO: epoch: [6/10], global_step: 1220, lr: 0.000500, acc: 0.218750, norm_edit_dis: 0.500565, loss: 0.445873, avg_reader_cost: 0.00082 s, avg_batch_cost: 0.04987 s, avg_samples: 32.0, ips: 641.69822 samples/s, eta: 0:01:02, max_mem_reserved: 481 MB, max_mem_allocated: 456 MB
[2026/07/06 12:24:41] ppocr INFO: epoch: [6/10], global_step: 1230, lr: 0.000500, acc: 0.187500, norm_edit_dis: 0.477285, loss: 0.378960, avg_reader_cost: 0.00083 s, avg_batch_cost: 0.05085 s, avg_samples: 32.0, ips: 629.29820 samples/s, eta: 0:01:01, max_mem_reserved: 481 MB, max_mem_allocated: 456 MB
[2026/07/06 12:24:41] ppocr INFO: epoch: [6/10], global_step: 1240, lr: 0.000500, acc: 0.187500, norm_edit_dis: 0.488356, loss: 0.340141, avg_reader_cost: 0.00082 s, avg_batch_cost: 0.04978 s, avg_samples: 32.0, ips: 642.78951 samples/s, eta: 0:01:01, max_mem_reserved: 481 MB, max_mem_allocated: 456 MB
[2026/07/06 12:24:42] ppocr INFO: epoch: [6/10], global_step: 1250, lr: 0.000500, acc: 0.187500, norm_edit_dis: 0.494816, loss: 0.481393, avg_reader_cost: 0.00081 s, avg_batch_cost: 0.05068 s, avg_samples: 32.0, ips: 631.46753 samples/s, eta: 0:01:00, max_mem_reserved: 481 MB, max_mem_allocated: 456 MB
[2026/07/06 12:24:42] ppocr INFO: epoch: [6/10], global_step: 1260, lr: 0.000500, acc: 0.187500, norm_edit_dis: 0.479741, loss: 0.425254, avg_reader_cost: 0.00082 s, avg_batch_cost: 0.05011 s, avg_samples: 32.0, ips: 638.57101 samples/s, eta: 0:01:00, max_mem_reserved: 481 MB, max_mem_allocated: 456 MB
[2026/07/06 12:24:43] ppocr INFO: epoch: [6/10], global_step: 1270, lr: 0.000500, acc: 0.187500, norm_edit_dis: 0.482500, loss: 0.308270, avg_reader_cost: 0.00082 s, avg_batch_cost: 0.05003 s, avg_samples: 32.0, ips: 639.63522 samples/s, eta: 0:00:59, max_mem_reserved: 481 MB, max_mem_allocated: 456 MB
[2026/07/06 12:24:43] ppocr INFO: epoch: [6/10], global_step: 1280, lr: 0.000500, acc: 0.218750, norm_edit_dis: 0.483273, loss: 0.333504, avg_reader_cost: 0.00082 s, avg_batch_cost: 0.05007 s, avg_samples: 32.0, ips: 639.06083 samples/s, eta: 0:00:59, max_mem_reserved: 481 MB, max_mem_allocated: 456 MB
[2026/07/06 12:24:44] ppocr INFO: epoch: [6/10], global_step: 1290, lr: 0.000500, acc: 0.187500, norm_edit_dis: 0.480254, loss: 0.489386, avg_reader_cost: 0.00082 s, avg_batch_cost: 0.05072 s, avg_samples: 32.0, ips: 630.85670 samples/s, eta: 0:00:58, max_mem_reserved: 481 MB, max_mem_allocated: 456 MB
[2026/07/06 12:24:44] ppocr INFO: epoch: [6/10], global_step: 1300, lr: 0.000500, acc: 0.171875, norm_edit_dis: 0.487674, loss: 0.611702, avg_reader_cost: 0.00082 s, avg_batch_cost: 0.05024 s, avg_samples: 32.0, ips: 636.99900 samples/s, eta: 0:00:57, max_mem_reserved: 481 MB, max_mem_allocated: 456 MB
[2026/07/06 12:24:45] ppocr INFO: epoch: [6/10], global_step: 1310, lr: 0.000500, acc: 0.187500, norm_edit_dis: 0.495152, loss: 0.496222, avg_reader_cost: 0.00084 s, avg_batch_cost: 0.05039 s, avg_samples: 32.0, ips: 635.05108 samples/s, eta: 0:00:57, max_mem_reserved: 481 MB, max_mem_allocated: 456 MB
[2026/07/06 12:24:45] ppocr INFO: epoch: [6/10], global_step: 1320, lr: 0.000500, acc: 0.203125, norm_edit_dis: 0.487053, loss: 0.329181, avg_reader_cost: 0.00081 s, avg_batch_cost: 0.04982 s, avg_samples: 32.0, ips: 642.31486 samples/s, eta: 0:00:56, max_mem_reserved: 481 MB, max_mem_allocated: 456 MB
[2026/07/06 12:24:46] ppocr INFO: epoch: [6/10], global_step: 1330, lr: 0.000500, acc: 0.218750, norm_edit_dis: 0.496772, loss: 0.322209, avg_reader_cost: 0.00083 s, avg_batch_cost: 0.05087 s, avg_samples: 32.0, ips: 629.05429 samples/s, eta: 0:00:56, max_mem_reserved: 481 MB, max_mem_allocated: 456 MB
[2026/07/06 12:24:46] ppocr INFO: epoch: [6/10], global_step: 1340, lr: 0.000500, acc: 0.218750, norm_edit_dis: 0.478926, loss: 0.270334, avg_reader_cost: 0.00085 s, avg_batch_cost: 0.05025 s, avg_samples: 32.0, ips: 636.77566 samples/s, eta: 0:00:55, max_mem_reserved: 481 MB, max_mem_allocated: 456 MB
[2026/07/06 12:24:47] ppocr INFO: epoch: [6/10], global_step: 1350, lr: 0.000500, acc: 0.187500, norm_edit_dis: 0.477161, loss: 0.340170, avg_reader_cost: 0.00084 s, avg_batch_cost: 0.05033 s, avg_samples: 32.0, ips: 635.85888 samples/s, eta: 0:00:55, max_mem_reserved: 481 MB, max_mem_allocated: 456 MB
[2026/07/06 12:24:47] ppocr INFO: epoch: [6/10], global_step: 1360, lr: 0.000500, acc: 0.187500, norm_edit_dis: 0.482239, loss: 0.263836, avg_reader_cost: 0.00081 s, avg_batch_cost: 0.04984 s, avg_samples: 32.0, ips: 642.07273 samples/s, eta: 0:00:54, max_mem_reserved: 481 MB, max_mem_allocated: 456 MB
[2026/07/06 12:24:48] ppocr INFO: epoch: [6/10], global_step: 1370, lr: 0.000500, acc: 0.156250, norm_edit_dis: 0.478182, loss: 0.335424, avg_reader_cost: 0.00082 s, avg_batch_cost: 0.05074 s, avg_samples: 32.0, ips: 630.61395 samples/s, eta: 0:00:54, max_mem_reserved: 481 MB, max_mem_allocated: 456 MB
[2026/07/06 12:24:48] ppocr INFO: epoch: [6/10], global_step: 1380, lr: 0.000500, acc: 0.156250, norm_edit_dis: 0.480376, loss: 0.365723, avg_reader_cost: 0.00082 s, avg_batch_cost: 0.05017 s, avg_samples: 32.0, ips: 637.78722 samples/s, eta: 0:00:53, max_mem_reserved: 481 MB, max_mem_allocated: 456 MB
[2026/07/06 12:24:49] ppocr INFO: epoch: [6/10], global_step: 1390, lr: 0.000500, acc: 0.187500, norm_edit_dis: 0.481070, loss: 0.332439, avg_reader_cost: 0.00082 s, avg_batch_cost: 0.05003 s, avg_samples: 32.0, ips: 639.63796 samples/s, eta: 0:00:52, max_mem_reserved: 481 MB, max_mem_allocated: 456 MB
[2026/07/06 12:24:49] ppocr INFO: epoch: [6/10], global_step: 1400, lr: 0.000500, acc: 0.187500, norm_edit_dis: 0.486728, loss: 0.309629, avg_reader_cost: 0.00082 s, avg_batch_cost: 0.05002 s, avg_samples: 32.0, ips: 639.71784 samples/s, eta: 0:00:52, max_mem_reserved: 481 MB, max_mem_allocated: 456 MB
[2026/07/06 12:24:50] ppocr INFO: epoch: [6/10], global_step: 1410, lr: 0.000500, acc: 0.187500, norm_edit_dis: 0.484566, loss: 0.296730, avg_reader_cost: 0.00084 s, avg_batch_cost: 0.05085 s, avg_samples: 32.0, ips: 629.27254 samples/s, eta: 0:00:51, max_mem_reserved: 481 MB, max_mem_allocated: 456 MB
[2026/07/06 12:24:50] ppocr INFO: epoch: [6/10], global_step: 1420, lr: 0.000500, acc: 0.203125, norm_edit_dis: 0.503269, loss: 0.326903, avg_reader_cost: 0.00082 s, avg_batch_cost: 0.04942 s, avg_samples: 32.0, ips: 647.54957 samples/s, eta: 0:00:51, max_mem_reserved: 481 MB, max_mem_allocated: 456 MB
[2026/07/06 12:24:51] ppocr INFO: epoch: [6/10], global_step: 1430, lr: 0.000500, acc: 0.218750, norm_edit_dis: 0.500556, loss: 0.292921, avg_reader_cost: 0.00068 s, avg_batch_cost: 0.04578 s, avg_samples: 32.0, ips: 698.93381 samples/s, eta: 0:00:50, max_mem_reserved: 481 MB, max_mem_allocated: 456 MB
[2026/07/06 12:24:51] ppocr INFO: epoch: [6/10], global_step: 1434, lr: 0.000500, acc: 0.218750, norm_edit_dis: 0.510747, loss: 0.292921, avg_reader_cost: 0.00027 s, avg_batch_cost: 0.01800 s, avg_samples: 12.8, ips: 711.01667 samples/s, eta: 0:00:50, max_mem_reserved: 481 MB, max_mem_allocated: 456 MB
[2026/07/06 12:24:51] ppocr INFO: save model in /home/jupyter-st126316/Myanmar-OCR-Project/outputs/puffer_2080ti_150k_finetune_myocr/latest
[2026/07/06 12:24:51] ppocr INFO: save model in /home/jupyter-st126316/Myanmar-OCR-Project/outputs/puffer_2080ti_150k_finetune_myocr/iter_epoch_6
[2026/07/06 12:24:52] ppocr INFO: epoch: [7/10], global_step: 1440, lr: 0.000500, acc: 0.218750, norm_edit_dis: 0.519763, loss: 0.352729, avg_reader_cost: 0.05526 s, avg_batch_cost: 0.08775 s, avg_samples: 19.2, ips: 218.80941 samples/s, eta: 0:00:50, max_mem_reserved: 481 MB, max_mem_allocated: 456 MB
[2026/07/06 12:24:53] ppocr INFO: epoch: [7/10], global_step: 1450, lr: 0.000500, acc: 0.218750, norm_edit_dis: 0.519763, loss: 0.385223, avg_reader_cost: 0.00083 s, avg_batch_cost: 0.05075 s, avg_samples: 32.0, ips: 630.52596 samples/s, eta: 0:00:50, max_mem_reserved: 481 MB, max_mem_allocated: 456 MB
[2026/07/06 12:24:53] ppocr INFO: epoch: [7/10], global_step: 1460, lr: 0.000500, acc: 0.218750, norm_edit_dis: 0.500258, loss: 0.271572, avg_reader_cost: 0.00083 s, avg_batch_cost: 0.04974 s, avg_samples: 32.0, ips: 643.39345 samples/s, eta: 0:00:49, max_mem_reserved: 481 MB, max_mem_allocated: 456 MB
[2026/07/06 12:24:54] ppocr INFO: epoch: [7/10], global_step: 1470, lr: 0.000500, acc: 0.218750, norm_edit_dis: 0.482951, loss: 0.253723, avg_reader_cost: 0.00082 s, avg_batch_cost: 0.04977 s, avg_samples: 32.0, ips: 642.93546 samples/s, eta: 0:00:48, max_mem_reserved: 481 MB, max_mem_allocated: 456 MB
[2026/07/06 12:24:54] ppocr INFO: epoch: [7/10], global_step: 1480, lr: 0.000500, acc: 0.234375, norm_edit_dis: 0.478281, loss: 0.231956, avg_reader_cost: 0.00082 s, avg_batch_cost: 0.05008 s, avg_samples: 32.0, ips: 639.03801 samples/s, eta: 0:00:48, max_mem_reserved: 481 MB, max_mem_allocated: 456 MB
[2026/07/06 12:24:55] ppocr INFO: epoch: [7/10], global_step: 1490, lr: 0.000500, acc: 0.218750, norm_edit_dis: 0.506023, loss: 0.310599, avg_reader_cost: 0.00086 s, avg_batch_cost: 0.05113 s, avg_samples: 32.0, ips: 625.81966 samples/s, eta: 0:00:47, max_mem_reserved: 481 MB, max_mem_allocated: 456 MB
[2026/07/06 12:24:55] ppocr INFO: epoch: [7/10], global_step: 1500, lr: 0.000500, acc: 0.218750, norm_edit_dis: 0.490252, loss: 0.237789, avg_reader_cost: 0.00084 s, avg_batch_cost: 0.05017 s, avg_samples: 32.0, ips: 637.81662 samples/s, eta: 0:00:47, max_mem_reserved: 481 MB, max_mem_allocated: 456 MB
[2026/07/06 12:24:56] ppocr INFO: epoch: [7/10], global_step: 1510, lr: 0.000500, acc: 0.218750, norm_edit_dis: 0.492299, loss: 0.227842, avg_reader_cost: 0.00083 s, avg_batch_cost: 0.04989 s, avg_samples: 32.0, ips: 641.45901 samples/s, eta: 0:00:46, max_mem_reserved: 481 MB, max_mem_allocated: 456 MB
[2026/07/06 12:24:56] ppocr INFO: epoch: [7/10], global_step: 1520, lr: 0.000500, acc: 0.218750, norm_edit_dis: 0.490064, loss: 0.288918, avg_reader_cost: 0.00081 s, avg_batch_cost: 0.05232 s, avg_samples: 32.0, ips: 611.61379 samples/s, eta: 0:00:46, max_mem_reserved: 481 MB, max_mem_allocated: 456 MB
[2026/07/06 12:24:57] ppocr INFO: epoch: [7/10], global_step: 1530, lr: 0.000500, acc: 0.187500, norm_edit_dis: 0.483531, loss: 0.316702, avg_reader_cost: 0.00082 s, avg_batch_cost: 0.05080 s, avg_samples: 32.0, ips: 629.91074 samples/s, eta: 0:00:45, max_mem_reserved: 481 MB, max_mem_allocated: 456 MB
[2026/07/06 12:24:57] ppocr INFO: epoch: [7/10], global_step: 1540, lr: 0.000500, acc: 0.187500, norm_edit_dis: 0.490792, loss: 0.425004, avg_reader_cost: 0.00083 s, avg_batch_cost: 0.05038 s, avg_samples: 32.0, ips: 635.22149 samples/s, eta: 0:00:45, max_mem_reserved: 481 MB, max_mem_allocated: 456 MB
[2026/07/06 12:24:58] ppocr INFO: epoch: [7/10], global_step: 1550, lr: 0.000500, acc: 0.218750, norm_edit_dis: 0.502778, loss: 0.341345, avg_reader_cost: 0.00082 s, avg_batch_cost: 0.05001 s, avg_samples: 32.0, ips: 639.88222 samples/s, eta: 0:00:44, max_mem_reserved: 481 MB, max_mem_allocated: 456 MB
[2026/07/06 12:24:58] ppocr INFO: epoch: [7/10], global_step: 1560, lr: 0.000500, acc: 0.218750, norm_edit_dis: 0.497061, loss: 0.215909, avg_reader_cost: 0.00082 s, avg_batch_cost: 0.04989 s, avg_samples: 32.0, ips: 641.41302 samples/s, eta: 0:00:44, max_mem_reserved: 481 MB, max_mem_allocated: 456 MB
[2026/07/06 12:24:59] ppocr INFO: epoch: [7/10], global_step: 1570, lr: 0.000500, acc: 0.250000, norm_edit_dis: 0.505834, loss: 0.206440, avg_reader_cost: 0.00083 s, avg_batch_cost: 0.05066 s, avg_samples: 32.0, ips: 631.70024 samples/s, eta: 0:00:43, max_mem_reserved: 481 MB, max_mem_allocated: 456 MB
[2026/07/06 12:24:59] ppocr INFO: epoch: [7/10], global_step: 1580, lr: 0.000500, acc: 0.218750, norm_edit_dis: 0.483714, loss: 0.168822, avg_reader_cost: 0.00083 s, avg_batch_cost: 0.05011 s, avg_samples: 32.0, ips: 638.54731 samples/s, eta: 0:00:42, max_mem_reserved: 481 MB, max_mem_allocated: 456 MB
[2026/07/06 12:25:00] ppocr INFO: epoch: [7/10], global_step: 1590, lr: 0.000500, acc: 0.218750, norm_edit_dis: 0.471427, loss: 0.168792, avg_reader_cost: 0.00084 s, avg_batch_cost: 0.04999 s, avg_samples: 32.0, ips: 640.10042 samples/s, eta: 0:00:42, max_mem_reserved: 481 MB, max_mem_allocated: 456 MB
[2026/07/06 12:25:00] ppocr INFO: epoch: [7/10], global_step: 1600, lr: 0.000500, acc: 0.203125, norm_edit_dis: 0.476448, loss: 0.165027, avg_reader_cost: 0.00082 s, avg_batch_cost: 0.05002 s, avg_samples: 32.0, ips: 639.78401 samples/s, eta: 0:00:41, max_mem_reserved: 481 MB, max_mem_allocated: 456 MB
[2026/07/06 12:25:01] ppocr INFO: epoch: [7/10], global_step: 1610, lr: 0.000500, acc: 0.187500, norm_edit_dis: 0.479228, loss: 0.216884, avg_reader_cost: 0.00084 s, avg_batch_cost: 0.05090 s, avg_samples: 32.0, ips: 628.70865 samples/s, eta: 0:00:41, max_mem_reserved: 481 MB, max_mem_allocated: 456 MB
[2026/07/06 12:25:01] ppocr INFO: epoch: [7/10], global_step: 1620, lr: 0.000500, acc: 0.187500, norm_edit_dis: 0.479440, loss: 0.210128, avg_reader_cost: 0.00085 s, avg_batch_cost: 0.05387 s, avg_samples: 32.0, ips: 593.97127 samples/s, eta: 0:00:40, max_mem_reserved: 481 MB, max_mem_allocated: 456 MB
[2026/07/06 12:25:02] ppocr INFO: epoch: [7/10], global_step: 1630, lr: 0.000500, acc: 0.218750, norm_edit_dis: 0.487005, loss: 0.205492, avg_reader_cost: 0.00085 s, avg_batch_cost: 0.05039 s, avg_samples: 32.0, ips: 635.08564 samples/s, eta: 0:00:40, max_mem_reserved: 481 MB, max_mem_allocated: 456 MB
[2026/07/06 12:25:02] ppocr INFO: epoch: [7/10], global_step: 1640, lr: 0.000500, acc: 0.203125, norm_edit_dis: 0.495506, loss: 0.229993, avg_reader_cost: 0.00082 s, avg_batch_cost: 0.05155 s, avg_samples: 32.0, ips: 620.80068 samples/s, eta: 0:00:39, max_mem_reserved: 481 MB, max_mem_allocated: 456 MB
[2026/07/06 12:25:03] ppocr INFO: epoch: [7/10], global_step: 1650, lr: 0.000500, acc: 0.187500, norm_edit_dis: 0.499906, loss: 0.256617, avg_reader_cost: 0.00082 s, avg_batch_cost: 0.05078 s, avg_samples: 32.0, ips: 630.12042 samples/s, eta: 0:00:39, max_mem_reserved: 481 MB, max_mem_allocated: 456 MB
[2026/07/06 12:25:03] ppocr INFO: epoch: [7/10], global_step: 1660, lr: 0.000500, acc: 0.218750, norm_edit_dis: 0.501545, loss: 0.266525, avg_reader_cost: 0.00081 s, avg_batch_cost: 0.04852 s, avg_samples: 32.0, ips: 659.54657 samples/s, eta: 0:00:38, max_mem_reserved: 481 MB, max_mem_allocated: 456 MB
[2026/07/06 12:25:04] ppocr INFO: epoch: [7/10], global_step: 1670, lr: 0.000500, acc: 0.218750, norm_edit_dis: 0.515372, loss: 0.227471, avg_reader_cost: 0.00068 s, avg_batch_cost: 0.04561 s, avg_samples: 32.0, ips: 701.67060 samples/s, eta: 0:00:38, max_mem_reserved: 481 MB, max_mem_allocated: 456 MB
[2026/07/06 12:25:04] ppocr INFO: epoch: [7/10], global_step: 1673, lr: 0.000500, acc: 0.218750, norm_edit_dis: 0.518527, loss: 0.228453, avg_reader_cost: 0.00020 s, avg_batch_cost: 0.01355 s, avg_samples: 9.6, ips: 708.53470 samples/s, eta: 0:00:37, max_mem_reserved: 481 MB, max_mem_allocated: 456 MB
[2026/07/06 12:25:04] ppocr INFO: save model in /home/jupyter-st126316/Myanmar-OCR-Project/outputs/puffer_2080ti_150k_finetune_myocr/latest
[2026/07/06 12:25:05] ppocr INFO: epoch: [8/10], global_step: 1680, lr: 0.000500, acc: 0.234375, norm_edit_dis: 0.518527, loss: 0.277302, avg_reader_cost: 0.05493 s, avg_batch_cost: 0.10233 s, avg_samples: 22.4, ips: 218.90506 samples/s, eta: 0:00:37, max_mem_reserved: 481 MB, max_mem_allocated: 456 MB
[2026/07/06 12:25:06] ppocr INFO: epoch: [8/10], global_step: 1690, lr: 0.000500, acc: 0.250000, norm_edit_dis: 0.515890, loss: 0.237254, avg_reader_cost: 0.00106 s, avg_batch_cost: 0.05078 s, avg_samples: 32.0, ips: 630.12663 samples/s, eta: 0:00:37, max_mem_reserved: 481 MB, max_mem_allocated: 456 MB
[2026/07/06 12:25:06] ppocr INFO: epoch: [8/10], global_step: 1700, lr: 0.000500, acc: 0.250000, norm_edit_dis: 0.501125, loss: 0.171003, avg_reader_cost: 0.00082 s, avg_batch_cost: 0.05166 s, avg_samples: 32.0, ips: 619.47063 samples/s, eta: 0:00:36, max_mem_reserved: 481 MB, max_mem_allocated: 456 MB
[2026/07/06 12:25:07] ppocr INFO: epoch: [8/10], global_step: 1710, lr: 0.000500, acc: 0.234375, norm_edit_dis: 0.470929, loss: 0.154297, avg_reader_cost: 0.00082 s, avg_batch_cost: 0.04978 s, avg_samples: 32.0, ips: 642.88557 samples/s, eta: 0:00:36, max_mem_reserved: 481 MB, max_mem_allocated: 456 MB
[2026/07/06 12:25:07] ppocr INFO: epoch: [8/10], global_step: 1720, lr: 0.000500, acc: 0.234375, norm_edit_dis: 0.466327, loss: 0.158974, avg_reader_cost: 0.00081 s, avg_batch_cost: 0.04946 s, avg_samples: 32.0, ips: 646.98271 samples/s, eta: 0:00:35, max_mem_reserved: 481 MB, max_mem_allocated: 456 MB
[2026/07/06 12:25:08] ppocr INFO: epoch: [8/10], global_step: 1730, lr: 0.000500, acc: 0.218750, norm_edit_dis: 0.503393, loss: 0.224311, avg_reader_cost: 0.00080 s, avg_batch_cost: 0.04954 s, avg_samples: 32.0, ips: 645.99061 samples/s, eta: 0:00:35, max_mem_reserved: 481 MB, max_mem_allocated: 456 MB
[2026/07/06 12:25:08] ppocr INFO: epoch: [8/10], global_step: 1740, lr: 0.000500, acc: 0.203125, norm_edit_dis: 0.495144, loss: 0.139075, avg_reader_cost: 0.00081 s, avg_batch_cost: 0.04978 s, avg_samples: 32.0, ips: 642.84708 samples/s, eta: 0:00:34, max_mem_reserved: 481 MB, max_mem_allocated: 456 MB
[2026/07/06 12:25:09] ppocr INFO: epoch: [8/10], global_step: 1750, lr: 0.000500, acc: 0.203125, norm_edit_dis: 0.494963, loss: 0.132412, avg_reader_cost: 0.00081 s, avg_batch_cost: 0.04936 s, avg_samples: 32.0, ips: 648.30932 samples/s, eta: 0:00:33, max_mem_reserved: 481 MB, max_mem_allocated: 456 MB
[2026/07/06 12:25:09] ppocr INFO: epoch: [8/10], global_step: 1760, lr: 0.000500, acc: 0.218750, norm_edit_dis: 0.497459, loss: 0.226075, avg_reader_cost: 0.00079 s, avg_batch_cost: 0.04901 s, avg_samples: 32.0, ips: 652.88077 samples/s, eta: 0:00:33, max_mem_reserved: 481 MB, max_mem_allocated: 456 MB
[2026/07/06 12:25:10] ppocr INFO: epoch: [8/10], global_step: 1770, lr: 0.000500, acc: 0.218750, norm_edit_dis: 0.494909, loss: 0.265513, avg_reader_cost: 0.00084 s, avg_batch_cost: 0.04976 s, avg_samples: 32.0, ips: 643.07840 samples/s, eta: 0:00:32, max_mem_reserved: 481 MB, max_mem_allocated: 456 MB
[2026/07/06 12:25:10] ppocr INFO: epoch: [8/10], global_step: 1780, lr: 0.000500, acc: 0.218750, norm_edit_dis: 0.490764, loss: 0.259302, avg_reader_cost: 0.00082 s, avg_batch_cost: 0.04956 s, avg_samples: 32.0, ips: 645.66929 samples/s, eta: 0:00:32, max_mem_reserved: 481 MB, max_mem_allocated: 456 MB
[2026/07/06 12:25:11] ppocr INFO: epoch: [8/10], global_step: 1790, lr: 0.000500, acc: 0.218750, norm_edit_dis: 0.501125, loss: 0.214116, avg_reader_cost: 0.00083 s, avg_batch_cost: 0.04959 s, avg_samples: 32.0, ips: 645.23597 samples/s, eta: 0:00:31, max_mem_reserved: 481 MB, max_mem_allocated: 456 MB
[2026/07/06 12:25:11] ppocr INFO: epoch: [8/10], global_step: 1800, lr: 0.000500, acc: 0.250000, norm_edit_dis: 0.501125, loss: 0.174110, avg_reader_cost: 0.00079 s, avg_batch_cost: 0.04940 s, avg_samples: 32.0, ips: 647.73207 samples/s, eta: 0:00:31, max_mem_reserved: 481 MB, max_mem_allocated: 456 MB
[2026/07/06 12:25:12] ppocr INFO: epoch: [8/10], global_step: 1810, lr: 0.000500, acc: 0.250000, norm_edit_dis: 0.504774, loss: 0.156455, avg_reader_cost: 0.00084 s, avg_batch_cost: 0.05027 s, avg_samples: 32.0, ips: 636.59958 samples/s, eta: 0:00:30, max_mem_reserved: 481 MB, max_mem_allocated: 456 MB
[2026/07/06 12:25:12] ppocr INFO: epoch: [8/10], global_step: 1820, lr: 0.000500, acc: 0.234375, norm_edit_dis: 0.485473, loss: 0.124914, avg_reader_cost: 0.00083 s, avg_batch_cost: 0.04978 s, avg_samples: 32.0, ips: 642.77381 samples/s, eta: 0:00:30, max_mem_reserved: 481 MB, max_mem_allocated: 456 MB
[2026/07/06 12:25:13] ppocr INFO: epoch: [8/10], global_step: 1830, lr: 0.000500, acc: 0.218750, norm_edit_dis: 0.476644, loss: 0.116160, avg_reader_cost: 0.00082 s, avg_batch_cost: 0.05018 s, avg_samples: 32.0, ips: 637.69601 samples/s, eta: 0:00:29, max_mem_reserved: 481 MB, max_mem_allocated: 456 MB
[2026/07/06 12:25:13] ppocr INFO: epoch: [8/10], global_step: 1840, lr: 0.000500, acc: 0.187500, norm_edit_dis: 0.476644, loss: 0.112041, avg_reader_cost: 0.00082 s, avg_batch_cost: 0.04935 s, avg_samples: 32.0, ips: 648.37665 samples/s, eta: 0:00:29, max_mem_reserved: 481 MB, max_mem_allocated: 456 MB
[2026/07/06 12:25:14] ppocr INFO: epoch: [8/10], global_step: 1850, lr: 0.000500, acc: 0.187500, norm_edit_dis: 0.487330, loss: 0.154112, avg_reader_cost: 0.00084 s, avg_batch_cost: 0.04971 s, avg_samples: 32.0, ips: 643.76901 samples/s, eta: 0:00:28, max_mem_reserved: 481 MB, max_mem_allocated: 456 MB
[2026/07/06 12:25:14] ppocr INFO: epoch: [8/10], global_step: 1860, lr: 0.000500, acc: 0.218750, norm_edit_dis: 0.480219, loss: 0.159741, avg_reader_cost: 0.00080 s, avg_batch_cost: 0.04956 s, avg_samples: 32.0, ips: 645.71277 samples/s, eta: 0:00:28, max_mem_reserved: 481 MB, max_mem_allocated: 456 MB
[2026/07/06 12:25:14] ppocr INFO: epoch: [8/10], global_step: 1870, lr: 0.000500, acc: 0.218750, norm_edit_dis: 0.489923, loss: 0.132277, avg_reader_cost: 0.00083 s, avg_batch_cost: 0.04932 s, avg_samples: 32.0, ips: 648.88133 samples/s, eta: 0:00:27, max_mem_reserved: 481 MB, max_mem_allocated: 456 MB
[2026/07/06 12:25:15] ppocr INFO: epoch: [8/10], global_step: 1880, lr: 0.000500, acc: 0.218750, norm_edit_dis: 0.499560, loss: 0.134172, avg_reader_cost: 0.00086 s, avg_batch_cost: 0.04952 s, avg_samples: 32.0, ips: 646.19339 samples/s, eta: 0:00:26, max_mem_reserved: 481 MB, max_mem_allocated: 456 MB
[2026/07/06 12:25:15] ppocr INFO: epoch: [8/10], global_step: 1890, lr: 0.000500, acc: 0.218750, norm_edit_dis: 0.507595, loss: 0.165851, avg_reader_cost: 0.00084 s, avg_batch_cost: 0.04987 s, avg_samples: 32.0, ips: 641.66570 samples/s, eta: 0:00:26, max_mem_reserved: 481 MB, max_mem_allocated: 456 MB
[2026/07/06 12:25:16] ppocr INFO: epoch: [8/10], global_step: 1900, lr: 0.000500, acc: 0.234375, norm_edit_dis: 0.509104, loss: 0.157209, avg_reader_cost: 0.00084 s, avg_batch_cost: 0.04812 s, avg_samples: 32.0, ips: 664.96630 samples/s, eta: 0:00:25, max_mem_reserved: 481 MB, max_mem_allocated: 456 MB
[2026/07/06 12:25:16] ppocr INFO: epoch: [8/10], global_step: 1910, lr: 0.000500, acc: 0.250000, norm_edit_dis: 0.509581, loss: 0.124684, avg_reader_cost: 0.00074 s, avg_batch_cost: 0.04596 s, avg_samples: 32.0, ips: 696.32015 samples/s, eta: 0:00:25, max_mem_reserved: 481 MB, max_mem_allocated: 456 MB
[2026/07/06 12:25:17] ppocr INFO: epoch: [8/10], global_step: 1912, lr: 0.000500, acc: 0.250000, norm_edit_dis: 0.520171, loss: 0.124684, avg_reader_cost: 0.00014 s, avg_batch_cost: 0.00895 s, avg_samples: 6.4, ips: 715.08800 samples/s, eta: 0:00:25, max_mem_reserved: 481 MB, max_mem_allocated: 456 MB
[2026/07/06 12:25:17] ppocr INFO: save model in /home/jupyter-st126316/Myanmar-OCR-Project/outputs/puffer_2080ti_150k_finetune_myocr/latest
[2026/07/06 12:25:18] ppocr INFO: epoch: [9/10], global_step: 1920, lr: 0.000500, acc: 0.250000, norm_edit_dis: 0.525294, loss: 0.153313, avg_reader_cost: 0.05577 s, avg_batch_cost: 0.09883 s, avg_samples: 25.6, ips: 259.02376 samples/s, eta: 0:00:24, max_mem_reserved: 481 MB, max_mem_allocated: 456 MB
[2026/07/06 12:25:18] ppocr INFO: epoch: [9/10], global_step: 1930, lr: 0.000500, acc: 0.250000, norm_edit_dis: 0.521332, loss: 0.138096, avg_reader_cost: 0.00084 s, avg_batch_cost: 0.04910 s, avg_samples: 32.0, ips: 651.76986 samples/s, eta: 0:00:24, max_mem_reserved: 481 MB, max_mem_allocated: 456 MB
[2026/07/06 12:25:19] ppocr INFO: epoch: [9/10], global_step: 1940, lr: 0.000500, acc: 0.250000, norm_edit_dis: 0.503310, loss: 0.118978, avg_reader_cost: 0.00087 s, avg_batch_cost: 0.04983 s, avg_samples: 32.0, ips: 642.13601 samples/s, eta: 0:00:23, max_mem_reserved: 481 MB, max_mem_allocated: 456 MB
[2026/07/06 12:25:19] ppocr INFO: epoch: [9/10], global_step: 1950, lr: 0.000500, acc: 0.234375, norm_edit_dis: 0.479269, loss: 0.118978, avg_reader_cost: 0.00087 s, avg_batch_cost: 0.04927 s, avg_samples: 32.0, ips: 649.46534 samples/s, eta: 0:00:23, max_mem_reserved: 481 MB, max_mem_allocated: 456 MB
[2026/07/06 12:25:20] ppocr INFO: epoch: [9/10], global_step: 1960, lr: 0.000500, acc: 0.250000, norm_edit_dis: 0.476424, loss: 0.143788, avg_reader_cost: 0.00087 s, avg_batch_cost: 0.04946 s, avg_samples: 32.0, ips: 647.02076 samples/s, eta: 0:00:22, max_mem_reserved: 481 MB, max_mem_allocated: 456 MB
[2026/07/06 12:25:20] ppocr INFO: epoch: [9/10], global_step: 1970, lr: 0.000500, acc: 0.234375, norm_edit_dis: 0.500155, loss: 0.131665, avg_reader_cost: 0.00088 s, avg_batch_cost: 0.04981 s, avg_samples: 32.0, ips: 642.42123 samples/s, eta: 0:00:22, max_mem_reserved: 481 MB, max_mem_allocated: 456 MB
[2026/07/06 12:25:21] ppocr INFO: epoch: [9/10], global_step: 1980, lr: 0.000500, acc: 0.218750, norm_edit_dis: 0.493104, loss: 0.097036, avg_reader_cost: 0.00087 s, avg_batch_cost: 0.04972 s, avg_samples: 32.0, ips: 643.66806 samples/s, eta: 0:00:21, max_mem_reserved: 481 MB, max_mem_allocated: 456 MB
[2026/07/06 12:25:21] ppocr INFO: epoch: [9/10], global_step: 1990, lr: 0.000500, acc: 0.218750, norm_edit_dis: 0.494776, loss: 0.090064, avg_reader_cost: 0.00088 s, avg_batch_cost: 0.04981 s, avg_samples: 32.0, ips: 642.40678 samples/s, eta: 0:00:21, max_mem_reserved: 481 MB, max_mem_allocated: 456 MB
[2026/07/06 12:25:22] ppocr INFO: epoch: [9/10], global_step: 2000, lr: 0.000500, acc: 0.234375, norm_edit_dis: 0.499243, loss: 0.119751, avg_reader_cost: 0.00087 s, avg_batch_cost: 0.05048 s, avg_samples: 32.0, ips: 633.94576 samples/s, eta: 0:00:20, max_mem_reserved: 481 MB, max_mem_allocated: 456 MB
eval model::   0%|          | 0/85 [00:00<?, ?it/s]eval model::   1%|          | 1/85 [00:00<00:17,  4.86it/s]eval model::   7%|▋         | 6/85 [00:00<00:03, 22.89it/s]eval model::  14%|█▍        | 12/85 [00:00<00:02, 35.31it/s]eval model::  21%|██        | 18/85 [00:00<00:01, 42.71it/s]eval model::  28%|██▊       | 24/85 [00:00<00:01, 47.22it/s]eval model::  35%|███▌      | 30/85 [00:00<00:01, 46.04it/s]eval model::  42%|████▏     | 36/85 [00:00<00:00, 49.11it/s]eval model::  49%|████▉     | 42/85 [00:00<00:00, 51.04it/s]eval model::  56%|█████▋    | 48/85 [00:01<00:00, 52.56it/s]eval model::  64%|██████▎   | 54/85 [00:01<00:00, 53.44it/s]eval model::  71%|███████   | 60/85 [00:01<00:00, 54.14it/s]eval model::  78%|███████▊  | 66/85 [00:01<00:00, 54.52it/s]eval model::  85%|████████▍ | 72/85 [00:01<00:00, 55.02it/s]eval model::  92%|█████████▏| 78/85 [00:01<00:00, 55.37it/s]eval model:: 100%|██████████| 85/85 [00:01<00:00, 57.26it/s]eval model:: 100%|██████████| 85/85 [00:01<00:00, 46.87it/s]
[2026/07/06 12:25:24] ppocr INFO: cur metric, acc: 0.09826376025761448, norm_edit_dis: 0.47147285137514094, fps: 2007.5700277813926
[2026/07/06 12:25:24] ppocr INFO: save best model is to /home/jupyter-st126316/Myanmar-OCR-Project/outputs/puffer_2080ti_150k_finetune_myocr/best_accuracy
[2026/07/06 12:25:24] ppocr INFO: best metric, acc: 0.09826376025761448, is_float16: False, norm_edit_dis: 0.47147285137514094, fps: 2007.5700277813926, best_epoch: 9
[2026/07/06 12:25:24] ppocr INFO: epoch: [9/10], global_step: 2010, lr: 0.000500, acc: 0.250000, norm_edit_dis: 0.497428, loss: 0.148744, avg_reader_cost: 0.00098 s, avg_batch_cost: 0.05153 s, avg_samples: 32.0, ips: 620.95003 samples/s, eta: 0:00:20, max_mem_reserved: 481 MB, max_mem_allocated: 456 MB
[2026/07/06 12:25:25] ppocr INFO: epoch: [9/10], global_step: 2020, lr: 0.000500, acc: 0.250000, norm_edit_dis: 0.509535, loss: 0.151511, avg_reader_cost: 0.00095 s, avg_batch_cost: 0.05186 s, avg_samples: 32.0, ips: 617.03343 samples/s, eta: 0:00:19, max_mem_reserved: 481 MB, max_mem_allocated: 456 MB
[2026/07/06 12:25:25] ppocr INFO: epoch: [9/10], global_step: 2030, lr: 0.000500, acc: 0.250000, norm_edit_dis: 0.502171, loss: 0.111658, avg_reader_cost: 0.00095 s, avg_batch_cost: 0.05149 s, avg_samples: 32.0, ips: 621.51361 samples/s, eta: 0:00:19, max_mem_reserved: 481 MB, max_mem_allocated: 456 MB
[2026/07/06 12:25:26] ppocr INFO: epoch: [9/10], global_step: 2040, lr: 0.000500, acc: 0.250000, norm_edit_dis: 0.498351, loss: 0.103781, avg_reader_cost: 0.00095 s, avg_batch_cost: 0.05099 s, avg_samples: 32.0, ips: 627.58008 samples/s, eta: 0:00:18, max_mem_reserved: 481 MB, max_mem_allocated: 456 MB
[2026/07/06 12:25:26] ppocr INFO: epoch: [9/10], global_step: 2050, lr: 0.000500, acc: 0.250000, norm_edit_dis: 0.499681, loss: 0.114573, avg_reader_cost: 0.00095 s, avg_batch_cost: 0.05126 s, avg_samples: 32.0, ips: 624.25660 samples/s, eta: 0:00:17, max_mem_reserved: 481 MB, max_mem_allocated: 456 MB
[2026/07/06 12:25:27] ppocr INFO: epoch: [9/10], global_step: 2060, lr: 0.000500, acc: 0.250000, norm_edit_dis: 0.494788, loss: 0.085334, avg_reader_cost: 0.00094 s, avg_batch_cost: 0.05269 s, avg_samples: 32.0, ips: 607.31976 samples/s, eta: 0:00:17, max_mem_reserved: 481 MB, max_mem_allocated: 456 MB
[2026/07/06 12:25:27] ppocr INFO: epoch: [9/10], global_step: 2070, lr: 0.000500, acc: 0.218750, norm_edit_dis: 0.481532, loss: 0.076962, avg_reader_cost: 0.00095 s, avg_batch_cost: 0.05131 s, avg_samples: 32.0, ips: 623.70021 samples/s, eta: 0:00:16, max_mem_reserved: 481 MB, max_mem_allocated: 456 MB
[2026/07/06 12:25:28] ppocr INFO: epoch: [9/10], global_step: 2080, lr: 0.000500, acc: 0.218750, norm_edit_dis: 0.473668, loss: 0.069522, avg_reader_cost: 0.00094 s, avg_batch_cost: 0.05109 s, avg_samples: 32.0, ips: 626.33512 samples/s, eta: 0:00:16, max_mem_reserved: 481 MB, max_mem_allocated: 456 MB
[2026/07/06 12:25:28] ppocr INFO: epoch: [9/10], global_step: 2090, lr: 0.000500, acc: 0.203125, norm_edit_dis: 0.471322, loss: 0.103294, avg_reader_cost: 0.00094 s, avg_batch_cost: 0.05137 s, avg_samples: 32.0, ips: 622.92183 samples/s, eta: 0:00:15, max_mem_reserved: 481 MB, max_mem_allocated: 456 MB
[2026/07/06 12:25:29] ppocr INFO: epoch: [9/10], global_step: 2100, lr: 0.000500, acc: 0.218750, norm_edit_dis: 0.476290, loss: 0.123087, avg_reader_cost: 0.00096 s, avg_batch_cost: 0.05191 s, avg_samples: 32.0, ips: 616.46605 samples/s, eta: 0:00:15, max_mem_reserved: 481 MB, max_mem_allocated: 456 MB
[2026/07/06 12:25:29] ppocr INFO: epoch: [9/10], global_step: 2110, lr: 0.000500, acc: 0.250000, norm_edit_dis: 0.483422, loss: 0.091656, avg_reader_cost: 0.00094 s, avg_batch_cost: 0.05129 s, avg_samples: 32.0, ips: 623.86343 samples/s, eta: 0:00:14, max_mem_reserved: 481 MB, max_mem_allocated: 456 MB
[2026/07/06 12:25:30] ppocr INFO: epoch: [9/10], global_step: 2120, lr: 0.000500, acc: 0.218750, norm_edit_dis: 0.516536, loss: 0.091656, avg_reader_cost: 0.00093 s, avg_batch_cost: 0.05104 s, avg_samples: 32.0, ips: 626.97119 samples/s, eta: 0:00:14, max_mem_reserved: 481 MB, max_mem_allocated: 456 MB
[2026/07/06 12:25:30] ppocr INFO: epoch: [9/10], global_step: 2130, lr: 0.000500, acc: 0.218750, norm_edit_dis: 0.513857, loss: 0.115070, avg_reader_cost: 0.00094 s, avg_batch_cost: 0.05145 s, avg_samples: 32.0, ips: 622.01478 samples/s, eta: 0:00:13, max_mem_reserved: 481 MB, max_mem_allocated: 456 MB
[2026/07/06 12:25:31] ppocr INFO: epoch: [9/10], global_step: 2140, lr: 0.000500, acc: 0.250000, norm_edit_dis: 0.510330, loss: 0.100082, avg_reader_cost: 0.00086 s, avg_batch_cost: 0.04851 s, avg_samples: 32.0, ips: 659.64641 samples/s, eta: 0:00:13, max_mem_reserved: 481 MB, max_mem_allocated: 456 MB
[2026/07/06 12:25:31] ppocr INFO: epoch: [9/10], global_step: 2150, lr: 0.000500, acc: 0.250000, norm_edit_dis: 0.520464, loss: 0.105106, avg_reader_cost: 0.00073 s, avg_batch_cost: 0.04567 s, avg_samples: 32.0, ips: 700.69804 samples/s, eta: 0:00:12, max_mem_reserved: 481 MB, max_mem_allocated: 456 MB
[2026/07/06 12:25:31] ppocr INFO: epoch: [9/10], global_step: 2151, lr: 0.000500, acc: 0.250000, norm_edit_dis: 0.520464, loss: 0.105106, avg_reader_cost: 0.00007 s, avg_batch_cost: 0.00449 s, avg_samples: 3.2, ips: 712.09083 samples/s, eta: 0:00:12, max_mem_reserved: 481 MB, max_mem_allocated: 456 MB
[2026/07/06 12:25:32] ppocr INFO: save model in /home/jupyter-st126316/Myanmar-OCR-Project/outputs/puffer_2080ti_150k_finetune_myocr/latest
[2026/07/06 12:25:32] ppocr INFO: save model in /home/jupyter-st126316/Myanmar-OCR-Project/outputs/puffer_2080ti_150k_finetune_myocr/iter_epoch_9
[2026/07/06 12:25:33] ppocr INFO: epoch: [10/10], global_step: 2160, lr: 0.000500, acc: 0.281250, norm_edit_dis: 0.532218, loss: 0.135330, avg_reader_cost: 0.05722 s, avg_batch_cost: 0.10572 s, avg_samples: 28.8, ips: 272.42657 samples/s, eta: 0:00:12, max_mem_reserved: 481 MB, max_mem_allocated: 456 MB
[2026/07/06 12:25:33] ppocr INFO: epoch: [10/10], global_step: 2170, lr: 0.000500, acc: 0.281250, norm_edit_dis: 0.516195, loss: 0.105415, avg_reader_cost: 0.00095 s, avg_batch_cost: 0.05122 s, avg_samples: 32.0, ips: 624.70202 samples/s, eta: 0:00:11, max_mem_reserved: 481 MB, max_mem_allocated: 456 MB
[2026/07/06 12:25:34] ppocr INFO: epoch: [10/10], global_step: 2180, lr: 0.000500, acc: 0.250000, norm_edit_dis: 0.499627, loss: 0.093069, avg_reader_cost: 0.00096 s, avg_batch_cost: 0.05171 s, avg_samples: 32.0, ips: 618.79576 samples/s, eta: 0:00:11, max_mem_reserved: 481 MB, max_mem_allocated: 456 MB
[2026/07/06 12:25:34] ppocr INFO: epoch: [10/10], global_step: 2190, lr: 0.000500, acc: 0.250000, norm_edit_dis: 0.486739, loss: 0.080348, avg_reader_cost: 0.00094 s, avg_batch_cost: 0.05148 s, avg_samples: 32.0, ips: 621.64430 samples/s, eta: 0:00:10, max_mem_reserved: 481 MB, max_mem_allocated: 456 MB
[2026/07/06 12:25:35] ppocr INFO: epoch: [10/10], global_step: 2200, lr: 0.000500, acc: 0.250000, norm_edit_dis: 0.473955, loss: 0.100626, avg_reader_cost: 0.00092 s, avg_batch_cost: 0.05114 s, avg_samples: 32.0, ips: 625.72980 samples/s, eta: 0:00:10, max_mem_reserved: 481 MB, max_mem_allocated: 456 MB
[2026/07/06 12:25:35] ppocr INFO: epoch: [10/10], global_step: 2210, lr: 0.000500, acc: 0.250000, norm_edit_dis: 0.487578, loss: 0.100626, avg_reader_cost: 0.00094 s, avg_batch_cost: 0.05152 s, avg_samples: 32.0, ips: 621.08566 samples/s, eta: 0:00:09, max_mem_reserved: 481 MB, max_mem_allocated: 456 MB
[2026/07/06 12:25:36] ppocr INFO: epoch: [10/10], global_step: 2220, lr: 0.000500, acc: 0.218750, norm_edit_dis: 0.495820, loss: 0.063515, avg_reader_cost: 0.00095 s, avg_batch_cost: 0.05208 s, avg_samples: 32.0, ips: 614.39981 samples/s, eta: 0:00:09, max_mem_reserved: 481 MB, max_mem_allocated: 456 MB
[2026/07/06 12:25:36] ppocr INFO: epoch: [10/10], global_step: 2230, lr: 0.000500, acc: 0.218750, norm_edit_dis: 0.497074, loss: 0.079327, avg_reader_cost: 0.00095 s, avg_batch_cost: 0.05157 s, avg_samples: 32.0, ips: 620.53921 samples/s, eta: 0:00:08, max_mem_reserved: 481 MB, max_mem_allocated: 456 MB
[2026/07/06 12:25:37] ppocr INFO: epoch: [10/10], global_step: 2240, lr: 0.000500, acc: 0.218750, norm_edit_dis: 0.495576, loss: 0.094621, avg_reader_cost: 0.00093 s, avg_batch_cost: 0.05127 s, avg_samples: 32.0, ips: 624.16805 samples/s, eta: 0:00:07, max_mem_reserved: 481 MB, max_mem_allocated: 456 MB
[2026/07/06 12:25:38] ppocr INFO: epoch: [10/10], global_step: 2250, lr: 0.000500, acc: 0.250000, norm_edit_dis: 0.502303, loss: 0.097838, avg_reader_cost: 0.00095 s, avg_batch_cost: 0.05289 s, avg_samples: 32.0, ips: 605.02587 samples/s, eta: 0:00:07, max_mem_reserved: 481 MB, max_mem_allocated: 456 MB
[2026/07/06 12:25:38] ppocr INFO: epoch: [10/10], global_step: 2260, lr: 0.000500, acc: 0.250000, norm_edit_dis: 0.510172, loss: 0.099907, avg_reader_cost: 0.00098 s, avg_batch_cost: 0.05243 s, avg_samples: 32.0, ips: 610.38661 samples/s, eta: 0:00:06, max_mem_reserved: 481 MB, max_mem_allocated: 456 MB
[2026/07/06 12:25:39] ppocr INFO: epoch: [10/10], global_step: 2270, lr: 0.000500, acc: 0.250000, norm_edit_dis: 0.505111, loss: 0.085195, avg_reader_cost: 0.00093 s, avg_batch_cost: 0.05163 s, avg_samples: 32.0, ips: 619.77699 samples/s, eta: 0:00:06, max_mem_reserved: 481 MB, max_mem_allocated: 456 MB
[2026/07/06 12:25:39] ppocr INFO: epoch: [10/10], global_step: 2280, lr: 0.000500, acc: 0.265625, norm_edit_dis: 0.499844, loss: 0.074142, avg_reader_cost: 0.00093 s, avg_batch_cost: 0.05118 s, avg_samples: 32.0, ips: 625.27855 samples/s, eta: 0:00:05, max_mem_reserved: 481 MB, max_mem_allocated: 456 MB
[2026/07/06 12:25:40] ppocr INFO: epoch: [10/10], global_step: 2290, lr: 0.000500, acc: 0.250000, norm_edit_dis: 0.495023, loss: 0.074142, avg_reader_cost: 0.00095 s, avg_batch_cost: 0.05141 s, avg_samples: 32.0, ips: 622.41804 samples/s, eta: 0:00:05, max_mem_reserved: 481 MB, max_mem_allocated: 456 MB
[2026/07/06 12:25:40] ppocr INFO: epoch: [10/10], global_step: 2300, lr: 0.000500, acc: 0.250000, norm_edit_dis: 0.488755, loss: 0.056854, avg_reader_cost: 0.00096 s, avg_batch_cost: 0.05219 s, avg_samples: 32.0, ips: 613.17068 samples/s, eta: 0:00:04, max_mem_reserved: 481 MB, max_mem_allocated: 456 MB
[2026/07/06 12:25:41] ppocr INFO: epoch: [10/10], global_step: 2310, lr: 0.000500, acc: 0.218750, norm_edit_dis: 0.486646, loss: 0.047953, avg_reader_cost: 0.00095 s, avg_batch_cost: 0.05149 s, avg_samples: 32.0, ips: 621.53404 samples/s, eta: 0:00:04, max_mem_reserved: 481 MB, max_mem_allocated: 456 MB
[2026/07/06 12:25:41] ppocr INFO: epoch: [10/10], global_step: 2320, lr: 0.000500, acc: 0.218750, norm_edit_dis: 0.483691, loss: 0.055575, avg_reader_cost: 0.00093 s, avg_batch_cost: 0.05105 s, avg_samples: 32.0, ips: 626.86870 samples/s, eta: 0:00:03, max_mem_reserved: 481 MB, max_mem_allocated: 456 MB
[2026/07/06 12:25:42] ppocr INFO: epoch: [10/10], global_step: 2330, lr: 0.000500, acc: 0.203125, norm_edit_dis: 0.474351, loss: 0.075316, avg_reader_cost: 0.00095 s, avg_batch_cost: 0.05158 s, avg_samples: 32.0, ips: 620.42734 samples/s, eta: 0:00:03, max_mem_reserved: 481 MB, max_mem_allocated: 456 MB
[2026/07/06 12:25:42] ppocr INFO: epoch: [10/10], global_step: 2340, lr: 0.000500, acc: 0.250000, norm_edit_dis: 0.481815, loss: 0.090764, avg_reader_cost: 0.00096 s, avg_batch_cost: 0.05235 s, avg_samples: 32.0, ips: 611.26588 samples/s, eta: 0:00:02, max_mem_reserved: 481 MB, max_mem_allocated: 456 MB
[2026/07/06 12:25:43] ppocr INFO: epoch: [10/10], global_step: 2350, lr: 0.000500, acc: 0.250000, norm_edit_dis: 0.494353, loss: 0.076383, avg_reader_cost: 0.00094 s, avg_batch_cost: 0.05168 s, avg_samples: 32.0, ips: 619.21170 samples/s, eta: 0:00:02, max_mem_reserved: 481 MB, max_mem_allocated: 456 MB
[2026/07/06 12:25:43] ppocr INFO: epoch: [10/10], global_step: 2360, lr: 0.000500, acc: 0.218750, norm_edit_dis: 0.505020, loss: 0.070840, avg_reader_cost: 0.00092 s, avg_batch_cost: 0.05242 s, avg_samples: 32.0, ips: 610.50377 samples/s, eta: 0:00:01, max_mem_reserved: 481 MB, max_mem_allocated: 456 MB
[2026/07/06 12:25:44] ppocr INFO: epoch: [10/10], global_step: 2370, lr: 0.000500, acc: 0.234375, norm_edit_dis: 0.516655, loss: 0.084194, avg_reader_cost: 0.00095 s, avg_batch_cost: 0.05177 s, avg_samples: 32.0, ips: 618.15595 samples/s, eta: 0:00:01, max_mem_reserved: 481 MB, max_mem_allocated: 456 MB
[2026/07/06 12:25:44] ppocr INFO: epoch: [10/10], global_step: 2380, lr: 0.000500, acc: 0.250000, norm_edit_dis: 0.517297, loss: 0.062224, avg_reader_cost: 0.00085 s, avg_batch_cost: 0.04881 s, avg_samples: 32.0, ips: 655.53637 samples/s, eta: 0:00:00, max_mem_reserved: 481 MB, max_mem_allocated: 456 MB
[2026/07/06 12:25:45] ppocr INFO: epoch: [10/10], global_step: 2390, lr: 0.000500, acc: 0.250000, norm_edit_dis: 0.524909, loss: 0.065695, avg_reader_cost: 0.00072 s, avg_batch_cost: 0.04567 s, avg_samples: 32.0, ips: 700.69621 samples/s, eta: 0:00:00, max_mem_reserved: 481 MB, max_mem_allocated: 456 MB
[2026/07/06 12:25:45] ppocr INFO: save model in /home/jupyter-st126316/Myanmar-OCR-Project/outputs/puffer_2080ti_150k_finetune_myocr/latest
[2026/07/06 12:25:45] ppocr INFO: best metric, acc: 0.09826376025761448, is_float16: False, norm_edit_dis: 0.47147285137514094, fps: 2007.5700277813926, best_epoch: 9
